Archive member included because of file (symbol)

c:\Users\woodc\AppData\Roaming\Code\User\globalStorage\vexrobotics.vexcode\sdk\cpp\V5\V5_20220726_10_00_00/vexv5\libv5rt.a(v5_startup.c.obj)
                              (vexStartup)
c:\Users\woodc\AppData\Roaming\Code\User\globalStorage\vexrobotics.vexcode\sdk\cpp\V5\V5_20220726_10_00_00/vexv5\libv5rt.a(v5_util.c.obj)
                              c:\Users\woodc\AppData\Roaming\Code\User\globalStorage\vexrobotics.vexcode\sdk\cpp\V5\V5_20220726_10_00_00/vexv5\libv5rt.a(v5_startup.c.obj) (vexStdlibVersionLinked)
c:\Users\woodc\AppData\Roaming\Code\User\globalStorage\vexrobotics.vexcode\sdk\cpp\V5\V5_20220726_10_00_00/vexv5\libv5rt.a(v5_apijump.c.obj)
                              c:\Users\woodc\AppData\Roaming\Code\User\globalStorage\vexrobotics.vexcode\sdk\cpp\V5\V5_20220726_10_00_00/vexv5\libv5rt.a(v5_startup.c.obj) (vexPrivateApiEnable)
c:\Users\woodc\AppData\Roaming\Code\User\globalStorage\vexrobotics.vexcode\sdk\cpp\V5\V5_20220726_10_00_00/vexv5\libv5rt.a(v5_apiversions.c.obj)
                              c:\Users\woodc\AppData\Roaming\Code\User\globalStorage\vexrobotics.vexcode\sdk\cpp\V5\V5_20220726_10_00_00/vexv5\libv5rt.a(v5_apijump.c.obj) (vexSystemVersion)
c:\Users\woodc\AppData\Roaming\Code\User\globalStorage\vexrobotics.vexcode\sdk\cpp\V5\V5_20220726_10_00_00/vexv5\libv5rt.a(vex_global.cpp.obj)
                              build/include/BrainOS/VariableConfig.o (vex::purple)
c:\Users\woodc\AppData\Roaming\Code\User\globalStorage\vexrobotics.vexcode\sdk\cpp\V5\V5_20220726_10_00_00/vexv5\libv5rt.a(vex_device.cpp.obj)
                              build/include/robot-config.o (vex::device::index())
c:\Users\woodc\AppData\Roaming\Code\User\globalStorage\vexrobotics.vexcode\sdk\cpp\V5\V5_20220726_10_00_00/vexv5\libv5rt.a(vex_motor.cpp.obj)
                              build/include/robot-config.o (vex::motor::~motor())
c:\Users\woodc\AppData\Roaming\Code\User\globalStorage\vexrobotics.vexcode\sdk\cpp\V5\V5_20220726_10_00_00/vexv5\libv5rt.a(vex_vision.cpp.obj)
                              build/include/Sensors/VisionOdom.o (vex::vision::takeSnapshot(vex::vision::signature&))
c:\Users\woodc\AppData\Roaming\Code\User\globalStorage\vexrobotics.vexcode\sdk\cpp\V5\V5_20220726_10_00_00/vexv5\libv5rt.a(vex_imu.cpp.obj)
                              build/include/robot-config.o (vex::inertial::~inertial())
c:\Users\woodc\AppData\Roaming\Code\User\globalStorage\vexrobotics.vexcode\sdk\cpp\V5\V5_20220726_10_00_00/vexv5\libv5rt.a(vex_rotation.cpp.obj)
                              build/include/Odometry/EPA_Tracker.o (vex::rotation::rotation(long, bool))
c:\Users\woodc\AppData\Roaming\Code\User\globalStorage\vexrobotics.vexcode\sdk\cpp\V5\V5_20220726_10_00_00/vexv5\libv5rt.a(vex_optical.cpp.obj)
                              build/include/robot-config.o (vex::optical::~optical())
c:\Users\woodc\AppData\Roaming\Code\User\globalStorage\vexrobotics.vexcode\sdk\cpp\V5\V5_20220726_10_00_00/vexv5\libv5rt.a(vex_gps.cpp.obj)
                              build/include/robot-config.o (vex::gps::~gps())
c:\Users\woodc\AppData\Roaming\Code\User\globalStorage\vexrobotics.vexcode\sdk\cpp\V5\V5_20220726_10_00_00/vexv5\libv5rt.a(vex_controller.cpp.obj)
                              build/include/robot-config.o (vex::controller::~controller())
c:\Users\woodc\AppData\Roaming\Code\User\globalStorage\vexrobotics.vexcode\sdk\cpp\V5\V5_20220726_10_00_00/vexv5\libv5rt.a(vex_task.cpp.obj)
                              build/src/main.o (vex::task::sleep(unsigned long))
c:\Users\woodc\AppData\Roaming\Code\User\globalStorage\vexrobotics.vexcode\sdk\cpp\V5\V5_20220726_10_00_00/vexv5\libv5rt.a(vex_thread.cpp.obj)
                              build/src/main.o (vex::thread::thread(int (*)()))
c:\Users\woodc\AppData\Roaming\Code\User\globalStorage\vexrobotics.vexcode\sdk\cpp\V5\V5_20220726_10_00_00/vexv5\libv5rt.a(vex_event.cpp.obj)
                              c:\Users\woodc\AppData\Roaming\Code\User\globalStorage\vexrobotics.vexcode\sdk\cpp\V5\V5_20220726_10_00_00/vexv5\libv5rt.a(vex_imu.cpp.obj) (vex::event::init(unsigned long, unsigned long, void (*)()))
c:\Users\woodc\AppData\Roaming\Code\User\globalStorage\vexrobotics.vexcode\sdk\cpp\V5\V5_20220726_10_00_00/vexv5\libv5rt.a(vex_mevent.cpp.obj)
                              c:\Users\woodc\AppData\Roaming\Code\User\globalStorage\vexrobotics.vexcode\sdk\cpp\V5\V5_20220726_10_00_00/vexv5\libv5rt.a(vex_controller.cpp.obj) (vex::mevent::mevent(unsigned long, unsigned long))
c:\Users\woodc\AppData\Roaming\Code\User\globalStorage\vexrobotics.vexcode\sdk\cpp\V5\V5_20220726_10_00_00/vexv5\libv5rt.a(vex_brain.cpp.obj)
                              build/src/main.o (vex::brain::lcd::setCursor(long, long))
c:\Users\woodc\AppData\Roaming\Code\User\globalStorage\vexrobotics.vexcode\sdk\cpp\V5\V5_20220726_10_00_00/vexv5\libv5rt.a(vex_competition.cpp.obj)
                              build/src/main.o (vex::competition::competition())
[...]
Memory Configuration

Name             Origin             Length             Attributes
ps7_ddr_0_S_AXI_BASEADDR 0x03800000         0x04800000
*default*        0x00000000         0xffffffff

Linker script and memory map

                0x00a00000                _HEAP_SIZE = 0xa00000
                0x00002000                _STACK_SIZE = DEFINED (_STACK_SIZE)?_STACK_SIZE:0x2000
                0x00100000                _HEAP_SIZE = DEFINED (_HEAP_SIZE)?_HEAP_SIZE:0x100000
                0x00000400                _ABORT_STACK_SIZE = DEFINED (_ABORT_STACK_SIZE)?_ABORT_STACK_SIZE:0x400
                0x00000800                _SUPERVISOR_STACK_SIZE = DEFINED (_SUPERVISOR_STACK_SIZE)?_SUPERVISOR_STACK_SIZE:0x800
                0x00000400                _IRQ_STACK_SIZE = DEFINED (_IRQ_STACK_SIZE)?_IRQ_STACK_SIZE:0x400
                0x00000400                _FIQ_STACK_SIZE = DEFINED (_FIQ_STACK_SIZE)?_FIQ_STACK_SIZE:0x400
                0x00000400                _UNDEF_STACK_SIZE = DEFINED (_UNDEF_STACK_SIZE)?_UNDEF_STACK_SIZE:0x400

.text           0x03800000    0x5b8a8
 *(.vectors)
 *(.boot_data)
 .boot_data     0x03800000       0x20 c:\Users\woodc\AppData\Roaming\Code\User\globalStorage\vexrobotics.vexcode\sdk\cpp\V5\V5_20220726_10_00_00/vexv5\libv5rt.a(v5_startup.c.obj)
                0x03800000                vexCodeSig
                0x00000020                . = 0x20
 *(.boot)
 .boot          0x03800020       0xbc c:\Users\woodc\AppData\Roaming\Code\User\globalStorage\vexrobotics.vexcode\sdk\cpp\V5\V5_20220726_10_00_00/vexv5\libv5rt.a(v5_startup.c.obj)
                0x03800020                vexStartup
                0x03800100                . = ALIGN (0x40)
 *fill*         0x038000dc       0x24 
 *(.freertos_vectors)
 *(.text)
 .text          0x03800100       0x3a c:\Users\woodc\AppData\Roaming\Code\User\globalStorage\vexrobotics.vexcode\sdk\cpp\V5\V5_20220726_10_00_00/vexv5/gcc/libs\libc.a(lib_a-aeabi_memmove-soft.o)
                0x03800100                __aeabi_memmove8
                0x03800100                __aeabi_memmove4
                0x03800100                __aeabi_memmove
 .text          0x0380013a       0x9a c:\Users\woodc\AppData\Roaming\Code\User\globalStorage\vexrobotics.vexcode\sdk\cpp\V5\V5_20220726_10_00_00/vexv5/gcc/libs\libc.a(lib_a-aeabi_memset-soft.o)
                0x0380013a                __aeabi_memset8
                0x0380013a                __aeabi_memset
                0x0380013a                __aeabi_memset4
 .text          0x038001d4      0x164 build-lvgl\liblvgl.a(lv_init.o)
                0x038001d4                lvgltask
                0x038001f4                v5_lv_init
 .text          0x03800338     0x24b0 build-lvgl\liblvgl.a(lv_obj_pos.o)
                0x03800338                lv_obj_set_pos
                0x0380035c                lv_obj_set_x
                0x038003b4                lv_obj_set_y
                0x0380040c                lv_obj_refr_size
                0x03800db0                lv_obj_get_width
                0x03800dc8                lv_obj_get_content_width
                0x03800e2c                lv_clamp_width
                0x03800ec8                lv_obj_get_height
                0x03800ee0                lv_obj_get_content_height
                0x03800f44                lv_clamp_height
                0x03800fe0                lv_obj_invalidate
                0x03801068                lv_obj_get_coords
                0x0380108c                lv_obj_get_content_coords
                0x03801150                lv_obj_set_size
                0x03801174                lv_obj_set_width
                0x038011cc                lv_obj_set_height
                0x03801224                lv_obj_set_content_width
                0x03801280                lv_obj_set_content_height
                0x038012dc                lv_obj_set_layout
                0x03801300                lv_obj_mark_layout_as_dirty
                0x0380133c                lv_obj_is_layout_positioned
                0x03801390                lv_obj_update_layout
                0x038014ac                lv_layout_register
                0x03801518                lv_obj_set_align
                0x03801520                lv_obj_align
                0x03801558                lv_obj_align_to
                0x03801c84                lv_obj_get_x
                0x03801ce8                lv_obj_get_x2
                0x03801d14                lv_obj_get_y
                0x03801d78                lv_obj_get_y2
                0x03801da4                lv_obj_get_x_aligned
                0x03801dc0                lv_obj_get_y_aligned
                0x03801ddc                lv_obj_get_self_width
                0x03801e0c                lv_obj_get_self_height
                0x03801e38                lv_obj_refresh_self_size
                0x03801e90                lv_obj_refr_pos
                0x038021e4                lv_obj_move_to
                0x038023c0                lv_obj_move_children_by
                0x03802470                lv_obj_invalidate_area
                0x038024cc                lv_obj_area_is_visible
                0x03802620                lv_obj_is_visible
                0x03802678                lv_obj_set_ext_click_area
                0x03802698                lv_obj_get_click_area
                0x038026f4                lv_obj_hit_test
 .text          0x038027e8      0x520 build-lvgl\liblvgl.a(lv_obj_style_gen.o)
                0x038027e8                lv_obj_set_style_width
                0x038027f8                lv_obj_set_style_min_width
                0x03802808                lv_obj_set_style_max_width
                0x03802818                lv_obj_set_style_height
                0x03802828                lv_obj_set_style_min_height
                0x03802838                lv_obj_set_style_max_height
                0x03802848                lv_obj_set_style_x
                0x03802858                lv_obj_set_style_y
                0x03802868                lv_obj_set_style_align
                0x03802878                lv_obj_set_style_transform_width
                0x03802888                lv_obj_set_style_transform_height
                0x03802898                lv_obj_set_style_translate_x
                0x038028a8                lv_obj_set_style_translate_y
                0x038028b8                lv_obj_set_style_transform_zoom
                0x038028c8                lv_obj_set_style_transform_angle
                0x038028d8                lv_obj_set_style_pad_top
                0x038028e8                lv_obj_set_style_pad_bottom
                0x038028f8                lv_obj_set_style_pad_left
                0x03802908                lv_obj_set_style_pad_right
                0x03802918                lv_obj_set_style_pad_row
                0x03802928                lv_obj_set_style_pad_column
                0x03802938                lv_obj_set_style_bg_color
                0x03802948                lv_obj_set_style_bg_opa
                0x03802958                lv_obj_set_style_bg_grad_color
                0x03802968                lv_obj_set_style_bg_grad_dir
                0x03802978                lv_obj_set_style_bg_main_stop
                0x03802988                lv_obj_set_style_bg_grad_stop
                0x03802998                lv_obj_set_style_bg_grad
                0x038029a8                lv_obj_set_style_bg_dither_mode
                0x038029b8                lv_obj_set_style_bg_img_src
                0x038029c8                lv_obj_set_style_bg_img_opa
                0x038029d8                lv_obj_set_style_bg_img_recolor
                0x038029e8                lv_obj_set_style_bg_img_recolor_opa
                0x038029f8                lv_obj_set_style_bg_img_tiled
                0x03802a08                lv_obj_set_style_border_color
                0x03802a18                lv_obj_set_style_border_opa
                0x03802a28                lv_obj_set_style_border_width
                0x03802a38                lv_obj_set_style_border_side
                0x03802a48                lv_obj_set_style_border_post
                0x03802a58                lv_obj_set_style_outline_width
                0x03802a68                lv_obj_set_style_outline_color
                0x03802a78                lv_obj_set_style_outline_opa
                0x03802a88                lv_obj_set_style_outline_pad
                0x03802a98                lv_obj_set_style_shadow_width
                0x03802aa8                lv_obj_set_style_shadow_ofs_x
                0x03802ab8                lv_obj_set_style_shadow_ofs_y
                0x03802ac8                lv_obj_set_style_shadow_spread
                0x03802ad8                lv_obj_set_style_shadow_color
                0x03802ae8                lv_obj_set_style_shadow_opa
                0x03802af8                lv_obj_set_style_img_opa
                0x03802b08                lv_obj_set_style_img_recolor
                0x03802b18                lv_obj_set_style_img_recolor_opa
                0x03802b28                lv_obj_set_style_line_width
                0x03802b38                lv_obj_set_style_line_dash_width
                0x03802b48                lv_obj_set_style_line_dash_gap
                0x03802b58                lv_obj_set_style_line_rounded
                0x03802b68                lv_obj_set_style_line_color
                0x03802b78                lv_obj_set_style_line_opa
                0x03802b88                lv_obj_set_style_arc_width
                0x03802b98                lv_obj_set_style_arc_rounded
                0x03802ba8                lv_obj_set_style_arc_color
                0x03802bb8                lv_obj_set_style_arc_opa
                0x03802bc8                lv_obj_set_style_arc_img_src
                0x03802bd8                lv_obj_set_style_text_color
                0x03802be8                lv_obj_set_style_text_opa
                0x03802bf8                lv_obj_set_style_text_font
                0x03802c08                lv_obj_set_style_text_letter_space
                0x03802c18                lv_obj_set_style_text_line_space
                0x03802c28                lv_obj_set_style_text_decor
                0x03802c38                lv_obj_set_style_text_align
                0x03802c48                lv_obj_set_style_radius
                0x03802c58                lv_obj_set_style_clip_corner
                0x03802c68                lv_obj_set_style_opa
                0x03802c78                lv_obj_set_style_color_filter_dsc
                0x03802c88                lv_obj_set_style_color_filter_opa
                0x03802c98                lv_obj_set_style_anim
                0x03802ca8                lv_obj_set_style_anim_time
                0x03802cb8                lv_obj_set_style_anim_speed
                0x03802cc8                lv_obj_set_style_transition
                0x03802cd8                lv_obj_set_style_blend_mode
                0x03802ce8                lv_obj_set_style_layout
                0x03802cf8                lv_obj_set_style_base_dir
 .text          0x03802d08     0x1530 build-lvgl\liblvgl.a(lv_obj.o)
                0x03803a8c                lv_is_initialized
                0x03803a9c                lv_init
                0x03803b0c                lv_deinit
                0x03803b38                lv_obj_create
                0x03803b60                lv_obj_add_flag
                0x03803c18                lv_obj_clear_flag
                0x03803cd4                lv_obj_add_state
                0x0380402c                lv_obj_clear_state
                0x03804040                lv_obj_has_flag
                0x03804058                lv_obj_has_flag_any
                0x03804068                lv_obj_get_state
                0x03804070                lv_obj_has_state
                0x03804080                lv_obj_get_group
                0x03804094                lv_obj_allocate_spec_attr
                0x03804104                lv_obj_check_type
                0x03804120                lv_obj_has_class
                0x03804148                lv_obj_get_class
                0x03804150                lv_obj_is_valid
 .text          0x03804238     0x1dbc build-lvgl\liblvgl.a(lv_obj_scroll.o)
                0x03804238                lv_obj_set_scrollbar_mode
                0x0380427c                lv_obj_set_scroll_dir
                0x038042b4                lv_obj_set_scroll_snap_x
                0x038042e4                lv_obj_set_scroll_snap_y
                0x03804314                lv_obj_get_scrollbar_mode
                0x0380432c                lv_obj_get_scroll_dir
                0x03804344                lv_obj_get_scroll_snap_x
                0x0380435c                lv_obj_get_scroll_snap_y
                0x03804374                lv_obj_get_scroll_x
                0x03804390                lv_obj_get_scroll_y
                0x038043ac                lv_obj_get_scroll_top
                0x038043c8                lv_obj_get_scroll_bottom
                0x038044ec                lv_obj_get_scroll_left
                0x03804658                lv_obj_get_scroll_right
                0x038047a8                lv_obj_get_scroll_end
                0x03804890                lv_obj_scroll_by_bounded
                0x03804a34                lv_obj_scroll_by
                0x03804ca4                lv_obj_scroll_to
                0x03804cd4                lv_obj_scroll_to_x
                0x03804d24                lv_obj_scroll_to_y
                0x03804d74                lv_obj_scroll_to_view
                0x0380528c                lv_obj_scroll_to_view_recursive
                0x038052f8                lv_obj_is_scrolling
                0x03805350                lv_obj_update_snap
                0x03805390                lv_obj_get_scrollbar_area
                0x03805e64                lv_obj_scrollbar_invalidate
                0x03805ee4                lv_obj_readjust_scroll
 .text          0x03805ff4      0x93c build-lvgl\liblvgl.a(lv_obj_tree.o)
                0x03805ff4                lv_obj_del
                0x03806094                lv_obj_get_parent
                0x038060a4                lv_obj_get_disp
                0x038062f8                lv_obj_clean
                0x0380635c                lv_obj_get_child
                0x03806390                lv_obj_del_delayed
                0x038063e8                lv_obj_del_anim_ready_cb
                0x038063f0                lv_obj_del_async
                0x03806404                lv_obj_set_parent
                0x0380654c                lv_obj_get_index
                0x038065d4                lv_obj_get_child_cnt
                0x038065e8                lv_obj_move_to_index
                0x0380671c                lv_obj_swap
                0x038067fc                lv_obj_get_screen
                0x03806818                lv_obj_tree_walk
 .text          0x03806930     0x175c build-lvgl\liblvgl.a(lv_obj_style.o)
                0x03806930                _lv_obj_style_init
                0x03806940                lv_obj_add_style
                0x03806b58                lv_obj_refresh_style
                0x03806cc0                lv_obj_remove_style
                0x03806ea0                lv_obj_style_get_selector_state
                0x03806ea8                lv_obj_style_get_selector_part
                0x03806eb0                lv_obj_report_style_change
                0x03807028                lv_obj_enable_style_refresh
                0x03807038                lv_obj_get_style_prop
                0x03807264                lv_obj_set_local_style_prop
                0x038073c0                lv_obj_get_local_style_prop
                0x0380741c                lv_obj_remove_local_style_prop
                0x0380748c                _lv_obj_style_create_transition
                0x03807b38                _lv_obj_style_apply_color_filter
                0x03807ba8                _lv_obj_style_state_compare
                0x03807f50                lv_obj_fade_in
                0x03807fdc                lv_obj_fade_out
                0x03808050                lv_obj_calculate_style_text_align
 .text          0x0380808c      0x9ec build-lvgl\liblvgl.a(lv_group.o)
                0x0380808c                _lv_group_init
                0x0380809c                lv_group_create
                0x038080f0                lv_group_del
                0x0380826c                lv_group_set_default
                0x0380827c                lv_group_get_default
                0x0380828c                lv_group_add_obj
                0x038083bc                lv_group_swap_obj
                0x0380846c                lv_group_focus_obj
                0x0380857c                lv_group_remove_obj
                0x03808698                lv_group_remove_all_objs
                0x03808728                lv_group_set_editing
                0x03808790                lv_group_focus_next
                0x03808974                lv_group_focus_prev
                0x03808988                lv_group_focus_freeze
                0x038089a0                lv_group_send_data
                0x038089ec                lv_group_get_focused
                0x03808a08                lv_group_set_focus_cb
                0x03808a10                lv_group_set_refocus_policy
                0x03808a28                lv_group_set_wrap
                0x03808a3c                lv_group_get_focus_cb
                0x03808a4c                lv_group_get_editing
                0x03808a60                lv_group_get_wrap
                0x03808a74                lv_group_get_obj_count
 .text          0x03808a78      0x924 build-lvgl\liblvgl.a(lv_event.o)
                0x03808a78                lv_event_send
                0x03808d9c                lv_obj_event_base
                0x03808dfc                lv_event_get_target
                0x03808e04                lv_event_get_current_target
                0x03808e0c                lv_event_get_code
                0x03808e18                lv_event_get_param
                0x03808e20                lv_event_get_user_data
                0x03808e28                lv_event_stop_bubbling
                0x03808e38                lv_event_stop_processing
                0x03808e48                lv_event_register_id
                0x03808e60                _lv_event_mark_deleted
                0x03808e9c                lv_obj_add_event_cb
                0x03808f28                lv_obj_remove_event_cb
                0x03809014                lv_obj_remove_event_cb_with_user_data
                0x0380911c                lv_obj_remove_event_dsc
                0x0380920c                lv_obj_get_event_user_data
                0x0380925c                lv_event_get_indev
                0x0380927c                lv_event_get_draw_part_dsc
                0x03809298                lv_event_get_draw_ctx
                0x038092b8                lv_event_get_old_size
                0x038092d0                lv_event_get_key
                0x038092f4                lv_event_get_scroll_anim
                0x0380930c                lv_event_set_ext_draw_size
                0x03809330                lv_event_get_self_size_info
                0x03809348                lv_event_get_hit_test_info
                0x03809360                lv_event_get_cover_area
                0x0380937c                lv_event_set_cover_res
 .text          0x0380939c     0x15dc build-lvgl\liblvgl.a(lv_refr.o)
                0x0380939c                _lv_refr_init
                0x038093a0                lv_refr_now
                0x03809404                _lv_disp_refr_timer
                0x03809afc                lv_refr_obj
                0x03809c94                _lv_inv_area
                0x03809e34                _lv_refr_get_disp_refreshing
                0x03809e44                _lv_refr_set_disp_refreshing
 .text          0x0380a978      0xbe8 build-lvgl\liblvgl.a(lv_obj_draw.o)
                0x0380a978                lv_obj_init_draw_rect_dsc
                0x0380ae64                lv_obj_init_draw_label_dsc
                0x0380af88                lv_obj_init_draw_img_dsc
                0x0380b0a8                lv_obj_init_draw_line_dsc
                0x0380b1dc                lv_obj_init_draw_arc_dsc
                0x0380b2ec                lv_obj_calculate_ext_draw_size
                0x0380b46c                lv_obj_draw_dsc_init
                0x0380b48c                lv_obj_draw_part_check_type
                0x0380b4b4                lv_obj_refresh_ext_draw_size
                0x0380b548                _lv_obj_get_ext_draw_size
 .text          0x0380b560     0x157c build-lvgl\liblvgl.a(lv_indev.o)
                0x0380b560                lv_indev_read_timer_cb
                0x0380c02c                lv_indev_enable
                0x0380c088                lv_indev_get_act
                0x0380c098                lv_indev_get_type
                0x0380c0ac                lv_indev_reset
                0x0380c1e0                lv_indev_reset_long_press
                0x0380c20c                lv_indev_set_cursor
                0x0380c270                lv_indev_set_group
                0x0380c288                lv_indev_set_button_points
                0x0380c29c                lv_indev_get_point
                0x0380c2e8                lv_indev_get_gesture_dir
                0x0380c2f4                lv_indev_get_key
                0x0380c310                lv_indev_get_scroll_dir
                0x0380c33c                lv_indev_get_scroll_obj
                0x0380c364                lv_indev_get_vect
                0x0380c39c                lv_indev_wait_release
                0x0380c3b0                lv_indev_get_obj_act
                0x0380c3c0                lv_indev_get_read_timer
                0x0380c3d0                lv_indev_search_obj
 .text          0x0380cadc      0x340 build-lvgl\liblvgl.a(lv_obj_class.o)
                0x0380cadc                lv_obj_class_create_obj
                0x0380cc64                lv_obj_class_init_obj
                0x0380cd74                lv_obj_is_group_def
                0x0380cda8                _lv_obj_destruct
                0x0380cde8                lv_obj_is_editable
 .text          0x0380ce1c      0x9ec build-lvgl\liblvgl.a(lv_disp.o)
                0x0380ce1c                lv_disp_get_scr_act
                0x0380ce48                lv_disp_get_scr_prev
                0x0380ce74                lv_disp_load_scr
                0x0380cf10                lv_disp_get_layer_top
                0x0380cf3c                lv_disp_get_layer_sys
                0x0380cf68                lv_disp_set_theme
                0x0380cff0                lv_disp_get_theme
                0x0380d010                lv_disp_set_bg_color
                0x0380d090                lv_disp_set_bg_image
                0x0380d110                lv_disp_set_bg_opa
                0x0380d190                lv_scr_load_anim
                0x0380d710                lv_disp_get_inactive_time
                0x0380d774                lv_disp_trig_activity
                0x0380d7a4                lv_disp_clean_dcache
                0x0380d7dc                _lv_disp_get_refr_timer
 .text          0x0380d808      0x510 build-lvgl\liblvgl.a(lv_draw_img.o)
                0x0380d808                lv_draw_img_dsc_init
                0x0380d844                lv_draw_img
                0x0380dc14                lv_img_cf_get_px_size
                0x0380dc80                lv_img_cf_is_chroma_keyed
                0x0380dc98                lv_img_cf_has_alpha
                0x0380dcb8                lv_img_src_get_type
                0x0380dcec                lv_draw_img_decoded
 .text          0x0380dd18     0x23b0 build-lvgl\liblvgl.a(lv_draw_mask.o)
                0x0380dd18                lv_draw_mask_add
                0x0380dd60                lv_draw_mask_apply
                0x0380ddf4                lv_draw_mask_apply_ids
                0x0380deb4                lv_draw_mask_remove_id
                0x0380dedc                lv_draw_mask_remove_custom
                0x0380df28                lv_draw_mask_free_param
                0x0380df90                _lv_draw_mask_cleanup
                0x0380dfd0                lv_draw_mask_get_cnt
                0x0380e000                lv_draw_mask_is_any
                0x0380e09c                lv_draw_mask_line_points_init
                0x0380e944                lv_draw_mask_line_angle_init
                0x0380e9ac                lv_draw_mask_angle_init
                0x0380ee84                lv_draw_mask_radius_init
                0x0380f8f8                lv_draw_mask_fade_init
                0x0380fafc                lv_draw_mask_map_init
                0x0380fc1c                lv_draw_mask_polygon_init
 .text          0x038100c8       0xa8 build-lvgl\liblvgl.a(lv_img_cache.o)
                0x038100c8                _lv_img_cache_open
                0x03810168                lv_img_cache_set_size
                0x0381016c                lv_img_cache_invalidate_src
 .text          0x03810170        0x4 build-lvgl\liblvgl.a(lv_draw.o)
                0x03810170                lv_draw_init
 .text          0x03810174       0xb8 build-lvgl\liblvgl.a(lv_draw_rect.o)
                0x03810174                lv_draw_rect_dsc_init
                0x038101e8                lv_draw_rect
 *fill*         0x0381022c        0x4 
 .text          0x03810230      0x90c build-lvgl\liblvgl.a(lv_draw_label.o)
                0x03810230                lv_draw_label_dsc_init
                0x03810290                lv_draw_label
                0x03810b34                lv_draw_letter
 .text          0x03810b3c      0xc34 build-lvgl\liblvgl.a(lv_img_decoder.o)
                0x03810b3c                _lv_img_decoder_init
                0x03810b94                lv_img_decoder_create
                0x03810bc8                lv_img_decoder_set_info_cb
                0x03810bd0                lv_img_decoder_built_in_info
                0x03810cf4                lv_img_decoder_set_open_cb
                0x03810cfc                lv_img_decoder_built_in_open
                0x03810fb4                lv_img_decoder_set_read_line_cb
                0x03810fbc                lv_img_decoder_built_in_read_line
                0x03811420                lv_img_decoder_set_close_cb
                0x03811428                lv_img_decoder_built_in_close
                0x03811488                lv_img_decoder_get_info
                0x0381153c                lv_img_decoder_open
                0x038116b0                lv_img_decoder_read_line
                0x038116fc                lv_img_decoder_close
                0x03811748                lv_img_decoder_delete
 .text          0x03811770       0x54 build-lvgl\liblvgl.a(lv_draw_line.o)
                0x03811770                lv_draw_line_dsc_init
                0x038117a0                lv_draw_line
 .text          0x038117c4     0x1390 build-lvgl\liblvgl.a(lv_img_buf.o)
                0x038117c4                lv_img_buf_get_px_color
                0x03811948                lv_img_buf_get_px_alpha
                0x03811a70                lv_img_buf_set_px_alpha
                0x03811ba4                lv_img_buf_set_px_color
                0x03811d80                lv_img_buf_set_palette
                0x03811e04                lv_img_buf_alloc
                0x03811eac                lv_img_buf_get_img_size
                0x03811fc4                lv_img_buf_free
                0x03811ff4                _lv_img_buf_transform_init
                0x03812164                _lv_img_buf_get_transformed_area
                0x038123c8                _lv_img_buf_transform
                0x038125ec                _lv_img_buf_transform_anti_alias
 .text          0x03812b54       0x14 build-lvgl\liblvgl.a(lv_extra.o)
                0x03812b54                lv_extra_init
 .text          0x03812b68      0x424 build-lvgl\liblvgl.a(lv_font_fmt_txt.o)
                0x03812b68                lv_font_get_bitmap_fmt_txt
                0x03812d58                lv_font_get_glyph_dsc_fmt_txt
                0x03812f40                _lv_font_clean_up_fmt_txt
 .text          0x03812f8c      0x174 build-lvgl\liblvgl.a(lv_font.o)
                0x03812f8c                lv_font_get_glyph_bitmap
                0x03812fa0                lv_font_get_glyph_dsc
                0x038130cc                lv_font_get_glyph_width
 .text          0x03813100      0x25c build-lvgl\liblvgl.a(lv_hal_indev.o)
                0x03813100                lv_indev_drv_init
                0x03813138                lv_indev_drv_register
                0x038131c0                lv_indev_drv_update
                0x03813264                lv_indev_delete
                0x038132bc                lv_indev_get_next
                0x038132e0                _lv_indev_read
 .text          0x0381335c      0xc84 build-lvgl\liblvgl.a(lv_hal_disp.o)
                0x0381335c                lv_disp_drv_init
                0x038133d0                lv_disp_draw_buf_init
                0x03813400                lv_disp_drv_register
                0x038135d8                lv_disp_drv_update
                0x03813720                lv_disp_get_hor_res
                0x0381376c                lv_disp_get_ver_res
                0x038137cc                lv_disp_remove
                0x0381389c                lv_disp_get_default
                0x038138ac                lv_disp_set_default
                0x038138bc                lv_disp_get_physical_hor_res
                0x03813920                lv_disp_get_physical_ver_res
                0x03813984                lv_disp_get_offset_x
                0x038139fc                lv_disp_get_offset_y
                0x03813a74                lv_disp_get_antialiasing
                0x03813aa4                lv_disp_get_dpi
                0x03813ad4                lv_disp_flush_ready
                0x03813ae8                lv_disp_flush_is_last
                0x03813afc                lv_disp_get_next
                0x03813b20                lv_disp_get_draw_buf
                0x03813b2c                lv_disp_set_rotation
                0x03813b68                lv_disp_get_rotation
                0x03813b98                lv_disp_drv_use_generic_set_px_cb
 .text          0x03813fe0       0x84 build-lvgl\liblvgl.a(lv_hal_tick.o)
                0x03813fe0                lv_tick_inc
                0x03814008                lv_tick_get
                0x03814034                lv_tick_elaps
 .text          0x03814064      0x484 build-lvgl\liblvgl.a(lv_color.o)
                0x03814064                lv_color_fill
                0x038140d8                lv_color_lighten
                0x0381412c                lv_color_darken
                0x03814174                lv_color_change_lightness
                0x038141e0                lv_color_hsv_to_rgb
                0x03814324                lv_color_rgb_to_hsv
                0x0381445c                lv_color_to_hsv
                0x03814470                lv_palette_main
                0x0381448c                lv_palette_lighten
                0x038144bc                lv_palette_darken
 .text          0x038144e8       0x98 build-lvgl\liblvgl.a(lv_async.o)
                0x038144e8                lv_async_call
 .text          0x03814580      0x12c build-lvgl\liblvgl.a(lv_gc.o)
                0x03814580                _lv_gc_clear_roots
 .text          0x038146ac      0x994 build-lvgl\liblvgl.a(lv_anim.o)
                0x038146ac                _lv_anim_core_init
                0x038149c0                lv_anim_init
                0x03814a10                lv_anim_path_linear
                0x03814a58                lv_anim_start
                0x03814b44                lv_anim_del
                0x03814be0                lv_anim_get_playtime
                0x03814c54                lv_anim_del_all
                0x03814c70                lv_anim_get
                0x03814cdc                lv_anim_count_running
                0x03814d30                lv_anim_speed_to_time
                0x03814d64                lv_anim_refr_now
                0x03814d6c                lv_anim_path_ease_in
                0x03814dc8                lv_anim_path_ease_out
                0x03814e24                lv_anim_path_ease_in_out
                0x03814e80                lv_anim_path_overshoot
                0x03814edc                lv_anim_path_bounce
                0x03815024                lv_anim_path_step
 .text          0x03815040      0xb84 build-lvgl\liblvgl.a(lv_area.o)
                0x03815040                lv_area_set
                0x03815058                lv_area_set_width
                0x0381506c                lv_area_set_height
                0x03815080                _lv_area_set_pos
                0x038150bc                lv_area_get_size
                0x038150e4                lv_area_increase
                0x03815120                lv_area_move
                0x0381515c                _lv_area_intersect
                0x038151d4                _lv_area_join
                0x03815228                _lv_area_is_point_on
                0x038153ac                _lv_area_is_on
                0x038153fc                _lv_area_is_in
                0x038154f0                _lv_area_is_out
                0x038155e4                _lv_area_is_equal
                0x03815634                lv_area_align
 .text          0x03815bc4      0x36c build-lvgl\liblvgl.a(lv_math.o)
                0x03815bc4                lv_trigo_sin
                0x03815c58                lv_bezier3
                0x03815cbc                lv_sqrt
                0x03815d08                lv_atan2
                0x03815e0c                lv_pow
                0x03815e84                lv_map
                0x03815ef4                lv_rand
 .text          0x03815f30      0x99c build-lvgl\liblvgl.a(lv_fs.o)
                0x03815f30                _lv_fs_init
                0x03815f40                lv_fs_is_ready
                0x03815f78                lv_fs_get_drv
                0x03815fd0                lv_fs_open
                0x038160c0                lv_fs_close
                0x0381614c                lv_fs_read
                0x0381638c                lv_fs_write
                0x0381640c                lv_fs_seek
                0x0381652c                lv_fs_tell
                0x03816590                lv_fs_dir_open
                0x03816638                lv_fs_dir_read
                0x03816684                lv_fs_dir_close
                0x038166d8                lv_fs_drv_init
                0x038166e0                lv_fs_drv_register
                0x03816708                lv_fs_get_letters
                0x03816778                lv_fs_get_ext
                0x038167d0                lv_fs_up
                0x03816858                lv_fs_get_last
 .text          0x038168cc      0x428 build-lvgl\liblvgl.a(lv_ll.o)
                0x038168cc                _lv_ll_init
                0x038168e4                _lv_ll_ins_head
                0x0381693c                _lv_ll_ins_prev
                0x038169c0                _lv_ll_get_head
                0x038169d0                _lv_ll_get_prev
                0x038169dc                _lv_ll_ins_tail
                0x03816a34                _lv_ll_remove
                0x03816ac4                _lv_ll_get_next
                0x03816ad4                _lv_ll_get_tail
                0x03816ae4                _lv_ll_clear
                0x03816b30                _lv_ll_chg_list
                0x03816bec                _lv_ll_get_len
                0x03816c24                _lv_ll_move_before
                0x03816ccc                _lv_ll_is_empty
 .text          0x03816cf4      0x970 build-lvgl\liblvgl.a(lv_mem.o)
                0x03816cf4                lv_mem_init
                0x03816d1c                lv_mem_deinit
                0x03816d4c                lv_mem_alloc
                0x03816d9c                lv_mem_monitor
                0x03816e14                lv_mem_free
                0x03816e3c                lv_mem_realloc
                0x03816ea8                lv_mem_test
                0x03816f04                lv_memset
                0x03817038                lv_mem_buf_get
                0x03817144                lv_mem_buf_release
                0x03817188                lv_mem_buf_free_all
                0x038171f4                lv_memcpy
                0x03817474                lv_memset_00
                0x03817564                lv_memset_ff
 .text          0x03817664      0x408 build-lvgl\liblvgl.a(lv_timer.o)
                0x03817664                _lv_timer_core_init
                0x03817690                lv_timer_enable
                0x038176a0                lv_timer_handler
                0x0381790c                lv_timer_create_basic
                0x0381791c                lv_timer_create
                0x0381798c                lv_timer_set_cb
                0x03817994                lv_timer_del
                0x038179cc                lv_timer_pause
                0x038179dc                lv_timer_resume
                0x038179ec                lv_timer_set_period
                0x038179f4                lv_timer_ready
                0x03817a18                lv_timer_set_repeat_count
                0x03817a20                lv_timer_reset
                0x03817a38                lv_timer_get_idle
                0x03817a48                lv_timer_get_next
 .text          0x03817a6c      0xdcc build-lvgl\liblvgl.a(lv_txt.o)
                0x03817f04                lv_txt_get_size
                0x03818048                _lv_txt_get_next_line
                0x038184b0                lv_txt_get_width
                0x038185f0                _lv_txt_encoded_letter_next_2
                0x0381864c                _lv_txt_is_cmd
                0x038186b0                _lv_txt_ins
                0x03818750                _lv_txt_cut
                0x038187c8                _lv_txt_set_text_vfmt
 .text          0x03818838      0x6e0 build-lvgl\liblvgl.a(lv_style.o)
                0x03818838                lv_style_init
                0x03818840                lv_style_reset
                0x03818880                lv_style_register_prop
                0x03818928                lv_style_get_num_custom_props
                0x03818940                lv_style_remove_prop
                0x03818a9c                lv_style_set_prop
                0x03818c18                _lv_style_get_prop_group
                0x03818c28                lv_style_get_prop
                0x03818cf0                lv_style_transition_dsc_init
                0x03818d38                lv_style_prop_get_default
                0x03818e98                lv_style_is_empty
                0x03818ea8                _lv_style_prop_lookup_flags
 .text          0x03818f18       0x7c build-lvgl\liblvgl.a(lv_utils.o)
                0x03818f18                _lv_utils_bsearch
 .text          0x03818f94      0x300 build-lvgl\liblvgl.a(lv_line.o)
                0x0381921c                lv_line_create
                0x03819244                lv_line_set_points
                0x03819268                lv_line_set_y_invert
                0x03819288                lv_line_get_y_invert
 *fill*         0x03819294        0x4 
 .text          0x03819298     0x1bd4 build-lvgl\liblvgl.a(lv_label.o)
                0x03819804                lv_label_create
                0x0381982c                lv_label_set_text
                0x0381a070                lv_label_set_text_fmt
                0x0381a0fc                lv_label_set_text_static
                0x0381a150                lv_label_set_long_mode
                0x0381a27c                lv_label_set_recolor
                0x0381a29c                lv_label_set_text_sel_start
                0x0381a2a4                lv_label_set_text_sel_end
                0x0381a2ac                lv_label_get_text
                0x0381a2b4                lv_label_get_long_mode
                0x0381a2c0                lv_label_get_recolor
                0x0381a2cc                lv_label_get_letter_pos
                0x0381a634                lv_label_get_letter_on
                0x0381a9e0                lv_label_is_char_under_pos
                0x0381ad24                lv_label_get_text_selection_start
                0x0381ad2c                lv_label_get_text_selection_end
                0x0381ad34                lv_label_ins_text
                0x0381ade4                lv_label_cut_text
 .text          0x0381ae6c      0x14c build-lvgl\liblvgl.a(lv_draw_sw.o)
                0x0381ae6c                lv_draw_sw_init_ctx
                0x0381af00                lv_draw_sw_wait_for_finish
                0x0381af04                lv_draw_sw_buffer_copy
                0x0381afac                lv_draw_sw_deinit_ctx
 .text          0x0381afb8      0x5c0 build-lvgl\liblvgl.a(lv_draw_sw_letter.o)
                0x0381afb8                lv_draw_sw_letter
 .text          0x0381b578      0xb34 build-lvgl\liblvgl.a(lv_draw_sw_line.o)
                0x0381b578                lv_draw_sw_line
 .text          0x0381c0ac      0x834 build-lvgl\liblvgl.a(lv_draw_sw_img.o)
                0x0381c0ac                lv_draw_sw_img_decoded
 .text          0x0381c8e0     0x1304 build-lvgl\liblvgl.a(lv_flex.o)
                0x0381c8e0                lv_flex_init
                0x0381cefc                lv_obj_set_flex_flow
                0x0381cf40                lv_obj_set_style_flex_flow
                0x0381cf58                lv_obj_set_flex_align
                0x0381cfdc                lv_obj_set_style_flex_main_place
                0x0381cff4                lv_obj_set_style_flex_cross_place
                0x0381d00c                lv_obj_set_style_flex_track_place
                0x0381d024                lv_obj_set_flex_grow
                0x0381d05c                lv_obj_set_style_flex_grow
                0x0381d074                lv_style_set_flex_flow
                0x0381d088                lv_style_set_flex_main_place
                0x0381d09c                lv_style_set_flex_cross_place
                0x0381d0b0                lv_style_set_flex_track_place
                0x0381d0c4                lv_style_set_flex_grow
 .text          0x0381dbe4     0x1388 build-lvgl\liblvgl.a(lv_grid.o)
                0x0381dbe4                lv_grid_init
                0x0381ea50                lv_obj_set_grid_dsc_array
                0x0381eab4                lv_obj_set_style_grid_column_dsc_array
                0x0381eacc                lv_obj_set_style_grid_row_dsc_array
                0x0381eae4                lv_obj_set_grid_align
                0x0381eb30                lv_obj_set_style_grid_column_align
                0x0381eb48                lv_obj_set_style_grid_row_align
                0x0381eb60                lv_obj_set_grid_cell
                0x0381ec28                lv_obj_set_style_grid_cell_column_pos
                0x0381ec40                lv_obj_set_style_grid_cell_row_pos
                0x0381ec58                lv_obj_set_style_grid_cell_x_align
                0x0381ec70                lv_obj_set_style_grid_cell_column_span
                0x0381ec88                lv_obj_set_style_grid_cell_row_span
                0x0381eca0                lv_obj_set_style_grid_cell_y_align
                0x0381ecb8                lv_style_set_grid_row_dsc_array
                0x0381eccc                lv_style_set_grid_column_dsc_array
                0x0381ece0                lv_style_set_grid_row_align
                0x0381ecf4                lv_style_set_grid_column_align
                0x0381ed08                lv_style_set_grid_cell_column_pos
                0x0381ed1c                lv_style_set_grid_cell_column_span
                0x0381ed30                lv_style_set_grid_cell_row_pos
                0x0381ed44                lv_style_set_grid_cell_row_span
                0x0381ed58                lv_style_set_grid_cell_x_align
                0x0381ed6c                lv_style_set_grid_cell_y_align
 .text          0x0381ef6c     0x5dec build-lvgl\liblvgl.a(lv_theme_default.o)
                0x0381ef6c                lv_theme_default_init
                0x0381f064                lv_theme_default_is_inited
                0x03824c80                lv_theme_default_get
 .text          0x03824d58      0x1f0 build-lvgl\liblvgl.a(lv_calendar_header_dropdown.o)
                0x03824e2c                lv_calendar_header_dropdown_create
 .text          0x03824f48      0x27c build-lvgl\liblvgl.a(lv_calendar_header_arrow.o)
                0x03825098                lv_calendar_header_arrow_create
 .text          0x038251c4      0x8b0 build-lvgl\liblvgl.a(lv_calendar.o)
                0x038252fc                lv_calendar_create
                0x03825324                lv_calendar_set_day_names
                0x03825344                lv_calendar_set_today_date
                0x038254a4                lv_calendar_set_highlighted_dates
                0x038254bc                lv_calendar_set_showed_date
                0x038258a8                lv_calendar_get_btnmatrix
                0x038258b0                lv_calendar_get_today_date
                0x038258b8                lv_calendar_get_showed_date
                0x038258c0                lv_calendar_get_highlighted_dates
                0x038258c8                lv_calendar_get_highlighted_dates_num
                0x038258d0                lv_calendar_get_pressed_date
 *fill*         0x03825a74        0x4 
 .text          0x03825a78     0x37bc build-lvgl\liblvgl.a(lv_chart.o)
                0x03827878                lv_chart_create
                0x038278a0                lv_chart_set_type
                0x03827980                lv_chart_refresh
                0x03827984                lv_chart_set_point_count
                0x03827ba4                lv_chart_set_range
                0x03827c04                lv_chart_set_update_mode
                0x03827c28                lv_chart_set_div_line_count
                0x03827c4c                lv_chart_set_zoom_x
                0x03827c88                lv_chart_set_zoom_y
                0x03827cc4                lv_chart_get_zoom_x
                0x03827ccc                lv_chart_get_zoom_y
                0x03827cd4                lv_chart_set_axis_tick
                0x03827d70                get_tick_gsc
                0x03827dbc                lv_chart_get_type
                0x03827dc8                lv_chart_get_point_count
                0x03827dd0                lv_chart_get_x_start_point
                0x03827de0                lv_chart_get_point_pos_by_id
                0x0382808c                lv_chart_add_series
                0x03828184                lv_chart_remove_series
                0x038281d4                lv_chart_hide_series
                0x038281f4                lv_chart_set_series_color
                0x03828208                lv_chart_set_x_start_point
                0x03828224                lv_chart_get_series_next
                0x03828238                lv_chart_add_cursor
                0x03828288                lv_chart_set_cursor_pos
                0x038282b4                lv_chart_set_cursor_point
                0x03828304                lv_chart_get_cursor_point
                0x03828314                lv_chart_set_all_value
                0x03828360                lv_chart_set_next_value
                0x03828620                lv_chart_set_next_value2
                0x0382868c                lv_chart_set_value_by_id
                0x038286b8                lv_chart_set_value_by_id2
                0x03828714                lv_chart_set_ext_y_array
                0x0382876c                lv_chart_set_ext_x_array
                0x038287c4                lv_chart_get_y_array
                0x038287d4                lv_chart_get_x_array
                0x038287e4                lv_chart_get_pressed_point
 .text          0x03829234     0x102c build-lvgl\liblvgl.a(lv_colorwheel.o)
                0x03829e3c                lv_colorwheel_create
                0x03829e74                lv_colorwheel_set_hsv
                0x0382a014                lv_colorwheel_set_rgb
                0x0382a044                lv_colorwheel_set_mode
                0x0382a078                lv_colorwheel_set_mode_fixed
                0x0382a08c                lv_colorwheel_get_hsv
                0x0382a094                lv_colorwheel_get_rgb
                0x0382a0a4                lv_colorwheel_get_color_mode
                0x0382a0b0                lv_colorwheel_get_color_mode_fixed
 .text          0x0382a260      0x584 build-lvgl\liblvgl.a(lv_keyboard.o)
                0x0382a2f0                lv_keyboard_create
                0x0382a318                lv_keyboard_set_textarea
                0x0382a360                lv_keyboard_set_mode
                0x0382a39c                lv_keyboard_set_popovers
                0x0382a46c                lv_keyboard_set_map
                0x0382a4ac                lv_keyboard_get_textarea
                0x0382a4b4                lv_keyboard_get_mode
                0x0382a4bc                lv_btnmatrix_get_popovers
                0x0382a4c8                lv_keyboard_def_event_cb
 .text          0x0382a7e4      0x540 build-lvgl\liblvgl.a(lv_led.o)
                0x0382ac88                lv_led_create
                0x0382acb0                lv_led_set_color
                0x0382acb8                lv_led_set_brightness
                0x0382acd4                lv_led_on
                0x0382acec                lv_led_off
                0x0382ad04                lv_led_toggle
                0x0382ad1c                lv_led_get_brightness
 .text          0x0382ad24      0xc8c build-lvgl\liblvgl.a(lv_menu.o)
                0x0382afc4                lv_menu_create
                0x0382afec                lv_menu_page_create
                0x0382b054                lv_menu_cont_create
                0x0382b07c                lv_menu_section_create
                0x0382b0a4                lv_menu_separator_create
                0x0382b0cc                lv_menu_set_page
                0x0382b22c                lv_menu_clear_history
                0x0382b308                lv_menu_set_sidebar_page
                0x0382b6b0                lv_menu_set_mode_header
                0x0382b700                lv_menu_set_mode_root_back_btn
                0x0382b724                lv_menu_set_load_page_event
                0x0382b8b4                lv_menu_get_cur_main_page
                0x0382b8bc                lv_menu_get_cur_sidebar_page
                0x0382b8c4                lv_menu_get_main_header
                0x0382b8cc                lv_menu_get_main_header_back_btn
                0x0382b8d4                lv_menu_get_sidebar_header
                0x0382b8dc                lv_menu_get_sidebar_header_back_btn
                0x0382b8e4                lv_menu_back_btn_is_root
 .text          0x0382b9b0     0x1484 build-lvgl\liblvgl.a(lv_meter.o)
                0x0382c6ac                lv_meter_create
                0x0382c6d4                lv_meter_add_scale
                0x0382c73c                lv_meter_set_scale_ticks
                0x0382c764                lv_meter_set_scale_major_ticks
                0x0382c794                lv_meter_set_scale_range
                0x0382c7bc                lv_meter_add_needle_line
                0x0382c820                lv_meter_add_needle_img
                0x0382c884                lv_meter_add_arc
                0x0382c8e8                lv_meter_add_scale_lines
                0x0382c968                lv_meter_set_indicator_value
                0x0382cd54                lv_meter_set_indicator_start_value
                0x0382cdc4                lv_meter_set_indicator_end_value
 *fill*         0x0382ce34        0x4 
 .text          0x0382ce38      0x72c build-lvgl\liblvgl.a(lv_spinbox.o)
                0x0382d104                lv_spinbox_create
                0x0382d12c                lv_spinbox_set_value
                0x0382d2ec                lv_spinbox_set_rollover
                0x0382d304                lv_spinbox_set_digit_format
                0x0382d37c                lv_spinbox_set_step
                0x0382d384                lv_spinbox_set_range
                0x0382d3b8                lv_spinbox_set_pos
                0x0382d41c                lv_spinbox_set_digit_step_direction
                0x0382d438                lv_spinbox_get_value
                0x0382d440                lv_spinbox_get_step
                0x0382d448                lv_spinbox_step_next
                0x0382d470                lv_spinbox_step_prev
                0x0382d4a0                lv_spinbox_get_rollover
                0x0382d4ac                lv_spinbox_increment
                0x0382d508                lv_spinbox_decrement
 .text          0x0382d564      0x120 build-lvgl\liblvgl.a(lv_spinner.o)
                0x0382d630                lv_spinner_create
 .text          0x0382d684      0x77c build-lvgl\liblvgl.a(lv_tabview.o)
                0x0382d978                lv_tabview_create
                0x0382d9bc                lv_tabview_add_tab
                0x0382dbb8                lv_tabview_get_content
                0x0382dbc0                lv_tabview_get_tab_btns
                0x0382dbc8                lv_tabview_set_act
                0x0382dcc0                lv_tabview_get_tab_act
 .text          0x0382de00      0x3a4 build-lvgl\liblvgl.a(lv_tileview.o)
                0x0382defc                lv_tileview_create
                0x0382df24                lv_tileview_add_tile
                0x0382df74                lv_obj_set_tile
                0x0382dfc8                lv_obj_set_tile_id
                0x0382e088                lv_tileview_get_tile_act
 .text          0x0382e1a4      0x194 build-lvgl\liblvgl.a(lv_win.o)
                0x0382e250                lv_win_create
                0x0382e288                lv_win_add_title
                0x0382e2cc                lv_win_get_header
                0x0382e2d4                lv_win_add_btn
                0x0382e330                lv_win_get_content
 .text          0x0382e338     0x1204 build-lvgl\liblvgl.a(lv_indev_scroll.o)
                0x0382e338                _lv_indev_scroll_handler
                0x0382ecac                _lv_indev_scroll_throw_handler
                0x0382f47c                lv_indev_scroll_throw_predict
                0x0382f4fc                lv_indev_scroll_get_snap_dist
 .text          0x0382f53c      0x160 build-lvgl\liblvgl.a(lv_theme.o)
                0x0382f53c                lv_theme_get_from_obj
                0x0382f560                lv_theme_apply
                0x0382f5e4                lv_theme_set_parent
                0x0382f5ec                lv_theme_set_apply_cb
                0x0382f5f4                lv_theme_get_font_small
                0x0382f614                lv_theme_get_font_normal
                0x0382f634                lv_theme_get_font_large
                0x0382f654                lv_theme_get_color_primary
                0x0382f678                lv_theme_get_color_secondary
 .text          0x0382f69c      0x624 build-lvgl\liblvgl.a(lv_draw_arc.o)
                0x0382f69c                lv_draw_arc_dsc_init
                0x0382f6cc                lv_draw_arc
                0x0382f714                lv_draw_arc_get_area
 .text          0x0382fcc0      0xd90 build-lvgl\liblvgl.a(lv_printf.o)
                0x0382fcc0                lv_snprintf
                0x038305a0                lv_vsnprintf
 .text          0x03830a50      0x3d8 build-lvgl\liblvgl.a(lv_style_gen.o)
                0x03830a50                lv_style_set_width
                0x03830a5c                lv_style_set_min_width
                0x03830a68                lv_style_set_max_width
                0x03830a74                lv_style_set_height
                0x03830a80                lv_style_set_min_height
                0x03830a8c                lv_style_set_max_height
                0x03830a98                lv_style_set_x
                0x03830aa4                lv_style_set_y
                0x03830ab0                lv_style_set_align
                0x03830abc                lv_style_set_transform_width
                0x03830ac8                lv_style_set_transform_height
                0x03830ad4                lv_style_set_translate_x
                0x03830ae0                lv_style_set_translate_y
                0x03830aec                lv_style_set_transform_zoom
                0x03830af8                lv_style_set_transform_angle
                0x03830b04                lv_style_set_pad_top
                0x03830b10                lv_style_set_pad_bottom
                0x03830b1c                lv_style_set_pad_left
                0x03830b28                lv_style_set_pad_right
                0x03830b34                lv_style_set_pad_row
                0x03830b40                lv_style_set_pad_column
                0x03830b4c                lv_style_set_bg_color
                0x03830b58                lv_style_set_bg_opa
                0x03830b64                lv_style_set_bg_grad_color
                0x03830b70                lv_style_set_bg_grad_dir
                0x03830b7c                lv_style_set_bg_main_stop
                0x03830b88                lv_style_set_bg_grad_stop
                0x03830b94                lv_style_set_bg_grad
                0x03830ba0                lv_style_set_bg_dither_mode
                0x03830bac                lv_style_set_bg_img_src
                0x03830bb8                lv_style_set_bg_img_opa
                0x03830bc4                lv_style_set_bg_img_recolor
                0x03830bd0                lv_style_set_bg_img_recolor_opa
                0x03830bdc                lv_style_set_bg_img_tiled
                0x03830be8                lv_style_set_border_color
                0x03830bf4                lv_style_set_border_opa
                0x03830c00                lv_style_set_border_width
                0x03830c0c                lv_style_set_border_side
                0x03830c18                lv_style_set_border_post
                0x03830c24                lv_style_set_outline_width
                0x03830c30                lv_style_set_outline_color
                0x03830c3c                lv_style_set_outline_opa
                0x03830c48                lv_style_set_outline_pad
                0x03830c54                lv_style_set_shadow_width
                0x03830c60                lv_style_set_shadow_ofs_x
                0x03830c6c                lv_style_set_shadow_ofs_y
                0x03830c78                lv_style_set_shadow_spread
                0x03830c84                lv_style_set_shadow_color
                0x03830c90                lv_style_set_shadow_opa
                0x03830c9c                lv_style_set_img_opa
                0x03830ca8                lv_style_set_img_recolor
                0x03830cb4                lv_style_set_img_recolor_opa
                0x03830cc0                lv_style_set_line_width
                0x03830ccc                lv_style_set_line_dash_width
                0x03830cd8                lv_style_set_line_dash_gap
                0x03830ce4                lv_style_set_line_rounded
                0x03830cf0                lv_style_set_line_color
                0x03830cfc                lv_style_set_line_opa
                0x03830d08                lv_style_set_arc_width
                0x03830d14                lv_style_set_arc_rounded
                0x03830d20                lv_style_set_arc_color
                0x03830d2c                lv_style_set_arc_opa
                0x03830d38                lv_style_set_arc_img_src
                0x03830d44                lv_style_set_text_color
                0x03830d50                lv_style_set_text_opa
                0x03830d5c                lv_style_set_text_font
                0x03830d68                lv_style_set_text_letter_space
                0x03830d74                lv_style_set_text_line_space
                0x03830d80                lv_style_set_text_decor
                0x03830d8c                lv_style_set_text_align
                0x03830d98                lv_style_set_radius
                0x03830da4                lv_style_set_clip_corner
                0x03830db0                lv_style_set_opa
                0x03830dbc                lv_style_set_color_filter_dsc
                0x03830dc8                lv_style_set_color_filter_opa
                0x03830dd4                lv_style_set_anim
                0x03830de0                lv_style_set_anim_time
                0x03830dec                lv_style_set_anim_speed
                0x03830df8                lv_style_set_transition
                0x03830e04                lv_style_set_blend_mode
                0x03830e10                lv_style_set_layout
                0x03830e1c                lv_style_set_base_dir
 .text          0x03830e28      0xd20 build-lvgl\liblvgl.a(lv_tlsf.o)
                0x03830e28                lv_tlsf_check
                0x03830f78                lv_tlsf_walk_pool
                0x03830fec                lv_tlsf_block_size
                0x03831000                lv_tlsf_check_pool
                0x03831064                lv_tlsf_size
                0x0383106c                lv_tlsf_align_size
                0x03831074                lv_tlsf_block_size_min
                0x0383107c                lv_tlsf_block_size_max
                0x03831084                lv_tlsf_pool_overhead
                0x0383108c                lv_tlsf_alloc_overhead
                0x03831094                lv_tlsf_add_pool
                0x038311ac                lv_tlsf_remove_pool
                0x038312a4                lv_tlsf_create
                0x03831314                lv_tlsf_create_with_pool
                0x03831398                lv_tlsf_destroy
                0x0383139c                lv_tlsf_get_pool
                0x038313a8                lv_tlsf_malloc
                0x038315c0                lv_tlsf_memalign
                0x03831738                lv_tlsf_free
                0x038318b8                lv_tlsf_realloc
 .text          0x03831b48      0xcf0 build-lvgl\liblvgl.a(lv_bar.o)
                0x038324f4                lv_bar_create
                0x0383251c                lv_bar_set_value
                0x0383263c                lv_bar_set_start_value
                0x038326a8                lv_bar_set_range
                0x03832734                lv_bar_get_mode
                0x03832740                lv_bar_set_mode
                0x03832764                lv_bar_get_value
                0x0383277c                lv_bar_get_start_value
                0x038327ac                lv_bar_get_min_value
                0x038327b4                lv_bar_get_max_value
 .text          0x03832838      0x5ac build-lvgl\liblvgl.a(lv_checkbox.o)
                0x03832d00                lv_checkbox_create
                0x03832d28                lv_checkbox_set_text
                0x03832d94                lv_checkbox_set_text_static
                0x03832ddc                lv_checkbox_get_text
 *fill*         0x03832de4        0x4 
 .text          0x03832de8     0x1258 build-lvgl\liblvgl.a(lv_arc.o)
                0x038336f4                lv_arc_create
                0x0383371c                lv_arc_set_start_angle
                0x038338f4                lv_arc_set_end_angle
                0x0383399c                lv_arc_set_angles
                0x038339c4                lv_arc_set_bg_start_angle
                0x03833ba4                lv_arc_set_bg_end_angle
                0x03833c44                lv_arc_set_bg_angles
                0x03833c6c                lv_arc_set_rotation
                0x03833c74                lv_arc_set_mode
                0x03833d10                lv_arc_set_value
                0x03833d50                lv_arc_set_range
                0x03833dac                lv_arc_set_change_rate
                0x03833db4                lv_arc_get_angle_start
                0x03833dbc                lv_arc_get_angle_end
                0x03833dc4                lv_arc_get_bg_angle_start
                0x03833dcc                lv_arc_get_bg_angle_end
                0x03833dd4                lv_arc_get_value
                0x03833ddc                lv_arc_get_min_value
                0x03833de4                lv_arc_get_max_value
                0x03833dec                lv_arc_get_mode
 .text          0x03834040     0x18dc build-lvgl\liblvgl.a(lv_btnmatrix.o)
                0x03834d1c                lv_btnmatrix_create
                0x03834d44                lv_btnmatrix_set_map
                0x03835194                lv_btnmatrix_set_ctrl_map
                0x038351c0                lv_btnmatrix_set_selected_btn
                0x03835338                lv_btnmatrix_set_btn_ctrl
                0x038353ec                lv_btnmatrix_clear_btn_ctrl_all
                0x03835434                lv_btnmatrix_clear_btn_ctrl
                0x03835484                lv_btnmatrix_set_btn_ctrl_all
                0x038354cc                lv_btnmatrix_set_btn_width
                0x038354f4                lv_btnmatrix_set_one_checked
                0x038355b0                lv_btnmatrix_get_map
                0x038355b8                lv_btnmatrix_get_selected_btn
                0x038355c0                lv_btnmatrix_get_btn_text
                0x0383566c                lv_btnmatrix_has_btn_ctrl
                0x038356a0                lv_btnmatrix_get_one_checked
 .text          0x0383591c     0x1a1c build-lvgl\liblvgl.a(lv_table.o)
                0x038365f0                lv_table_create
                0x03836618                lv_table_set_cell_value
                0x038366f4                lv_table_set_col_cnt
                0x038368ac                lv_table_set_row_cnt
                0x03836c60                lv_table_set_cell_value_fmt
                0x03836f00                lv_table_set_col_width
                0x03836f48                lv_table_add_cell_ctrl
                0x03837000                lv_table_clear_cell_ctrl
                0x038370b8                lv_table_get_cell_value
                0x038370fc                lv_table_get_row_cnt
                0x03837104                lv_table_get_col_cnt
                0x0383710c                lv_table_get_col_width
                0x0383712c                lv_table_has_cell_ctrl
                0x0383717c                lv_table_get_selected_cell
 .text          0x03837338     0x1a7c build-lvgl\liblvgl.a(lv_textarea.o)
                0x03837ad0                lv_textarea_create
                0x03837af8                lv_textarea_add_char
                0x03837e20                lv_textarea_clear_selection
                0x03837ef8                lv_textarea_set_cursor_pos
                0x03838078                lv_textarea_get_cursor_pos
                0x03838080                lv_textarea_add_text
                0x03838210                lv_textarea_get_accepted_chars
                0x03838218                lv_textarea_get_max_length
                0x03838220                lv_textarea_del_char
                0x03838324                lv_textarea_del_char_forward
                0x03838354                lv_textarea_set_text
                0x038384b8                lv_textarea_set_placeholder_text
                0x038388ec                lv_textarea_set_cursor_click_pos
                0x03838900                lv_textarea_set_password_mode
                0x038389a4                lv_textarea_set_one_line
                0x03838a40                lv_textarea_set_accepted_chars
                0x03838a48                lv_textarea_set_max_length
                0x03838a50                lv_textarea_set_insert_replace
                0x03838a60                lv_textarea_set_text_selection
                0x03838a7c                lv_textarea_set_password_show_time
                0x03838a84                lv_textarea_set_align
                0x03838ad0                lv_textarea_get_label
                0x03838ad8                lv_textarea_get_text
                0x03838af0                lv_textarea_get_placeholder_text
                0x03838b08                lv_textarea_get_cursor_click_pos
                0x03838b14                lv_textarea_get_password_mode
                0x03838b20                lv_textarea_get_one_line
                0x03838b2c                lv_textarea_text_is_selected
                0x03838b68                lv_textarea_get_text_selection
                0x03838b74                lv_textarea_get_password_show_time
                0x03838b7c                lv_textarea_cursor_right
                0x03838b88                lv_textarea_cursor_left
                0x03838b9c                lv_textarea_cursor_down
                0x03838c3c                lv_textarea_cursor_up
 .text          0x03838db4     0x175c build-lvgl\liblvgl.a(lv_dropdown.o)
                0x0383971c                lv_dropdown_create
                0x03839744                lv_dropdown_set_text
                0x03839758                lv_dropdown_set_options
                0x03839834                lv_dropdown_set_options_static
                0x038398e0                lv_dropdown_add_option
                0x03839af0                lv_dropdown_clear_options
                0x03839b50                lv_dropdown_set_selected
                0x03839b74                lv_dropdown_set_dir
                0x03839b98                lv_dropdown_set_symbol
                0x03839ba0                lv_dropdown_set_selected_highlight
                0x03839bc4                lv_dropdown_get_list
                0x03839bcc                lv_dropdown_get_text
                0x03839bd4                lv_dropdown_get_options
                0x03839bec                lv_dropdown_get_selected
                0x03839bf4                lv_dropdown_get_option_cnt
                0x03839bfc                lv_dropdown_get_selected_str
                0x03839ce4                lv_dropdown_get_symbol
                0x03839cec                lv_dropdown_get_selected_highlight
                0x03839cf8                lv_dropdown_get_dir
                0x03839d04                lv_dropdown_open
                0x0383a0f4                lv_dropdown_close
                0x0383a130                lv_dropdown_is_open
 .text          0x0383a510     0x1340 build-lvgl\liblvgl.a(lv_img.o)
                0x0383affc                lv_img_create
                0x0383b024                lv_img_set_src
                0x0383b220                lv_img_set_offset_x
                0x0383b24c                lv_img_set_offset_y
                0x0383b278                lv_img_set_angle
                0x0383b400                lv_img_set_pivot
                0x0383b58c                lv_img_set_zoom
                0x0383b724                lv_img_set_antialias
                0x0383b744                lv_img_set_size_mode
                0x0383b76c                lv_img_get_src
                0x0383b774                lv_img_get_offset_x
                0x0383b77c                lv_img_get_offset_y
                0x0383b784                lv_img_get_angle
                0x0383b78c                lv_img_get_pivot
                0x0383b7a0                lv_img_get_zoom
                0x0383b7a8                lv_img_get_antialias
                0x0383b7b4                lv_img_get_size_mode
 .text          0x0383b850     0x1120 build-lvgl\liblvgl.a(lv_roller.o)
                0x0383c1ac                lv_roller_create
                0x0383c1d4                lv_roller_set_options
                0x0383c3e4                lv_roller_set_selected
                0x0383c654                lv_roller_set_visible_row_count
                0x0383c6b8                lv_roller_get_selected
                0x0383c704                lv_roller_get_selected_str
                0x0383c7cc                lv_roller_get_options
                0x0383c7e4                lv_roller_get_option_cnt
 .text          0x0383c970      0xc3c build-lvgl\liblvgl.a(lv_slider.o)
                0x0383d448                lv_slider_create
                0x0383d470                lv_slider_is_dragged
 .text          0x0383d5ac       0x50 build-lvgl\liblvgl.a(lv_btn.o)
                0x0383d5d4                lv_btn_create
 .text          0x0383d5fc      0x448 build-lvgl\liblvgl.a(lv_switch.o)
                0x0383da04                lv_switch_create
 .text          0x0383da44     0x109c build-lvgl\liblvgl.a(lv_draw_sw_arc.o)
                0x0383da44                lv_draw_sw_arc
 .text          0x0383eae0     0x2a50 build-lvgl\liblvgl.a(lv_draw_sw_rect.o)
                0x0383eae0                lv_draw_sw_rect
                0x0384092c                lv_draw_sw_bg
                0x03840958                draw_border_generic
 .text          0x03841530     0x1b04 build-lvgl\liblvgl.a(lv_draw_sw_blend.o)
                0x03841530                lv_draw_sw_blend
                0x03841594                lv_draw_sw_blend_basic
 .text          0x03843034      0x454 build-lvgl\liblvgl.a(lv_draw_sw_polygon.o)
                0x03843034                lv_draw_sw_polygon
 .text          0x03843488      0x564 build-lvgl\liblvgl.a(lv_draw_sw_gradient.o)
                0x03843488                lv_gradient_free_cache
                0x038434c4                lv_gradient_set_cache_size
                0x0384351c                lv_gradient_get
                0x0384380c                lv_gradient_calculate
                0x03843944                lv_gradient_cleanup
 *(.text.*)
 .text._Z8gyroInitRN3vex8inertialE
                0x038439ec      0x1b8 build/src/main.o
                0x038439ec                gyroInit(vex::inertial&)
 *fill*         0x03843ba4        0x4 
 .text._Z13windowsLoaderb
                0x03843ba8      0x2e8 build/src/main.o
                0x03843ba8                windowsLoader(bool)
 .text._Z1si    0x03843e90        0x4 build/src/main.o
                0x03843e90                s(int)
 .text._ZNSt3mapIPN3vex5motorESt6vectorIP10MotorGroupSaIS5_EESt4lessIS2_ESaISt4pairIKS2_S7_EEED2Ev
                0x03843e94       0x1c build/src/main.o
                0x03843e94                std::map<vex::motor*, std::vector<MotorGroup*, std::allocator<MotorGroup*> >, std::less<vex::motor*>, std::allocator<std::pair<vex::motor* const, std::vector<MotorGroup*, std::allocator<MotorGroup*> > > > >::~map()
 .text._ZlsRSoR7PVector
                0x03843eb0       0x90 build/src/main.o
                0x03843eb0                operator<<(std::ostream&, PVector&)
 .text._Z5toCcpi
                0x03843f40      0x210 build/src/main.o
                0x03843f40                toCcp(int)
 .text._Z5toCcpd
                0x03844150      0x260 build/src/main.o
                0x03844150                toCcp(double)
 .text._ZNSt6vectorIPN3vex6threadESaIS2_EED2Ev
                0x038443b0       0x24 build/src/main.o
                0x038443b0                std::vector<vex::thread*, std::allocator<vex::thread*> >::~vector()
 .text._ZNSt6vectorIP7PotDialSaIS1_EED2Ev
                0x038443d4       0x24 build/src/main.o
                0x038443d4                std::vector<PotDial*, std::allocator<PotDial*> >::~vector()
 .text._ZNSt3mapISt6vectorIiSaIiEESt8functionIFvvEESt4lessIS2_ESaISt4pairIKS2_S5_EEED2Ev
                0x038443f8       0x1c build/src/main.o
                0x038443f8                std::map<std::vector<int, std::allocator<int> >, std::function<void ()>, std::less<std::vector<int, std::allocator<int> > >, std::allocator<std::pair<std::vector<int, std::allocator<int> > const, std::function<void ()> > > >::~map()
 .text._ZNSt3mapIN5Angle4TypeEdSt4lessIS1_ESaISt4pairIKS1_dEEED2Ev
                0x03844414       0x1c build/src/main.o
                0x03844414                std::map<Angle::Type, double, std::less<Angle::Type>, std::allocator<std::pair<Angle::Type const, double> > >::~map()
 .text._ZNSt10_List_baseISt8functionIFvvEESaIS2_EED2Ev
                0x03844430       0x18 build/src/main.o
                0x03844430                std::_List_base<std::function<void ()>, std::allocator<std::function<void ()> > >::~_List_base()
 .text._Z14updateBotAngleb
                0x03844448      0x210 build/src/main.o
                0x03844448                updateBotAngle(bool)
 .text._Z14executeThreadsv
                0x03844658       0x64 build/src/main.o
                0x03844658                executeThreads()
 .text._Z14updateSharePosv
                0x038446bc       0x24 build/src/main.o
                0x038446bc                updateSharePos()
 .text._ZN15BasicLinkedListIP14VariableConfigS1_S1_S0_ED2Ev
                0x038446e0       0x28 build/src/main.o
                0x038446e0                BasicLinkedList<VariableConfig*, VariableConfig*, VariableConfig*, VariableConfig>::~BasicLinkedList()
 .text._ZNSt6vectorIP5AutonSaIS1_EED2Ev
                0x03844708       0x24 build/src/main.o
                0x03844708                std::vector<Auton*, std::allocator<Auton*> >::~vector()
 .text._ZNSt6vectorIP6ButtonSaIS1_EED2Ev
                0x0384472c       0x24 build/src/main.o
                0x0384472c                std::vector<Button*, std::allocator<Button*> >::~vector()
 .text._ZN6ButtonC2ERN3vex5brainEiiiiNS0_5colorES3_Ssii
                0x03844750       0xa8 build/src/main.o
                0x03844750                Button::Button(vex::brain&, int, int, int, int, vex::color, vex::color, std::string, int, int)
 .text._ZN6ButtonD2Ev
                0x038447f8       0x2c build/src/main.o
                0x038447f8                Button::~Button()
 .text._ZN5Auton14configCallbackEi
                0x03844824       0xc0 build/src/main.o
                0x03844824                Auton::configCallback(int)
 .text._ZNSt6vectorISsSaISsEED2Ev
                0x038448e4       0x44 build/src/main.o
                0x038448e4                std::vector<std::string, std::allocator<std::string> >::~vector()
 .text._ZN14VariableConfigD2Ev
                0x03844928       0x6c build/src/main.o
                0x03844928                VariableConfig::~VariableConfig()
 .text._ZN5AutonC2ESsSt8functionIFvvEE
                0x03844994       0xd8 build/src/main.o
                0x03844994                Auton::Auton(std::string, std::function<void ()>)
 .text._ZplPKcSt8functionIFvvEE
                0x03844a6c       0xc0 build/src/main.o
                0x03844a6c                operator+(char const*, std::function<void ()>)
 .text._ZN15BasicLinkedListIN3bos5BosFnERS1_PS1_S1_ED2Ev
                0x03844b2c       0x28 build/src/main.o
                0x03844b2c                BasicLinkedList<bos::BosFn, bos::BosFn&, bos::BosFn*, bos::BosFn>::~BasicLinkedList()
 *fill*         0x03844b54        0x4 
 .text._ZN10MotorGroup4spinEN3vex13directionTypeEdNS0_12percentUnitsE
                0x03844b58      0x128 build/src/main.o
                0x03844b58                MotorGroup::spin(vex::directionType, double, vex::percentUnits)
 .text._ZN10MotorGroup4stopEN3vex9brakeTypeE
                0x03844c80       0xa0 build/src/main.o
                0x03844c80                MotorGroup::stop(vex::brakeType)
 .text._Z9autonInitv
                0x03844d20      0x138 build/src/main.o
                0x03844d20                autonInit()
 .text._Z10autonomousv
                0x03844e58       0xd8 build/src/main.o
                0x03844e58                autonomous()
 .text._ZN5Auton9callAutonEv
                0x03844f30      0x12c build/src/main.o
                0x03844f30                Auton::callAuton()
 *fill*         0x0384505c        0x4 
 .text._Z13drivercontrolv
                0x03845060      0x3d0 build/src/main.o
                0x03845060                drivercontrol()
 .text._ZNSt6vectorISt4pairIbPbESaIS2_EED2Ev
                0x03845430       0x24 build/src/main.o
                0x03845430                std::vector<std::pair<bool, bool*>, std::allocator<std::pair<bool, bool*> > >::~vector()
 .text._ZN11ButtonLatch8pressingEv
                0x03845454       0x68 build/src/main.o
                0x03845454                ButtonLatch::pressing()
 .text._ZN7PVectorC2ESt16initializer_listIdE
                0x038454bc       0xe8 build/src/main.o
                0x038454bc                PVector::PVector(std::initializer_list<double>)
 .text._Z7brainOSv
                0x038455a4      0x7f4 build/src/main.o
                0x038455a4                brainOS()
 .text._ZN6Button7clickedEv
                0x03845d98       0x54 build/src/main.o
                0x03845d98                Button::clicked()
 .text._ZN15BasicLinkedListIN3bos5BosFnERS1_PS1_S1_E10popCurrentEv
                0x03845dec       0xc8 build/src/main.o
                0x03845dec                BasicLinkedList<bos::BosFn, bos::BosFn&, bos::BosFn*, bos::BosFn>::popCurrent()
 .text.main     0x03845eb4       0xa4 build/src/main.o
                0x03845eb4                main
 .text.__cxx_global_var_init.44
                0x03845f58       0x40 build/src/main.o
 .text.__cxx_global_var_init.45
                0x03845f98       0x3c build/src/main.o
 .text._ZNSt8_Rb_treeIPN3vex5motorESt4pairIKS2_St6vectorIP10MotorGroupSaIS7_EEESt10_Select1stISA_ESt4lessIS2_ESaISA_EE8_M_eraseEPSt13_Rb_tree_nodeISA_E
                0x03845fd4       0x50 build/src/main.o
                0x03845fd4                std::_Rb_tree<vex::motor*, std::pair<vex::motor* const, std::vector<MotorGroup*, std::allocator<MotorGroup*> > >, std::_Select1st<std::pair<vex::motor* const, std::vector<MotorGroup*, std::allocator<MotorGroup*> > > >, std::less<vex::motor*>, std::allocator<std::pair<vex::motor* const, std::vector<MotorGroup*, std::allocator<MotorGroup*> > > > >::_M_erase(std::_Rb_tree_node<std::pair<vex::motor* const, std::vector<MotorGroup*, std::allocator<MotorGroup*> > > >*)
 .text._ZNSt8_Rb_treeISt6vectorIiSaIiEESt4pairIKS2_St8functionIFvvEEESt10_Select1stIS8_ESt4lessIS2_ESaIS8_EE8_M_eraseEPSt13_Rb_tree_nodeIS8_E
                0x03846024       0x6c build/src/main.o
                0x03846024                std::_Rb_tree<std::vector<int, std::allocator<int> >, std::pair<std::vector<int, std::allocator<int> > const, std::function<void ()> >, std::_Select1st<std::pair<std::vector<int, std::allocator<int> > const, std::function<void ()> > >, std::less<std::vector<int, std::allocator<int> > >, std::allocator<std::pair<std::vector<int, std::allocator<int> > const, std::function<void ()> > > >::_M_erase(std::_Rb_tree_node<std::pair<std::vector<int, std::allocator<int> > const, std::function<void ()> > >*)
 .text._ZNSt8_Rb_treeIN5Angle4TypeESt4pairIKS1_dESt10_Select1stIS4_ESt4lessIS1_ESaIS4_EE8_M_eraseEPSt13_Rb_tree_nodeIS4_E
                0x03846090       0x40 build/src/main.o
                0x03846090                std::_Rb_tree<Angle::Type, std::pair<Angle::Type const, double>, std::_Select1st<std::pair<Angle::Type const, double> >, std::less<Angle::Type>, std::allocator<std::pair<Angle::Type const, double> > >::_M_erase(std::_Rb_tree_node<std::pair<Angle::Type const, double> >*)
 .text._ZNSt10_List_baseISt8functionIFvvEESaIS2_EE8_M_clearEv
                0x038460d0       0x50 build/src/main.o
                0x038460d0                std::_List_base<std::function<void ()>, std::allocator<std::function<void ()> > >::_M_clear()
 .text._ZN15BasicLinkedListIP14VariableConfigS1_S1_S0_E10destructorEv
                0x03846120       0x70 build/src/main.o
                0x03846120                BasicLinkedList<VariableConfig*, VariableConfig*, VariableConfig*, VariableConfig>::destructor()
 .text._ZN15BasicLinkedListIP14VariableConfigS1_S1_S0_E7popBaseEv
                0x03846190       0x88 build/src/main.o
                0x03846190                BasicLinkedList<VariableConfig*, VariableConfig*, VariableConfig*, VariableConfig>::popBase()
 .text._ZNSt14_Function_baseD2Ev
                0x03846218       0x30 build/src/main.o
                0x03846218                std::_Function_base::~_Function_base()
 .text._ZN5AutonC2Ev
                0x03846248       0xe8 build/src/main.o
                0x03846248                Auton::Auton()
 .text._ZN5Auton7setNameESs
                0x03846330       0x88 build/src/main.o
                0x03846330                Auton::setName(std::string)
 .text._ZNSt6vectorIP5AutonSaIS1_EE19_M_emplace_back_auxIJS1_EEEvDpOT_
                0x038463b8       0x8c build/src/main.o
                0x038463b8                void std::vector<Auton*, std::allocator<Auton*> >::_M_emplace_back_aux<Auton*>(Auton*&&)
 .text._ZNKSt6vectorIP5AutonSaIS1_EE12_M_check_lenEjPKc
                0x03846444       0x54 build/src/main.o
                0x03846444                std::vector<Auton*, std::allocator<Auton*> >::_M_check_len(unsigned int, char const*) const
 .text._ZNSt12_Vector_baseIP5AutonSaIS1_EE11_M_allocateEj
                0x03846498       0x30 build/src/main.o
                0x03846498                std::_Vector_base<Auton*, std::allocator<Auton*> >::_M_allocate(unsigned int)
 .text._ZNSt8functionIFvvEEaSERKS1_
                0x038464c8       0xa4 build/src/main.o
                0x038464c8                std::function<void ()>::operator=(std::function<void ()> const&)
 .text._ZN15BasicLinkedListIN3bos5BosFnERS1_PS1_S1_E10destructorEv
                0x0384656c       0x70 build/src/main.o
                0x0384656c                BasicLinkedList<bos::BosFn, bos::BosFn&, bos::BosFn*, bos::BosFn>::destructor()
 .text._ZN15BasicLinkedListIN3bos5BosFnERS1_PS1_S1_E7popBaseEv
                0x038465dc       0x88 build/src/main.o
                0x038465dc                BasicLinkedList<bos::BosFn, bos::BosFn&, bos::BosFn*, bos::BosFn>::popBase()
 .text._ZN10MotorGroup13setPtoAllowedEv
                0x03846664      0x1a0 build/src/main.o
                0x03846664                MotorGroup::setPtoAllowed()
 .text._ZNSt6vectorIdSaIdEEC2EjRKdRKS0_
                0x03846804       0x5c build/src/main.o
                0x03846804                std::vector<double, std::allocator<double> >::vector(unsigned int, double const&, std::allocator<double> const&)
 .text._ZNSt12_Vector_baseIdSaIdEE11_M_allocateEj
                0x03846860       0x30 build/src/main.o
                0x03846860                std::_Vector_base<double, std::allocator<double> >::_M_allocate(unsigned int)
 .text._ZNSt6vectorIdSaIdEE14_M_move_assignEOS1_St17integral_constantIbLb1EE
                0x03846890       0x5c build/src/main.o
                0x03846890                std::vector<double, std::allocator<double> >::_M_move_assign(std::vector<double, std::allocator<double> >&&, std::integral_constant<bool, true>)
 .text._ZN6Button8pressingEv
                0x038468ec       0x7c build/src/main.o
                0x038468ec                Button::pressing()
 .text._ZN6Button4drawEv
                0x03846968       0x70 build/src/main.o
                0x03846968                Button::draw()
 .text._ZZ4mainEN3$_38__invokeEv
                0x038469d8      0x210 build/src/main.o
 .text._ZNSt17_Function_handlerIFvvEN11SelectorArr3$_0EE9_M_invokeERKSt9_Any_data
                0x03846be8        0x4 build/src/main.o
 .text._ZNSt14_Function_base13_Base_managerIN11SelectorArr3$_0EE10_M_managerERSt9_Any_dataRKS4_St18_Manager_operation
                0x03846bec       0x54 build/src/main.o
 .text._ZNSt4listISt8functionIFvvEESaIS2_EE8_M_eraseESt14_List_iteratorIS2_E
                0x03846c40       0x3c build/src/main.o
                0x03846c40                std::list<std::function<void ()>, std::allocator<std::function<void ()> > >::_M_erase(std::_List_iterator<std::function<void ()> >)
 .text._ZNSt17_Function_handlerIFviEPS0_E9_M_invokeERKSt9_Any_datai
                0x03846c7c        0xc build/src/main.o
                0x03846c7c                std::_Function_handler<void (int), void (*)(int)>::_M_invoke(std::_Any_data const&, int)
 .text._ZNSt14_Function_base13_Base_managerIPFviEE10_M_managerERSt9_Any_dataRKS4_St18_Manager_operation
                0x03846c88       0x24 build/src/main.o
                0x03846c88                std::_Function_base::_Base_manager<void (*)(int)>::_M_manager(std::_Any_data&, std::_Any_data const&, std::_Manager_operation)
 .text._ZNSt6vectorISt4pairIbPbESaIS2_EE19_M_emplace_back_auxIJS2_EEEvDpOT_
                0x03846cac       0x94 build/src/main.o
                0x03846cac                void std::vector<std::pair<bool, bool*>, std::allocator<std::pair<bool, bool*> > >::_M_emplace_back_aux<std::pair<bool, bool*> >(std::pair<bool, bool*>&&)
 .text._ZNKSt6vectorISt4pairIbPbESaIS2_EE12_M_check_lenEjPKc
                0x03846d40       0x54 build/src/main.o
                0x03846d40                std::vector<std::pair<bool, bool*>, std::allocator<std::pair<bool, bool*> > >::_M_check_len(unsigned int, char const*) const
 .text._ZNSt12_Vector_baseISt4pairIbPbESaIS2_EE11_M_allocateEj
                0x03846d94       0x30 build/src/main.o
                0x03846d94                std::_Vector_base<std::pair<bool, bool*>, std::allocator<std::pair<bool, bool*> > >::_M_allocate(unsigned int)
 .text._ZNSt6vectorISsSaISsEE19_M_range_initializeIPKSsEEvT_S5_St20forward_iterator_tag
                0x03846dc4       0x54 build/src/main.o
                0x03846dc4                void std::vector<std::string, std::allocator<std::string> >::_M_range_initialize<std::string const*>(std::string const*, std::string const*, std::forward_iterator_tag)
 .text._ZNSt12_Vector_baseISsSaISsEE11_M_allocateEj
                0x03846e18       0x30 build/src/main.o
                0x03846e18                std::_Vector_base<std::string, std::allocator<std::string> >::_M_allocate(unsigned int)
 .text._ZNSt17_Function_handlerIFviEZ7brainOSvE3$_2E9_M_invokeERKSt9_Any_datai
                0x03846e48       0x18 build/src/main.o
 .text._ZNSt14_Function_base13_Base_managerIZ7brainOSvE3$_2E10_M_managerERSt9_Any_dataRKS3_St18_Manager_operation
                0x03846e60       0x54 build/src/main.o
 .text._ZN15BasicLinkedListIN3bos5BosFnERS1_PS1_S1_E9basicPushILb1EEEvS2_
                0x03846eb4       0x74 build/src/main.o
                0x03846eb4                void BasicLinkedList<bos::BosFn, bos::BosFn&, bos::BosFn*, bos::BosFn>::basicPush<true>(bos::BosFn&)
 .text._ZN15BasicLinkedListIN3bos5BosFnERS1_PS1_S1_E6popEndEv
                0x03846f28       0x80 build/src/main.o
                0x03846f28                BasicLinkedList<bos::BosFn, bos::BosFn&, bos::BosFn*, bos::BosFn>::popEnd()
 .text._GLOBAL__sub_I_main.cpp
                0x03846fa8      0x718 build/src/main.o
 .text._ZN5AutonD2Ev
                0x038476c0       0x44 build/src/Autons/Autons.o
                0x038476c0                Auton::~Auton()
 .text._ZNSt17_Function_handlerIFvvEN11SelectorArr3$_0EE9_M_invokeERKSt9_Any_data
                0x03847704        0x4 build/src/Autons/Autons.o
 .text._ZNSt14_Function_base13_Base_managerIN11SelectorArr3$_0EE10_M_managerERSt9_Any_dataRKS4_St18_Manager_operation
                0x03847708       0x54 build/src/Autons/Autons.o
 .text._ZNSt17_Function_handlerIFvvE3$_1E9_M_invokeERKSt9_Any_data
                0x0384775c        0x4 build/src/Autons/Autons.o
 .text._ZNSt14_Function_base13_Base_managerI3$_1E10_M_managerERSt9_Any_dataRKS3_St18_Manager_operation
                0x03847760       0x54 build/src/Autons/Autons.o
 .text._ZNSt17_Function_handlerIFvvE3$_2E9_M_invokeERKSt9_Any_data
                0x038477b4        0x4 build/src/Autons/Autons.o
 .text._ZNSt14_Function_base13_Base_managerI3$_2E10_M_managerERSt9_Any_dataRKS3_St18_Manager_operation
                0x038477b8       0x54 build/src/Autons/Autons.o
 .text._ZNSt17_Function_handlerIFvvE3$_3E9_M_invokeERKSt9_Any_data
                0x0384780c        0x4 build/src/Autons/Autons.o
 .text._ZNSt14_Function_base13_Base_managerI3$_3E10_M_managerERSt9_Any_dataRKS3_St18_Manager_operation
                0x03847810       0x54 build/src/Autons/Autons.o
 .text._ZNSt17_Function_handlerIFvvE3$_4E9_M_invokeERKSt9_Any_data
                0x03847864        0x4 build/src/Autons/Autons.o
 .text._ZNSt14_Function_base13_Base_managerI3$_4E10_M_managerERSt9_Any_dataRKS3_St18_Manager_operation
                0x03847868       0x54 build/src/Autons/Autons.o
 .text._GLOBAL__sub_I_Autons.cpp
                0x038478bc      0x7ec build/src/Autons/Autons.o
 .text._ZNSt6vectorISt5tupleIJSsPN3vex6deviceEbEESaIS4_EED2Ev
                0x038480a8       0x48 build/include/robot-config.o
                0x038480a8                std::vector<std::tuple<std::string, vex::device*, bool>, std::allocator<std::tuple<std::string, vex::device*, bool> > >::~vector()
 .text._ZN9AddDeviceC2ESsPN3vex6deviceE
                0x038480f0       0x7c build/include/robot-config.o
                0x038480f0                AddDevice::AddDevice(std::string, vex::device*)
                0x038480f0                AddDevice::AddDevice(std::string, vex::device*)
 .text._ZN9AddDeviceC2ESsPN3vex5motorE
                0x0384816c       0xcc build/include/robot-config.o