Archive member included because of file (symbol)

build-lvgl\liblvgl.a(lv_init.o)
                              build/src/main.o (v5_lv_init)
build-lvgl\liblvgl.a(lv_obj_pos.o)
                              build/include/BrainOS/BotTracker.o (lv_obj_align)
build-lvgl\liblvgl.a(lv_obj_style_gen.o)
                              build-lvgl\liblvgl.a(lv_obj_pos.o) (lv_obj_set_style_align)
build-lvgl\liblvgl.a(lv_obj.o)
                              build-lvgl\liblvgl.a(lv_init.o) (lv_init)
build-lvgl\liblvgl.a(lv_obj_scroll.o)
                              build-lvgl\liblvgl.a(lv_obj.o) (lv_obj_get_scroll_dir)
build-lvgl\liblvgl.a(lv_obj_tree.o)
                              build/src/main.o (lv_obj_clean)
build-lvgl\liblvgl.a(lv_obj_style.o)
                              build-lvgl\liblvgl.a(lv_obj.o) (_lv_obj_style_create_transition)
build-lvgl\liblvgl.a(lv_group.o)
                              build-lvgl\liblvgl.a(lv_obj.o) (_lv_group_init)
build-lvgl\liblvgl.a(lv_event.o)
                              build-lvgl\liblvgl.a(lv_obj.o) (_lv_event_mark_deleted)
build-lvgl\liblvgl.a(lv_refr.o)
                              build-lvgl\liblvgl.a(lv_obj_pos.o) (_lv_inv_area)
build-lvgl\liblvgl.a(lv_obj_draw.o)
                              build-lvgl\liblvgl.a(lv_obj_pos.o) (_lv_obj_get_ext_draw_size)
build-lvgl\liblvgl.a(lv_indev.o)
                              build-lvgl\liblvgl.a(lv_obj.o) (lv_indev_get_act)
build-lvgl\liblvgl.a(lv_obj_class.o)
                              build-lvgl\liblvgl.a(lv_obj_tree.o) (_lv_obj_destruct)
build-lvgl\liblvgl.a(lv_disp.o)
                              build-lvgl\liblvgl.a(lv_obj_pos.o) (lv_disp_get_layer_sys)
build-lvgl\liblvgl.a(lv_draw_img.o)
                              build-lvgl\liblvgl.a(lv_refr.o) (lv_draw_img)
build-lvgl\liblvgl.a(lv_draw_mask.o)
                              build-lvgl\liblvgl.a(lv_refr.o) (_lv_draw_mask_cleanup)
build-lvgl\liblvgl.a(lv_img_cache.o)
                              build-lvgl\liblvgl.a(lv_draw_img.o) (_lv_img_cache_open)
build-lvgl\liblvgl.a(lv_draw.o)
                              build-lvgl\liblvgl.a(lv_obj.o) (lv_draw_init)
build-lvgl\liblvgl.a(lv_draw_rect.o)
                              build-lvgl\liblvgl.a(lv_obj.o) (lv_draw_rect)
build-lvgl\liblvgl.a(lv_draw_label.o)
                              build-lvgl\liblvgl.a(lv_draw_img.o) (lv_draw_label)
build-lvgl\liblvgl.a(lv_img_decoder.o)
                              build-lvgl\liblvgl.a(lv_obj.o) (_lv_img_decoder_init)
build-lvgl\liblvgl.a(lv_draw_line.o)
                              build-lvgl\liblvgl.a(lv_draw_label.o) (lv_draw_line)
build-lvgl\liblvgl.a(lv_img_buf.o)
                              build-lvgl\liblvgl.a(lv_draw_img.o) (_lv_img_buf_get_transformed_area)
build-lvgl\liblvgl.a(lv_extra.o)
                              build-lvgl\liblvgl.a(lv_obj.o) (lv_extra_init)
build-lvgl\liblvgl.a(lv_font_fmt_txt.o)
                              build-lvgl\liblvgl.a(lv_refr.o) (_lv_font_clean_up_fmt_txt)
build-lvgl\liblvgl.a(lv_font_montserrat_14.o)
                              build-lvgl\liblvgl.a(lv_draw_rect.o) (lv_font_montserrat_14)
build-lvgl\liblvgl.a(lv_font.o)
                              build-lvgl\liblvgl.a(lv_draw_label.o) (lv_font_get_glyph_width)
build-lvgl\liblvgl.a(lv_hal_indev.o)
                              build-lvgl\liblvgl.a(lv_indev.o) (_lv_indev_read)
build-lvgl\liblvgl.a(lv_hal_disp.o)
                              build-lvgl\liblvgl.a(lv_init.o) (lv_disp_draw_buf_init)
build-lvgl\liblvgl.a(lv_hal_tick.o)
                              build-lvgl\liblvgl.a(lv_refr.o) (lv_tick_elaps)
build-lvgl\liblvgl.a(lv_color.o)
                              build-lvgl\liblvgl.a(lv_draw_label.o) (lv_palette_main)
build-lvgl\liblvgl.a(lv_async.o)
                              build-lvgl\liblvgl.a(lv_obj_tree.o) (lv_async_call)
build-lvgl\liblvgl.a(lv_gc.o)
                              build-lvgl\liblvgl.a(lv_draw_mask.o) (_lv_circle_cache)
build-lvgl\liblvgl.a(lv_anim.o)
                              build-lvgl\liblvgl.a(lv_obj.o) (_lv_anim_core_init)
build-lvgl\liblvgl.a(lv_area.o)
                              build-lvgl\liblvgl.a(lv_obj_pos.o) (_lv_area_intersect)
build-lvgl\liblvgl.a(lv_math.o)
                              build-lvgl\liblvgl.a(lv_anim.o) (lv_bezier3)
build-lvgl\liblvgl.a(lv_fs.o)
                              build-lvgl\liblvgl.a(lv_obj.o) (_lv_fs_init)
build-lvgl\liblvgl.a(lv_ll.o)
                              build-lvgl\liblvgl.a(lv_group.o) (_lv_ll_clear)
build-lvgl\liblvgl.a(lv_mem.o)
                              build-lvgl\liblvgl.a(lv_obj.o) (lv_mem_alloc)
build-lvgl\liblvgl.a(lv_timer.o)
                              build-lvgl\liblvgl.a(lv_obj.o) (_lv_timer_core_init)
build-lvgl\liblvgl.a(lv_txt.o)
                              build-lvgl\liblvgl.a(lv_draw_label.o) (_lv_txt_encoded_get_char_id)
build-lvgl\liblvgl.a(lv_style.o)
                              build-lvgl\liblvgl.a(lv_obj_style.o) (_lv_style_get_prop_group)
[...]
Memory Configuration

Name             Origin             Length             Attributes
ps7_ddr_0_S_AXI_BASEADDR 0x03800000         0x04800000
*default*        0x00000000         0xffffffff

Linker script and memory map

                0x00800000                _HEAP_SIZE = 0x800000
                0x00002000                _STACK_SIZE = DEFINED (_STACK_SIZE)?_STACK_SIZE:0x2000
                0x00100000                _HEAP_SIZE = DEFINED (_HEAP_SIZE)?_HEAP_SIZE:0x100000
                0x00000400                _ABORT_STACK_SIZE = DEFINED (_ABORT_STACK_SIZE)?_ABORT_STACK_SIZE:0x400
                0x00000800                _SUPERVISOR_STACK_SIZE = DEFINED (_SUPERVISOR_STACK_SIZE)?_SUPERVISOR_STACK_SIZE:0x800
                0x00000400                _IRQ_STACK_SIZE = DEFINED (_IRQ_STACK_SIZE)?_IRQ_STACK_SIZE:0x400
                0x00000400                _FIQ_STACK_SIZE = DEFINED (_FIQ_STACK_SIZE)?_FIQ_STACK_SIZE:0x400
                0x00000400                _UNDEF_STACK_SIZE = DEFINED (_UNDEF_STACK_SIZE)?_UNDEF_STACK_SIZE:0x400

.text           0x03800000    0x57260
 *(.vectors)
 *(.boot_data)
 .boot_data     0x03800000       0x20 c:\Users\Student\AppData\Roaming\Code\User\globalStorage\vexrobotics.vexcode\sdk\cpp\V5\V5_20220726_10_00_00/vexv5\libv5rt.a(v5_startup.c.obj)
                0x03800000                vexCodeSig
                0x00000020                . = 0x20
 *(.boot)
 .boot          0x03800020       0xbc c:\Users\Student\AppData\Roaming\Code\User\globalStorage\vexrobotics.vexcode\sdk\cpp\V5\V5_20220726_10_00_00/vexv5\libv5rt.a(v5_startup.c.obj)
                0x03800020                vexStartup
                0x03800100                . = ALIGN (0x40)
 *fill*         0x038000dc       0x24 
 *(.freertos_vectors)
 *(.text)
 .text          0x03800100      0x164 build-lvgl\liblvgl.a(lv_init.o)
                0x03800100                lvgltask
                0x03800120                v5_lv_init
 .text          0x03800264     0x24b0 build-lvgl\liblvgl.a(lv_obj_pos.o)
                0x03800264                lv_obj_set_pos
                0x03800288                lv_obj_set_x
                0x038002e0                lv_obj_set_y
                0x03800338                lv_obj_refr_size
                0x03800cdc                lv_obj_get_width
                0x03800cf4                lv_obj_get_content_width
                0x03800d58                lv_clamp_width
                0x03800df4                lv_obj_get_height
                0x03800e0c                lv_obj_get_content_height
                0x03800e70                lv_clamp_height
                0x03800f0c                lv_obj_invalidate
                0x03800f94                lv_obj_get_coords
                0x03800fb8                lv_obj_get_content_coords
                0x0380107c                lv_obj_set_size
                0x038010a0                lv_obj_set_width
                0x038010f8                lv_obj_set_height
                0x03801150                lv_obj_set_content_width
                0x038011ac                lv_obj_set_content_height
                0x03801208                lv_obj_set_layout
                0x0380122c                lv_obj_mark_layout_as_dirty
                0x03801268                lv_obj_is_layout_positioned
                0x038012bc                lv_obj_update_layout
                0x038013d8                lv_layout_register
                0x03801444                lv_obj_set_align
                0x0380144c                lv_obj_align
                0x03801484                lv_obj_align_to
                0x03801bb0                lv_obj_get_x
                0x03801c14                lv_obj_get_x2
                0x03801c40                lv_obj_get_y
                0x03801ca4                lv_obj_get_y2
                0x03801cd0                lv_obj_get_x_aligned
                0x03801cec                lv_obj_get_y_aligned
                0x03801d08                lv_obj_get_self_width
                0x03801d38                lv_obj_get_self_height
                0x03801d64                lv_obj_refresh_self_size
                0x03801dbc                lv_obj_refr_pos
                0x03802110                lv_obj_move_to
                0x038022ec                lv_obj_move_children_by
                0x0380239c                lv_obj_invalidate_area
                0x038023f8                lv_obj_area_is_visible
                0x0380254c                lv_obj_is_visible
                0x038025a4                lv_obj_set_ext_click_area
                0x038025c4                lv_obj_get_click_area
                0x03802620                lv_obj_hit_test
 .text          0x03802714      0x520 build-lvgl\liblvgl.a(lv_obj_style_gen.o)
                0x03802714                lv_obj_set_style_width
                0x03802724                lv_obj_set_style_min_width
                0x03802734                lv_obj_set_style_max_width
                0x03802744                lv_obj_set_style_height
                0x03802754                lv_obj_set_style_min_height
                0x03802764                lv_obj_set_style_max_height
                0x03802774                lv_obj_set_style_x
                0x03802784                lv_obj_set_style_y
                0x03802794                lv_obj_set_style_align
                0x038027a4                lv_obj_set_style_transform_width
                0x038027b4                lv_obj_set_style_transform_height
                0x038027c4                lv_obj_set_style_translate_x
                0x038027d4                lv_obj_set_style_translate_y
                0x038027e4                lv_obj_set_style_transform_zoom
                0x038027f4                lv_obj_set_style_transform_angle
                0x03802804                lv_obj_set_style_pad_top
                0x03802814                lv_obj_set_style_pad_bottom
                0x03802824                lv_obj_set_style_pad_left
                0x03802834                lv_obj_set_style_pad_right
                0x03802844                lv_obj_set_style_pad_row
                0x03802854                lv_obj_set_style_pad_column
                0x03802864                lv_obj_set_style_bg_color
                0x03802874                lv_obj_set_style_bg_opa
                0x03802884                lv_obj_set_style_bg_grad_color
                0x03802894                lv_obj_set_style_bg_grad_dir
                0x038028a4                lv_obj_set_style_bg_main_stop
                0x038028b4                lv_obj_set_style_bg_grad_stop
                0x038028c4                lv_obj_set_style_bg_grad
                0x038028d4                lv_obj_set_style_bg_dither_mode
                0x038028e4                lv_obj_set_style_bg_img_src
                0x038028f4                lv_obj_set_style_bg_img_opa
                0x03802904                lv_obj_set_style_bg_img_recolor
                0x03802914                lv_obj_set_style_bg_img_recolor_opa
                0x03802924                lv_obj_set_style_bg_img_tiled
                0x03802934                lv_obj_set_style_border_color
                0x03802944                lv_obj_set_style_border_opa
                0x03802954                lv_obj_set_style_border_width
                0x03802964                lv_obj_set_style_border_side
                0x03802974                lv_obj_set_style_border_post
                0x03802984                lv_obj_set_style_outline_width
                0x03802994                lv_obj_set_style_outline_color
                0x038029a4                lv_obj_set_style_outline_opa
                0x038029b4                lv_obj_set_style_outline_pad
                0x038029c4                lv_obj_set_style_shadow_width
                0x038029d4                lv_obj_set_style_shadow_ofs_x
                0x038029e4                lv_obj_set_style_shadow_ofs_y
                0x038029f4                lv_obj_set_style_shadow_spread
                0x03802a04                lv_obj_set_style_shadow_color
                0x03802a14                lv_obj_set_style_shadow_opa
                0x03802a24                lv_obj_set_style_img_opa
                0x03802a34                lv_obj_set_style_img_recolor
                0x03802a44                lv_obj_set_style_img_recolor_opa
                0x03802a54                lv_obj_set_style_line_width
                0x03802a64                lv_obj_set_style_line_dash_width
                0x03802a74                lv_obj_set_style_line_dash_gap
                0x03802a84                lv_obj_set_style_line_rounded
                0x03802a94                lv_obj_set_style_line_color
                0x03802aa4                lv_obj_set_style_line_opa
                0x03802ab4                lv_obj_set_style_arc_width
                0x03802ac4                lv_obj_set_style_arc_rounded
                0x03802ad4                lv_obj_set_style_arc_color
                0x03802ae4                lv_obj_set_style_arc_opa
                0x03802af4                lv_obj_set_style_arc_img_src
                0x03802b04                lv_obj_set_style_text_color
                0x03802b14                lv_obj_set_style_text_opa
                0x03802b24                lv_obj_set_style_text_font
                0x03802b34                lv_obj_set_style_text_letter_space
                0x03802b44                lv_obj_set_style_text_line_space
                0x03802b54                lv_obj_set_style_text_decor
                0x03802b64                lv_obj_set_style_text_align
                0x03802b74                lv_obj_set_style_radius
                0x03802b84                lv_obj_set_style_clip_corner
                0x03802b94                lv_obj_set_style_opa
                0x03802ba4                lv_obj_set_style_color_filter_dsc
                0x03802bb4                lv_obj_set_style_color_filter_opa
                0x03802bc4                lv_obj_set_style_anim
                0x03802bd4                lv_obj_set_style_anim_time
                0x03802be4                lv_obj_set_style_anim_speed
                0x03802bf4                lv_obj_set_style_transition
                0x03802c04                lv_obj_set_style_blend_mode
                0x03802c14                lv_obj_set_style_layout
                0x03802c24                lv_obj_set_style_base_dir
 .text          0x03802c34     0x1530 build-lvgl\liblvgl.a(lv_obj.o)
                0x038039b8                lv_is_initialized
                0x038039c8                lv_init
                0x03803a38                lv_deinit
                0x03803a64                lv_obj_create
                0x03803a8c                lv_obj_add_flag
                0x03803b44                lv_obj_clear_flag
                0x03803c00                lv_obj_add_state
                0x03803f58                lv_obj_clear_state
                0x03803f6c                lv_obj_has_flag
                0x03803f84                lv_obj_has_flag_any
                0x03803f94                lv_obj_get_state
                0x03803f9c                lv_obj_has_state
                0x03803fac                lv_obj_get_group
                0x03803fc0                lv_obj_allocate_spec_attr
                0x03804030                lv_obj_check_type
                0x0380404c                lv_obj_has_class
                0x03804074                lv_obj_get_class
                0x0380407c                lv_obj_is_valid
 .text          0x03804164     0x1dbc build-lvgl\liblvgl.a(lv_obj_scroll.o)
                0x03804164                lv_obj_set_scrollbar_mode
                0x038041a8                lv_obj_set_scroll_dir
                0x038041e0                lv_obj_set_scroll_snap_x
                0x03804210                lv_obj_set_scroll_snap_y
                0x03804240                lv_obj_get_scrollbar_mode
                0x03804258                lv_obj_get_scroll_dir
                0x03804270                lv_obj_get_scroll_snap_x
                0x03804288                lv_obj_get_scroll_snap_y
                0x038042a0                lv_obj_get_scroll_x
                0x038042bc                lv_obj_get_scroll_y
                0x038042d8                lv_obj_get_scroll_top
                0x038042f4                lv_obj_get_scroll_bottom
                0x03804418                lv_obj_get_scroll_left
                0x03804584                lv_obj_get_scroll_right
                0x038046d4                lv_obj_get_scroll_end
                0x038047bc                lv_obj_scroll_by_bounded
                0x03804960                lv_obj_scroll_by
                0x03804bd0                lv_obj_scroll_to
                0x03804c00                lv_obj_scroll_to_x
                0x03804c50                lv_obj_scroll_to_y
                0x03804ca0                lv_obj_scroll_to_view
                0x038051b8                lv_obj_scroll_to_view_recursive
                0x03805224                lv_obj_is_scrolling
                0x0380527c                lv_obj_update_snap
                0x038052bc                lv_obj_get_scrollbar_area
                0x03805d90                lv_obj_scrollbar_invalidate
                0x03805e10                lv_obj_readjust_scroll
 .text          0x03805f20      0x93c build-lvgl\liblvgl.a(lv_obj_tree.o)
                0x03805f20                lv_obj_del
                0x03805fc0                lv_obj_get_parent
                0x03805fd0                lv_obj_get_disp
                0x03806224                lv_obj_clean
                0x03806288                lv_obj_get_child
                0x038062bc                lv_obj_del_delayed
                0x03806314                lv_obj_del_anim_ready_cb
                0x0380631c                lv_obj_del_async
                0x03806330                lv_obj_set_parent
                0x03806478                lv_obj_get_index
                0x03806500                lv_obj_get_child_cnt
                0x03806514                lv_obj_move_to_index
                0x03806648                lv_obj_swap
                0x03806728                lv_obj_get_screen
                0x03806744                lv_obj_tree_walk
 .text          0x0380685c     0x175c build-lvgl\liblvgl.a(lv_obj_style.o)
                0x0380685c                _lv_obj_style_init
                0x0380686c                lv_obj_add_style
                0x03806a84                lv_obj_refresh_style
                0x03806bec                lv_obj_remove_style
                0x03806dcc                lv_obj_style_get_selector_state
                0x03806dd4                lv_obj_style_get_selector_part
                0x03806ddc                lv_obj_report_style_change
                0x03806f54                lv_obj_enable_style_refresh
                0x03806f64                lv_obj_get_style_prop
                0x03807190                lv_obj_set_local_style_prop
                0x038072ec                lv_obj_get_local_style_prop
                0x03807348                lv_obj_remove_local_style_prop
                0x038073b8                _lv_obj_style_create_transition
                0x03807a64                _lv_obj_style_apply_color_filter
                0x03807ad4                _lv_obj_style_state_compare
                0x03807e7c                lv_obj_fade_in
                0x03807f08                lv_obj_fade_out
                0x03807f7c                lv_obj_calculate_style_text_align
 .text          0x03807fb8      0x9ec build-lvgl\liblvgl.a(lv_group.o)
                0x03807fb8                _lv_group_init
                0x03807fc8                lv_group_create
                0x0380801c                lv_group_del
                0x03808198                lv_group_set_default
                0x038081a8                lv_group_get_default
                0x038081b8                lv_group_add_obj
                0x038082e8                lv_group_swap_obj
                0x03808398                lv_group_focus_obj
                0x038084a8                lv_group_remove_obj
                0x038085c4                lv_group_remove_all_objs
                0x03808654                lv_group_set_editing
                0x038086bc                lv_group_focus_next
                0x038088a0                lv_group_focus_prev
                0x038088b4                lv_group_focus_freeze
                0x038088cc                lv_group_send_data
                0x03808918                lv_group_get_focused
                0x03808934                lv_group_set_focus_cb
                0x0380893c                lv_group_set_refocus_policy
                0x03808954                lv_group_set_wrap
                0x03808968                lv_group_get_focus_cb
                0x03808978                lv_group_get_editing
                0x0380898c                lv_group_get_wrap
                0x038089a0                lv_group_get_obj_count
 .text          0x038089a4      0x924 build-lvgl\liblvgl.a(lv_event.o)
                0x038089a4                lv_event_send
                0x03808cc8                lv_obj_event_base
                0x03808d28                lv_event_get_target
                0x03808d30                lv_event_get_current_target
                0x03808d38                lv_event_get_code
                0x03808d44                lv_event_get_param
                0x03808d4c                lv_event_get_user_data
                0x03808d54                lv_event_stop_bubbling
                0x03808d64                lv_event_stop_processing
                0x03808d74                lv_event_register_id
                0x03808d8c                _lv_event_mark_deleted
                0x03808dc8                lv_obj_add_event_cb
                0x03808e54                lv_obj_remove_event_cb
                0x03808f40                lv_obj_remove_event_cb_with_user_data
                0x03809048                lv_obj_remove_event_dsc
                0x03809138                lv_obj_get_event_user_data
                0x03809188                lv_event_get_indev
                0x038091a8                lv_event_get_draw_part_dsc
                0x038091c4                lv_event_get_draw_ctx
                0x038091e4                lv_event_get_old_size
                0x038091fc                lv_event_get_key
                0x03809220                lv_event_get_scroll_anim
                0x03809238                lv_event_set_ext_draw_size
                0x0380925c                lv_event_get_self_size_info
                0x03809274                lv_event_get_hit_test_info
                0x0380928c                lv_event_get_cover_area
                0x038092a8                lv_event_set_cover_res
 .text          0x038092c8     0x15dc build-lvgl\liblvgl.a(lv_refr.o)
                0x038092c8                _lv_refr_init
                0x038092cc                lv_refr_now
                0x03809330                _lv_disp_refr_timer
                0x03809a28                lv_refr_obj
                0x03809bc0                _lv_inv_area
                0x03809d60                _lv_refr_get_disp_refreshing
                0x03809d70                _lv_refr_set_disp_refreshing
 .text          0x0380a8a4      0xbe8 build-lvgl\liblvgl.a(lv_obj_draw.o)
                0x0380a8a4                lv_obj_init_draw_rect_dsc
                0x0380ad90                lv_obj_init_draw_label_dsc
                0x0380aeb4                lv_obj_init_draw_img_dsc
                0x0380afd4                lv_obj_init_draw_line_dsc
                0x0380b108                lv_obj_init_draw_arc_dsc
                0x0380b218                lv_obj_calculate_ext_draw_size
                0x0380b398                lv_obj_draw_dsc_init
                0x0380b3b8                lv_obj_draw_part_check_type
                0x0380b3e0                lv_obj_refresh_ext_draw_size
                0x0380b474                _lv_obj_get_ext_draw_size
 .text          0x0380b48c     0x157c build-lvgl\liblvgl.a(lv_indev.o)
                0x0380b48c                lv_indev_read_timer_cb
                0x0380bf58                lv_indev_enable
                0x0380bfb4                lv_indev_get_act
                0x0380bfc4                lv_indev_get_type
                0x0380bfd8                lv_indev_reset
                0x0380c10c                lv_indev_reset_long_press
                0x0380c138                lv_indev_set_cursor
                0x0380c19c                lv_indev_set_group
                0x0380c1b4                lv_indev_set_button_points
                0x0380c1c8                lv_indev_get_point
                0x0380c214                lv_indev_get_gesture_dir
                0x0380c220                lv_indev_get_key
                0x0380c23c                lv_indev_get_scroll_dir
                0x0380c268                lv_indev_get_scroll_obj
                0x0380c290                lv_indev_get_vect
                0x0380c2c8                lv_indev_wait_release
                0x0380c2dc                lv_indev_get_obj_act
                0x0380c2ec                lv_indev_get_read_timer
                0x0380c2fc                lv_indev_search_obj
 .text          0x0380ca08      0x340 build-lvgl\liblvgl.a(lv_obj_class.o)
                0x0380ca08                lv_obj_class_create_obj
                0x0380cb90                lv_obj_class_init_obj
                0x0380cca0                lv_obj_is_group_def
                0x0380ccd4                _lv_obj_destruct
                0x0380cd14                lv_obj_is_editable
 .text          0x0380cd48      0x9ec build-lvgl\liblvgl.a(lv_disp.o)
                0x0380cd48                lv_disp_get_scr_act
                0x0380cd74                lv_disp_get_scr_prev
                0x0380cda0                lv_disp_load_scr
                0x0380ce3c                lv_disp_get_layer_top
                0x0380ce68                lv_disp_get_layer_sys
                0x0380ce94                lv_disp_set_theme
                0x0380cf1c                lv_disp_get_theme
                0x0380cf3c                lv_disp_set_bg_color
                0x0380cfbc                lv_disp_set_bg_image
                0x0380d03c                lv_disp_set_bg_opa
                0x0380d0bc                lv_scr_load_anim
                0x0380d63c                lv_disp_get_inactive_time
                0x0380d6a0                lv_disp_trig_activity
                0x0380d6d0                lv_disp_clean_dcache
                0x0380d708                _lv_disp_get_refr_timer
 .text          0x0380d734      0x510 build-lvgl\liblvgl.a(lv_draw_img.o)
                0x0380d734                lv_draw_img_dsc_init
                0x0380d770                lv_draw_img
                0x0380db40                lv_img_cf_get_px_size
                0x0380dbac                lv_img_cf_is_chroma_keyed
                0x0380dbc4                lv_img_cf_has_alpha
                0x0380dbe4                lv_img_src_get_type
                0x0380dc18                lv_draw_img_decoded
 .text          0x0380dc44     0x23b0 build-lvgl\liblvgl.a(lv_draw_mask.o)
                0x0380dc44                lv_draw_mask_add
                0x0380dc8c                lv_draw_mask_apply
                0x0380dd20                lv_draw_mask_apply_ids
                0x0380dde0                lv_draw_mask_remove_id
                0x0380de08                lv_draw_mask_remove_custom
                0x0380de54                lv_draw_mask_free_param
                0x0380debc                _lv_draw_mask_cleanup
                0x0380defc                lv_draw_mask_get_cnt
                0x0380df2c                lv_draw_mask_is_any
                0x0380dfc8                lv_draw_mask_line_points_init
                0x0380e870                lv_draw_mask_line_angle_init
                0x0380e8d8                lv_draw_mask_angle_init
                0x0380edb0                lv_draw_mask_radius_init
                0x0380f824                lv_draw_mask_fade_init
                0x0380fa28                lv_draw_mask_map_init
                0x0380fb48                lv_draw_mask_polygon_init
 .text          0x0380fff4       0xa8 build-lvgl\liblvgl.a(lv_img_cache.o)
                0x0380fff4                _lv_img_cache_open
                0x03810094                lv_img_cache_set_size
                0x03810098                lv_img_cache_invalidate_src
 .text          0x0381009c        0x4 build-lvgl\liblvgl.a(lv_draw.o)
                0x0381009c                lv_draw_init
 .text          0x038100a0       0xb8 build-lvgl\liblvgl.a(lv_draw_rect.o)
                0x038100a0                lv_draw_rect_dsc_init
                0x03810114                lv_draw_rect
 .text          0x03810158      0x90c build-lvgl\liblvgl.a(lv_draw_label.o)
                0x03810158                lv_draw_label_dsc_init
                0x038101b8                lv_draw_label
                0x03810a5c                lv_draw_letter
 .text          0x03810a64      0xc34 build-lvgl\liblvgl.a(lv_img_decoder.o)
                0x03810a64                _lv_img_decoder_init
                0x03810abc                lv_img_decoder_create
                0x03810af0                lv_img_decoder_set_info_cb
                0x03810af8                lv_img_decoder_built_in_info
                0x03810c1c                lv_img_decoder_set_open_cb
                0x03810c24                lv_img_decoder_built_in_open
                0x03810edc                lv_img_decoder_set_read_line_cb
                0x03810ee4                lv_img_decoder_built_in_read_line
                0x03811348                lv_img_decoder_set_close_cb
                0x03811350                lv_img_decoder_built_in_close
                0x038113b0                lv_img_decoder_get_info
                0x03811464                lv_img_decoder_open
                0x038115d8                lv_img_decoder_read_line
                0x03811624                lv_img_decoder_close
                0x03811670                lv_img_decoder_delete
 .text          0x03811698       0x54 build-lvgl\liblvgl.a(lv_draw_line.o)
                0x03811698                lv_draw_line_dsc_init
                0x038116c8                lv_draw_line
 .text          0x038116ec     0x1390 build-lvgl\liblvgl.a(lv_img_buf.o)
                0x038116ec                lv_img_buf_get_px_color
                0x03811870                lv_img_buf_get_px_alpha
                0x03811998                lv_img_buf_set_px_alpha
                0x03811acc                lv_img_buf_set_px_color
                0x03811ca8                lv_img_buf_set_palette
                0x03811d2c                lv_img_buf_alloc
                0x03811dd4                lv_img_buf_get_img_size
                0x03811eec                lv_img_buf_free
                0x03811f1c                _lv_img_buf_transform_init
                0x0381208c                _lv_img_buf_get_transformed_area
                0x038122f0                _lv_img_buf_transform
                0x03812514                _lv_img_buf_transform_anti_alias
 .text          0x03812a7c       0x14 build-lvgl\liblvgl.a(lv_extra.o)
                0x03812a7c                lv_extra_init
 .text          0x03812a90      0x424 build-lvgl\liblvgl.a(lv_font_fmt_txt.o)
                0x03812a90                lv_font_get_bitmap_fmt_txt
                0x03812c80                lv_font_get_glyph_dsc_fmt_txt
                0x03812e68                _lv_font_clean_up_fmt_txt
 .text          0x03812eb4      0x174 build-lvgl\liblvgl.a(lv_font.o)
                0x03812eb4                lv_font_get_glyph_bitmap
                0x03812ec8                lv_font_get_glyph_dsc
                0x03812ff4                lv_font_get_glyph_width
 .text          0x03813028      0x25c build-lvgl\liblvgl.a(lv_hal_indev.o)
                0x03813028                lv_indev_drv_init
                0x03813060                lv_indev_drv_register
                0x038130e8                lv_indev_drv_update
                0x0381318c                lv_indev_delete
                0x038131e4                lv_indev_get_next
                0x03813208                _lv_indev_read
 .text          0x03813284      0xc84 build-lvgl\liblvgl.a(lv_hal_disp.o)
                0x03813284                lv_disp_drv_init
                0x038132f8                lv_disp_draw_buf_init
                0x03813328                lv_disp_drv_register
                0x03813500                lv_disp_drv_update
                0x03813648                lv_disp_get_hor_res
                0x03813694                lv_disp_get_ver_res
                0x038136f4                lv_disp_remove
                0x038137c4                lv_disp_get_default
                0x038137d4                lv_disp_set_default
                0x038137e4                lv_disp_get_physical_hor_res
                0x03813848                lv_disp_get_physical_ver_res
                0x038138ac                lv_disp_get_offset_x
                0x03813924                lv_disp_get_offset_y
                0x0381399c                lv_disp_get_antialiasing
                0x038139cc                lv_disp_get_dpi
                0x038139fc                lv_disp_flush_ready
                0x03813a10                lv_disp_flush_is_last
                0x03813a24                lv_disp_get_next
                0x03813a48                lv_disp_get_draw_buf
                0x03813a54                lv_disp_set_rotation
                0x03813a90                lv_disp_get_rotation
                0x03813ac0                lv_disp_drv_use_generic_set_px_cb
 .text          0x03813f08       0x84 build-lvgl\liblvgl.a(lv_hal_tick.o)
                0x03813f08                lv_tick_inc
                0x03813f30                lv_tick_get
                0x03813f5c                lv_tick_elaps
 .text          0x03813f8c      0x484 build-lvgl\liblvgl.a(lv_color.o)
                0x03813f8c                lv_color_fill
                0x03814000                lv_color_lighten
                0x03814054                lv_color_darken
                0x0381409c                lv_color_change_lightness
                0x03814108                lv_color_hsv_to_rgb
                0x0381424c                lv_color_rgb_to_hsv
                0x03814384                lv_color_to_hsv
                0x03814398                lv_palette_main
                0x038143b4                lv_palette_lighten
                0x038143e4                lv_palette_darken
 .text          0x03814410       0x98 build-lvgl\liblvgl.a(lv_async.o)
                0x03814410                lv_async_call
 .text          0x038144a8      0x12c build-lvgl\liblvgl.a(lv_gc.o)
                0x038144a8                _lv_gc_clear_roots
 .text          0x038145d4      0x994 build-lvgl\liblvgl.a(lv_anim.o)
                0x038145d4                _lv_anim_core_init
                0x038148e8                lv_anim_init
                0x03814938                lv_anim_path_linear
                0x03814980                lv_anim_start
                0x03814a6c                lv_anim_del
                0x03814b08                lv_anim_get_playtime
                0x03814b7c                lv_anim_del_all
                0x03814b98                lv_anim_get
                0x03814c04                lv_anim_count_running
                0x03814c58                lv_anim_speed_to_time
                0x03814c8c                lv_anim_refr_now
                0x03814c94                lv_anim_path_ease_in
                0x03814cf0                lv_anim_path_ease_out
                0x03814d4c                lv_anim_path_ease_in_out
                0x03814da8                lv_anim_path_overshoot
                0x03814e04                lv_anim_path_bounce
                0x03814f4c                lv_anim_path_step
 .text          0x03814f68      0xb84 build-lvgl\liblvgl.a(lv_area.o)
                0x03814f68                lv_area_set
                0x03814f80                lv_area_set_width
                0x03814f94                lv_area_set_height
                0x03814fa8                _lv_area_set_pos
                0x03814fe4                lv_area_get_size
                0x0381500c                lv_area_increase
                0x03815048                lv_area_move
                0x03815084                _lv_area_intersect
                0x038150fc                _lv_area_join
                0x03815150                _lv_area_is_point_on
                0x038152d4                _lv_area_is_on
                0x03815324                _lv_area_is_in
                0x03815418                _lv_area_is_out
                0x0381550c                _lv_area_is_equal
                0x0381555c                lv_area_align
 .text          0x03815aec      0x36c build-lvgl\liblvgl.a(lv_math.o)
                0x03815aec                lv_trigo_sin
                0x03815b80                lv_bezier3
                0x03815be4                lv_sqrt
                0x03815c30                lv_atan2
                0x03815d34                lv_pow
                0x03815dac                lv_map
                0x03815e1c                lv_rand
 .text          0x03815e58      0x99c build-lvgl\liblvgl.a(lv_fs.o)
                0x03815e58                _lv_fs_init
                0x03815e68                lv_fs_is_ready
                0x03815ea0                lv_fs_get_drv
                0x03815ef8                lv_fs_open
                0x03815fe8                lv_fs_close
                0x03816074                lv_fs_read
                0x038162b4                lv_fs_write
                0x03816334                lv_fs_seek
                0x03816454                lv_fs_tell
                0x038164b8                lv_fs_dir_open
                0x03816560                lv_fs_dir_read
                0x038165ac                lv_fs_dir_close
                0x03816600                lv_fs_drv_init
                0x03816608                lv_fs_drv_register
                0x03816630                lv_fs_get_letters
                0x038166a0                lv_fs_get_ext
                0x038166f8                lv_fs_up
                0x03816780                lv_fs_get_last
 .text          0x038167f4      0x428 build-lvgl\liblvgl.a(lv_ll.o)
                0x038167f4                _lv_ll_init
                0x0381680c                _lv_ll_ins_head
                0x03816864                _lv_ll_ins_prev
                0x038168e8                _lv_ll_get_head
                0x038168f8                _lv_ll_get_prev
                0x03816904                _lv_ll_ins_tail
                0x0381695c                _lv_ll_remove
                0x038169ec                _lv_ll_get_next
                0x038169fc                _lv_ll_get_tail
                0x03816a0c                _lv_ll_clear
                0x03816a58                _lv_ll_chg_list
                0x03816b14                _lv_ll_get_len
                0x03816b4c                _lv_ll_move_before
                0x03816bf4                _lv_ll_is_empty
 .text          0x03816c1c      0x970 build-lvgl\liblvgl.a(lv_mem.o)
                0x03816c1c                lv_mem_init
                0x03816c44                lv_mem_deinit
                0x03816c74                lv_mem_alloc
                0x03816cc4                lv_mem_monitor
                0x03816d3c                lv_mem_free
                0x03816d64                lv_mem_realloc
                0x03816dd0                lv_mem_test
                0x03816e2c                lv_memset
                0x03816f60                lv_mem_buf_get
                0x0381706c                lv_mem_buf_release
                0x038170b0                lv_mem_buf_free_all
                0x0381711c                lv_memcpy
                0x0381739c                lv_memset_00
                0x0381748c                lv_memset_ff
 .text          0x0381758c      0x408 build-lvgl\liblvgl.a(lv_timer.o)
                0x0381758c                _lv_timer_core_init
                0x038175b8                lv_timer_enable
                0x038175c8                lv_timer_handler
                0x03817834                lv_timer_create_basic
                0x03817844                lv_timer_create
                0x038178b4                lv_timer_set_cb
                0x038178bc                lv_timer_del
                0x038178f4                lv_timer_pause
                0x03817904                lv_timer_resume
                0x03817914                lv_timer_set_period
                0x0381791c                lv_timer_ready
                0x03817940                lv_timer_set_repeat_count
                0x03817948                lv_timer_reset
                0x03817960                lv_timer_get_idle
                0x03817970                lv_timer_get_next
 .text          0x03817994      0xdcc build-lvgl\liblvgl.a(lv_txt.o)
                0x03817e2c                lv_txt_get_size
                0x03817f70                _lv_txt_get_next_line
                0x038183d8                lv_txt_get_width
                0x03818518                _lv_txt_encoded_letter_next_2
                0x03818574                _lv_txt_is_cmd
                0x038185d8                _lv_txt_ins
                0x03818678                _lv_txt_cut
                0x038186f0                _lv_txt_set_text_vfmt
 .text          0x03818760      0x6e0 build-lvgl\liblvgl.a(lv_style.o)
                0x03818760                lv_style_init
                0x03818768                lv_style_reset
                0x038187a8                lv_style_register_prop
                0x03818850                lv_style_get_num_custom_props
                0x03818868                lv_style_remove_prop
                0x038189c4                lv_style_set_prop
                0x03818b40                _lv_style_get_prop_group
                0x03818b50                lv_style_get_prop
                0x03818c18                lv_style_transition_dsc_init
                0x03818c60                lv_style_prop_get_default
                0x03818dc0                lv_style_is_empty
                0x03818dd0                _lv_style_prop_lookup_flags
 .text          0x03818e40       0x7c build-lvgl\liblvgl.a(lv_utils.o)
                0x03818e40                _lv_utils_bsearch
 .text          0x03818ebc      0x300 build-lvgl\liblvgl.a(lv_line.o)
                0x03819144                lv_line_create
                0x0381916c                lv_line_set_points
                0x03819190                lv_line_set_y_invert
                0x038191b0                lv_line_get_y_invert
 *fill*         0x038191bc        0x4 
 .text          0x038191c0     0x1bd4 build-lvgl\liblvgl.a(lv_label.o)
                0x0381972c                lv_label_create
                0x03819754                lv_label_set_text
                0x03819f98                lv_label_set_text_fmt
                0x0381a024                lv_label_set_text_static
                0x0381a078                lv_label_set_long_mode
                0x0381a1a4                lv_label_set_recolor
                0x0381a1c4                lv_label_set_text_sel_start
                0x0381a1cc                lv_label_set_text_sel_end
                0x0381a1d4                lv_label_get_text
                0x0381a1dc                lv_label_get_long_mode
                0x0381a1e8                lv_label_get_recolor
                0x0381a1f4                lv_label_get_letter_pos
                0x0381a55c                lv_label_get_letter_on
                0x0381a908                lv_label_is_char_under_pos
                0x0381ac4c                lv_label_get_text_selection_start
                0x0381ac54                lv_label_get_text_selection_end
                0x0381ac5c                lv_label_ins_text
                0x0381ad0c                lv_label_cut_text
 .text          0x0381ad94      0x14c build-lvgl\liblvgl.a(lv_draw_sw.o)
                0x0381ad94                lv_draw_sw_init_ctx
                0x0381ae28                lv_draw_sw_wait_for_finish
                0x0381ae2c                lv_draw_sw_buffer_copy
                0x0381aed4                lv_draw_sw_deinit_ctx
 .text          0x0381aee0      0x5c0 build-lvgl\liblvgl.a(lv_draw_sw_letter.o)
                0x0381aee0                lv_draw_sw_letter
 .text          0x0381b4a0      0xb34 build-lvgl\liblvgl.a(lv_draw_sw_line.o)
                0x0381b4a0                lv_draw_sw_line
 .text          0x0381bfd4      0x834 build-lvgl\liblvgl.a(lv_draw_sw_img.o)
                0x0381bfd4                lv_draw_sw_img_decoded
 .text          0x0381c808     0x1304 build-lvgl\liblvgl.a(lv_flex.o)
                0x0381c808                lv_flex_init
                0x0381ce24                lv_obj_set_flex_flow
                0x0381ce68                lv_obj_set_style_flex_flow
                0x0381ce80                lv_obj_set_flex_align
                0x0381cf04                lv_obj_set_style_flex_main_place
                0x0381cf1c                lv_obj_set_style_flex_cross_place
                0x0381cf34                lv_obj_set_style_flex_track_place
                0x0381cf4c                lv_obj_set_flex_grow
                0x0381cf84                lv_obj_set_style_flex_grow
                0x0381cf9c                lv_style_set_flex_flow
                0x0381cfb0                lv_style_set_flex_main_place
                0x0381cfc4                lv_style_set_flex_cross_place
                0x0381cfd8                lv_style_set_flex_track_place
                0x0381cfec                lv_style_set_flex_grow
 .text          0x0381db0c     0x1388 build-lvgl\liblvgl.a(lv_grid.o)
                0x0381db0c                lv_grid_init
                0x0381e978                lv_obj_set_grid_dsc_array
                0x0381e9dc                lv_obj_set_style_grid_column_dsc_array
                0x0381e9f4                lv_obj_set_style_grid_row_dsc_array
                0x0381ea0c                lv_obj_set_grid_align
                0x0381ea58                lv_obj_set_style_grid_column_align
                0x0381ea70                lv_obj_set_style_grid_row_align
                0x0381ea88                lv_obj_set_grid_cell
                0x0381eb50                lv_obj_set_style_grid_cell_column_pos
                0x0381eb68                lv_obj_set_style_grid_cell_row_pos
                0x0381eb80                lv_obj_set_style_grid_cell_x_align
                0x0381eb98                lv_obj_set_style_grid_cell_column_span
                0x0381ebb0                lv_obj_set_style_grid_cell_row_span
                0x0381ebc8                lv_obj_set_style_grid_cell_y_align
                0x0381ebe0                lv_style_set_grid_row_dsc_array
                0x0381ebf4                lv_style_set_grid_column_dsc_array
                0x0381ec08                lv_style_set_grid_row_align
                0x0381ec1c                lv_style_set_grid_column_align
                0x0381ec30                lv_style_set_grid_cell_column_pos
                0x0381ec44                lv_style_set_grid_cell_column_span
                0x0381ec58                lv_style_set_grid_cell_row_pos
                0x0381ec6c                lv_style_set_grid_cell_row_span
                0x0381ec80                lv_style_set_grid_cell_x_align
                0x0381ec94                lv_style_set_grid_cell_y_align
 .text          0x0381ee94     0x5dec build-lvgl\liblvgl.a(lv_theme_default.o)
                0x0381ee94                lv_theme_default_init
                0x0381ef8c                lv_theme_default_is_inited
                0x03824ba8                lv_theme_default_get
 .text          0x03824c80      0x1f0 build-lvgl\liblvgl.a(lv_calendar_header_dropdown.o)
                0x03824d54                lv_calendar_header_dropdown_create
 .text          0x03824e70      0x27c build-lvgl\liblvgl.a(lv_calendar_header_arrow.o)
                0x03824fc0                lv_calendar_header_arrow_create
 .text          0x038250ec      0x8b0 build-lvgl\liblvgl.a(lv_calendar.o)
                0x03825224                lv_calendar_create
                0x0382524c                lv_calendar_set_day_names
                0x0382526c                lv_calendar_set_today_date
                0x038253cc                lv_calendar_set_highlighted_dates
                0x038253e4                lv_calendar_set_showed_date
                0x038257d0                lv_calendar_get_btnmatrix
                0x038257d8                lv_calendar_get_today_date
                0x038257e0                lv_calendar_get_showed_date
                0x038257e8                lv_calendar_get_highlighted_dates
                0x038257f0                lv_calendar_get_highlighted_dates_num
                0x038257f8                lv_calendar_get_pressed_date
 *fill*         0x0382599c        0x4 
 .text          0x038259a0     0x37bc build-lvgl\liblvgl.a(lv_chart.o)
                0x038277a0                lv_chart_create
                0x038277c8                lv_chart_set_type
                0x038278a8                lv_chart_refresh
                0x038278ac                lv_chart_set_point_count
                0x03827acc                lv_chart_set_range
                0x03827b2c                lv_chart_set_update_mode
                0x03827b50                lv_chart_set_div_line_count
                0x03827b74                lv_chart_set_zoom_x
                0x03827bb0                lv_chart_set_zoom_y
                0x03827bec                lv_chart_get_zoom_x
                0x03827bf4                lv_chart_get_zoom_y
                0x03827bfc                lv_chart_set_axis_tick
                0x03827c98                get_tick_gsc
                0x03827ce4                lv_chart_get_type
                0x03827cf0                lv_chart_get_point_count
                0x03827cf8                lv_chart_get_x_start_point
                0x03827d08                lv_chart_get_point_pos_by_id
                0x03827fb4                lv_chart_add_series
                0x038280ac                lv_chart_remove_series
                0x038280fc                lv_chart_hide_series
                0x0382811c                lv_chart_set_series_color
                0x03828130                lv_chart_set_x_start_point
                0x0382814c                lv_chart_get_series_next
                0x03828160                lv_chart_add_cursor
                0x038281b0                lv_chart_set_cursor_pos
                0x038281dc                lv_chart_set_cursor_point
                0x0382822c                lv_chart_get_cursor_point
                0x0382823c                lv_chart_set_all_value
                0x03828288                lv_chart_set_next_value
                0x03828548                lv_chart_set_next_value2
                0x038285b4                lv_chart_set_value_by_id
                0x038285e0                lv_chart_set_value_by_id2
                0x0382863c                lv_chart_set_ext_y_array
                0x03828694                lv_chart_set_ext_x_array
                0x038286ec                lv_chart_get_y_array
                0x038286fc                lv_chart_get_x_array
                0x0382870c                lv_chart_get_pressed_point
 .text          0x0382915c     0x102c build-lvgl\liblvgl.a(lv_colorwheel.o)
                0x03829d64                lv_colorwheel_create
                0x03829d9c                lv_colorwheel_set_hsv
                0x03829f3c                lv_colorwheel_set_rgb
                0x03829f6c                lv_colorwheel_set_mode
                0x03829fa0                lv_colorwheel_set_mode_fixed
                0x03829fb4                lv_colorwheel_get_hsv
                0x03829fbc                lv_colorwheel_get_rgb
                0x03829fcc                lv_colorwheel_get_color_mode
                0x03829fd8                lv_colorwheel_get_color_mode_fixed
 .text          0x0382a188      0x584 build-lvgl\liblvgl.a(lv_keyboard.o)
                0x0382a218                lv_keyboard_create
                0x0382a240                lv_keyboard_set_textarea
                0x0382a288                lv_keyboard_set_mode
                0x0382a2c4                lv_keyboard_set_popovers
                0x0382a394                lv_keyboard_set_map
                0x0382a3d4                lv_keyboard_get_textarea
                0x0382a3dc                lv_keyboard_get_mode
                0x0382a3e4                lv_btnmatrix_get_popovers
                0x0382a3f0                lv_keyboard_def_event_cb
 .text          0x0382a70c      0x540 build-lvgl\liblvgl.a(lv_led.o)
                0x0382abb0                lv_led_create
                0x0382abd8                lv_led_set_color
                0x0382abe0                lv_led_set_brightness
                0x0382abfc                lv_led_on
                0x0382ac14                lv_led_off
                0x0382ac2c                lv_led_toggle
                0x0382ac44                lv_led_get_brightness
 .text          0x0382ac4c      0xc8c build-lvgl\liblvgl.a(lv_menu.o)
                0x0382aeec                lv_menu_create
                0x0382af14                lv_menu_page_create
                0x0382af7c                lv_menu_cont_create
                0x0382afa4                lv_menu_section_create
                0x0382afcc                lv_menu_separator_create
                0x0382aff4                lv_menu_set_page
                0x0382b154                lv_menu_clear_history
                0x0382b230                lv_menu_set_sidebar_page
                0x0382b5d8                lv_menu_set_mode_header
                0x0382b628                lv_menu_set_mode_root_back_btn
                0x0382b64c                lv_menu_set_load_page_event
                0x0382b7dc                lv_menu_get_cur_main_page
                0x0382b7e4                lv_menu_get_cur_sidebar_page
                0x0382b7ec                lv_menu_get_main_header
                0x0382b7f4                lv_menu_get_main_header_back_btn
                0x0382b7fc                lv_menu_get_sidebar_header
                0x0382b804                lv_menu_get_sidebar_header_back_btn
                0x0382b80c                lv_menu_back_btn_is_root
 .text          0x0382b8d8     0x1484 build-lvgl\liblvgl.a(lv_meter.o)
                0x0382c5d4                lv_meter_create
                0x0382c5fc                lv_meter_add_scale
                0x0382c664                lv_meter_set_scale_ticks
                0x0382c68c                lv_meter_set_scale_major_ticks
                0x0382c6bc                lv_meter_set_scale_range
                0x0382c6e4                lv_meter_add_needle_line
                0x0382c748                lv_meter_add_needle_img
                0x0382c7ac                lv_meter_add_arc
                0x0382c810                lv_meter_add_scale_lines
                0x0382c890                lv_meter_set_indicator_value
                0x0382cc7c                lv_meter_set_indicator_start_value
                0x0382ccec                lv_meter_set_indicator_end_value
 *fill*         0x0382cd5c        0x4 
 .text          0x0382cd60      0x72c build-lvgl\liblvgl.a(lv_spinbox.o)
                0x0382d02c                lv_spinbox_create
                0x0382d054                lv_spinbox_set_value
                0x0382d214                lv_spinbox_set_rollover
                0x0382d22c                lv_spinbox_set_digit_format
                0x0382d2a4                lv_spinbox_set_step
                0x0382d2ac                lv_spinbox_set_range
                0x0382d2e0                lv_spinbox_set_pos
                0x0382d344                lv_spinbox_set_digit_step_direction
                0x0382d360                lv_spinbox_get_value
                0x0382d368                lv_spinbox_get_step
                0x0382d370                lv_spinbox_step_next
                0x0382d398                lv_spinbox_step_prev
                0x0382d3c8                lv_spinbox_get_rollover
                0x0382d3d4                lv_spinbox_increment
                0x0382d430                lv_spinbox_decrement
 .text          0x0382d48c      0x120 build-lvgl\liblvgl.a(lv_spinner.o)
                0x0382d558                lv_spinner_create
 .text          0x0382d5ac      0x77c build-lvgl\liblvgl.a(lv_tabview.o)
                0x0382d8a0                lv_tabview_create
                0x0382d8e4                lv_tabview_add_tab
                0x0382dae0                lv_tabview_get_content
                0x0382dae8                lv_tabview_get_tab_btns
                0x0382daf0                lv_tabview_set_act
                0x0382dbe8                lv_tabview_get_tab_act
 .text          0x0382dd28      0x3a4 build-lvgl\liblvgl.a(lv_tileview.o)
                0x0382de24                lv_tileview_create
                0x0382de4c                lv_tileview_add_tile
                0x0382de9c                lv_obj_set_tile
                0x0382def0                lv_obj_set_tile_id
                0x0382dfb0                lv_tileview_get_tile_act
 .text          0x0382e0cc      0x194 build-lvgl\liblvgl.a(lv_win.o)
                0x0382e178                lv_win_create
                0x0382e1b0                lv_win_add_title
                0x0382e1f4                lv_win_get_header
                0x0382e1fc                lv_win_add_btn
                0x0382e258                lv_win_get_content
 .text          0x0382e260     0x1204 build-lvgl\liblvgl.a(lv_indev_scroll.o)
                0x0382e260                _lv_indev_scroll_handler
                0x0382ebd4                _lv_indev_scroll_throw_handler
                0x0382f3a4                lv_indev_scroll_throw_predict
                0x0382f424                lv_indev_scroll_get_snap_dist
 .text          0x0382f464      0x160 build-lvgl\liblvgl.a(lv_theme.o)
                0x0382f464                lv_theme_get_from_obj
                0x0382f488                lv_theme_apply
                0x0382f50c                lv_theme_set_parent
                0x0382f514                lv_theme_set_apply_cb
                0x0382f51c                lv_theme_get_font_small
                0x0382f53c                lv_theme_get_font_normal
                0x0382f55c                lv_theme_get_font_large
                0x0382f57c                lv_theme_get_color_primary
                0x0382f5a0                lv_theme_get_color_secondary
 .text          0x0382f5c4      0x624 build-lvgl\liblvgl.a(lv_draw_arc.o)
                0x0382f5c4                lv_draw_arc_dsc_init
                0x0382f5f4                lv_draw_arc
                0x0382f63c                lv_draw_arc_get_area
 .text          0x0382fbe8      0xd90 build-lvgl\liblvgl.a(lv_printf.o)
                0x0382fbe8                lv_snprintf
                0x038304c8                lv_vsnprintf
 .text          0x03830978      0x3d8 build-lvgl\liblvgl.a(lv_style_gen.o)
                0x03830978                lv_style_set_width
                0x03830984                lv_style_set_min_width
                0x03830990                lv_style_set_max_width
                0x0383099c                lv_style_set_height
                0x038309a8                lv_style_set_min_height
                0x038309b4                lv_style_set_max_height
                0x038309c0                lv_style_set_x
                0x038309cc                lv_style_set_y
                0x038309d8                lv_style_set_align
                0x038309e4                lv_style_set_transform_width
                0x038309f0                lv_style_set_transform_height
                0x038309fc                lv_style_set_translate_x
                0x03830a08                lv_style_set_translate_y
                0x03830a14                lv_style_set_transform_zoom
                0x03830a20                lv_style_set_transform_angle
                0x03830a2c                lv_style_set_pad_top
                0x03830a38                lv_style_set_pad_bottom
                0x03830a44                lv_style_set_pad_left
                0x03830a50                lv_style_set_pad_right
                0x03830a5c                lv_style_set_pad_row
                0x03830a68                lv_style_set_pad_column
                0x03830a74                lv_style_set_bg_color
                0x03830a80                lv_style_set_bg_opa
                0x03830a8c                lv_style_set_bg_grad_color
                0x03830a98                lv_style_set_bg_grad_dir
                0x03830aa4                lv_style_set_bg_main_stop
                0x03830ab0                lv_style_set_bg_grad_stop
                0x03830abc                lv_style_set_bg_grad
                0x03830ac8                lv_style_set_bg_dither_mode
                0x03830ad4                lv_style_set_bg_img_src
                0x03830ae0                lv_style_set_bg_img_opa
                0x03830aec                lv_style_set_bg_img_recolor
                0x03830af8                lv_style_set_bg_img_recolor_opa
                0x03830b04                lv_style_set_bg_img_tiled
                0x03830b10                lv_style_set_border_color
                0x03830b1c                lv_style_set_border_opa
                0x03830b28                lv_style_set_border_width
                0x03830b34                lv_style_set_border_side
                0x03830b40                lv_style_set_border_post
                0x03830b4c                lv_style_set_outline_width
                0x03830b58                lv_style_set_outline_color
                0x03830b64                lv_style_set_outline_opa
                0x03830b70                lv_style_set_outline_pad
                0x03830b7c                lv_style_set_shadow_width
                0x03830b88                lv_style_set_shadow_ofs_x
                0x03830b94                lv_style_set_shadow_ofs_y
                0x03830ba0                lv_style_set_shadow_spread
                0x03830bac                lv_style_set_shadow_color
                0x03830bb8                lv_style_set_shadow_opa
                0x03830bc4                lv_style_set_img_opa
                0x03830bd0                lv_style_set_img_recolor
                0x03830bdc                lv_style_set_img_recolor_opa
                0x03830be8                lv_style_set_line_width
                0x03830bf4                lv_style_set_line_dash_width
                0x03830c00                lv_style_set_line_dash_gap
                0x03830c0c                lv_style_set_line_rounded
                0x03830c18                lv_style_set_line_color
                0x03830c24                lv_style_set_line_opa
                0x03830c30                lv_style_set_arc_width
                0x03830c3c                lv_style_set_arc_rounded
                0x03830c48                lv_style_set_arc_color
                0x03830c54                lv_style_set_arc_opa
                0x03830c60                lv_style_set_arc_img_src
                0x03830c6c                lv_style_set_text_color
                0x03830c78                lv_style_set_text_opa
                0x03830c84                lv_style_set_text_font
                0x03830c90                lv_style_set_text_letter_space
                0x03830c9c                lv_style_set_text_line_space
                0x03830ca8                lv_style_set_text_decor
                0x03830cb4                lv_style_set_text_align
                0x03830cc0                lv_style_set_radius
                0x03830ccc                lv_style_set_clip_corner
                0x03830cd8                lv_style_set_opa
                0x03830ce4                lv_style_set_color_filter_dsc
                0x03830cf0                lv_style_set_color_filter_opa
                0x03830cfc                lv_style_set_anim
                0x03830d08                lv_style_set_anim_time
                0x03830d14                lv_style_set_anim_speed
                0x03830d20                lv_style_set_transition
                0x03830d2c                lv_style_set_blend_mode
                0x03830d38                lv_style_set_layout
                0x03830d44                lv_style_set_base_dir
 .text          0x03830d50      0xd20 build-lvgl\liblvgl.a(lv_tlsf.o)
                0x03830d50                lv_tlsf_check
                0x03830ea0                lv_tlsf_walk_pool
                0x03830f14                lv_tlsf_block_size
                0x03830f28                lv_tlsf_check_pool
                0x03830f8c                lv_tlsf_size
                0x03830f94                lv_tlsf_align_size
                0x03830f9c                lv_tlsf_block_size_min
                0x03830fa4                lv_tlsf_block_size_max
                0x03830fac                lv_tlsf_pool_overhead
                0x03830fb4                lv_tlsf_alloc_overhead
                0x03830fbc                lv_tlsf_add_pool
                0x038310d4                lv_tlsf_remove_pool
                0x038311cc                lv_tlsf_create
                0x0383123c                lv_tlsf_create_with_pool
                0x038312c0                lv_tlsf_destroy
                0x038312c4                lv_tlsf_get_pool
                0x038312d0                lv_tlsf_malloc
                0x038314e8                lv_tlsf_memalign
                0x03831660                lv_tlsf_free
                0x038317e0                lv_tlsf_realloc
 .text          0x03831a70      0xcf0 build-lvgl\liblvgl.a(lv_bar.o)
                0x0383241c                lv_bar_create
                0x03832444                lv_bar_set_value
                0x03832564                lv_bar_set_start_value
                0x038325d0                lv_bar_set_range
                0x0383265c                lv_bar_get_mode
                0x03832668                lv_bar_set_mode
                0x0383268c                lv_bar_get_value
                0x038326a4                lv_bar_get_start_value
                0x038326d4                lv_bar_get_min_value
                0x038326dc                lv_bar_get_max_value
 .text          0x03832760      0x5ac build-lvgl\liblvgl.a(lv_checkbox.o)
                0x03832c28                lv_checkbox_create
                0x03832c50                lv_checkbox_set_text
                0x03832cbc                lv_checkbox_set_text_static
                0x03832d04                lv_checkbox_get_text
 *fill*         0x03832d0c        0x4 
 .text          0x03832d10     0x1258 build-lvgl\liblvgl.a(lv_arc.o)
                0x0383361c                lv_arc_create
                0x03833644                lv_arc_set_start_angle
                0x0383381c                lv_arc_set_end_angle
                0x038338c4                lv_arc_set_angles
                0x038338ec                lv_arc_set_bg_start_angle
                0x03833acc                lv_arc_set_bg_end_angle
                0x03833b6c                lv_arc_set_bg_angles
                0x03833b94                lv_arc_set_rotation
                0x03833b9c                lv_arc_set_mode
                0x03833c38                lv_arc_set_value
                0x03833c78                lv_arc_set_range
                0x03833cd4                lv_arc_set_change_rate
                0x03833cdc                lv_arc_get_angle_start
                0x03833ce4                lv_arc_get_angle_end
                0x03833cec                lv_arc_get_bg_angle_start
                0x03833cf4                lv_arc_get_bg_angle_end
                0x03833cfc                lv_arc_get_value
                0x03833d04                lv_arc_get_min_value
                0x03833d0c                lv_arc_get_max_value
                0x03833d14                lv_arc_get_mode
 .text          0x03833f68     0x18dc build-lvgl\liblvgl.a(lv_btnmatrix.o)
                0x03834c44                lv_btnmatrix_create
                0x03834c6c                lv_btnmatrix_set_map
                0x038350bc                lv_btnmatrix_set_ctrl_map
                0x038350e8                lv_btnmatrix_set_selected_btn
                0x03835260                lv_btnmatrix_set_btn_ctrl
                0x03835314                lv_btnmatrix_clear_btn_ctrl_all
                0x0383535c                lv_btnmatrix_clear_btn_ctrl
                0x038353ac                lv_btnmatrix_set_btn_ctrl_all
                0x038353f4                lv_btnmatrix_set_btn_width
                0x0383541c                lv_btnmatrix_set_one_checked
                0x038354d8                lv_btnmatrix_get_map
                0x038354e0                lv_btnmatrix_get_selected_btn
                0x038354e8                lv_btnmatrix_get_btn_text
                0x03835594                lv_btnmatrix_has_btn_ctrl
                0x038355c8                lv_btnmatrix_get_one_checked
 .text          0x03835844     0x1a1c build-lvgl\liblvgl.a(lv_table.o)
                0x03836518                lv_table_create
                0x03836540                lv_table_set_cell_value
                0x0383661c                lv_table_set_col_cnt
                0x038367d4                lv_table_set_row_cnt
                0x03836b88                lv_table_set_cell_value_fmt
                0x03836e28                lv_table_set_col_width
                0x03836e70                lv_table_add_cell_ctrl
                0x03836f28                lv_table_clear_cell_ctrl
                0x03836fe0                lv_table_get_cell_value
                0x03837024                lv_table_get_row_cnt
                0x0383702c                lv_table_get_col_cnt
                0x03837034                lv_table_get_col_width
                0x03837054                lv_table_has_cell_ctrl
                0x038370a4                lv_table_get_selected_cell
 .text          0x03837260     0x1a7c build-lvgl\liblvgl.a(lv_textarea.o)
                0x038379f8                lv_textarea_create
                0x03837a20                lv_textarea_add_char
                0x03837d48                lv_textarea_clear_selection
                0x03837e20                lv_textarea_set_cursor_pos
                0x03837fa0                lv_textarea_get_cursor_pos
                0x03837fa8                lv_textarea_add_text
                0x03838138                lv_textarea_get_accepted_chars
                0x03838140                lv_textarea_get_max_length
                0x03838148                lv_textarea_del_char
                0x0383824c                lv_textarea_del_char_forward
                0x0383827c                lv_textarea_set_text
                0x038383e0                lv_textarea_set_placeholder_text
                0x03838814                lv_textarea_set_cursor_click_pos
                0x03838828                lv_textarea_set_password_mode
                0x038388cc                lv_textarea_set_one_line
                0x03838968                lv_textarea_set_accepted_chars
                0x03838970                lv_textarea_set_max_length
                0x03838978                lv_textarea_set_insert_replace
                0x03838988                lv_textarea_set_text_selection
                0x038389a4                lv_textarea_set_password_show_time
                0x038389ac                lv_textarea_set_align
                0x038389f8                lv_textarea_get_label
                0x03838a00                lv_textarea_get_text
                0x03838a18                lv_textarea_get_placeholder_text
                0x03838a30                lv_textarea_get_cursor_click_pos
                0x03838a3c                lv_textarea_get_password_mode
                0x03838a48                lv_textarea_get_one_line
                0x03838a54                lv_textarea_text_is_selected
                0x03838a90                lv_textarea_get_text_selection
                0x03838a9c                lv_textarea_get_password_show_time
                0x03838aa4                lv_textarea_cursor_right
                0x03838ab0                lv_textarea_cursor_left
                0x03838ac4                lv_textarea_cursor_down
                0x03838b64                lv_textarea_cursor_up
 .text          0x03838cdc     0x175c build-lvgl\liblvgl.a(lv_dropdown.o)
                0x03839644                lv_dropdown_create
                0x0383966c                lv_dropdown_set_text
                0x03839680                lv_dropdown_set_options
                0x0383975c                lv_dropdown_set_options_static
                0x03839808                lv_dropdown_add_option
                0x03839a18                lv_dropdown_clear_options
                0x03839a78                lv_dropdown_set_selected
                0x03839a9c                lv_dropdown_set_dir
                0x03839ac0                lv_dropdown_set_symbol
                0x03839ac8                lv_dropdown_set_selected_highlight
                0x03839aec                lv_dropdown_get_list
                0x03839af4                lv_dropdown_get_text
                0x03839afc                lv_dropdown_get_options
                0x03839b14                lv_dropdown_get_selected
                0x03839b1c                lv_dropdown_get_option_cnt
                0x03839b24                lv_dropdown_get_selected_str
                0x03839c0c                lv_dropdown_get_symbol
                0x03839c14                lv_dropdown_get_selected_highlight
                0x03839c20                lv_dropdown_get_dir
                0x03839c2c                lv_dropdown_open
                0x0383a01c                lv_dropdown_close
                0x0383a058                lv_dropdown_is_open
 .text          0x0383a438     0x1340 build-lvgl\liblvgl.a(lv_img.o)
                0x0383af24                lv_img_create
                0x0383af4c                lv_img_set_src
                0x0383b148                lv_img_set_offset_x
                0x0383b174                lv_img_set_offset_y
                0x0383b1a0                lv_img_set_angle
                0x0383b328                lv_img_set_pivot
                0x0383b4b4                lv_img_set_zoom
                0x0383b64c                lv_img_set_antialias
                0x0383b66c                lv_img_set_size_mode
                0x0383b694                lv_img_get_src
                0x0383b69c                lv_img_get_offset_x
                0x0383b6a4                lv_img_get_offset_y
                0x0383b6ac                lv_img_get_angle
                0x0383b6b4                lv_img_get_pivot
                0x0383b6c8                lv_img_get_zoom
                0x0383b6d0                lv_img_get_antialias
                0x0383b6dc                lv_img_get_size_mode
 .text          0x0383b778     0x1120 build-lvgl\liblvgl.a(lv_roller.o)
                0x0383c0d4                lv_roller_create
                0x0383c0fc                lv_roller_set_options
                0x0383c30c                lv_roller_set_selected
                0x0383c57c                lv_roller_set_visible_row_count
                0x0383c5e0                lv_roller_get_selected
                0x0383c62c                lv_roller_get_selected_str
                0x0383c6f4                lv_roller_get_options
                0x0383c70c                lv_roller_get_option_cnt
 .text          0x0383c898      0xc3c build-lvgl\liblvgl.a(lv_slider.o)
                0x0383d370                lv_slider_create
                0x0383d398                lv_slider_is_dragged
 .text          0x0383d4d4       0x50 build-lvgl\liblvgl.a(lv_btn.o)
                0x0383d4fc                lv_btn_create
 .text          0x0383d524      0x448 build-lvgl\liblvgl.a(lv_switch.o)
                0x0383d92c                lv_switch_create
 .text          0x0383d96c     0x109c build-lvgl\liblvgl.a(lv_draw_sw_arc.o)
                0x0383d96c                lv_draw_sw_arc
 .text          0x0383ea08     0x2a50 build-lvgl\liblvgl.a(lv_draw_sw_rect.o)
                0x0383ea08                lv_draw_sw_rect
                0x03840854                lv_draw_sw_bg
                0x03840880                draw_border_generic
 .text          0x03841458     0x1b04 build-lvgl\liblvgl.a(lv_draw_sw_blend.o)
                0x03841458                lv_draw_sw_blend
                0x038414bc                lv_draw_sw_blend_basic
 .text          0x03842f5c      0x454 build-lvgl\liblvgl.a(lv_draw_sw_polygon.o)
                0x03842f5c                lv_draw_sw_polygon
 .text          0x038433b0      0x564 build-lvgl\liblvgl.a(lv_draw_sw_gradient.o)
                0x038433b0                lv_gradient_free_cache
                0x038433ec                lv_gradient_set_cache_size
                0x03843444                lv_gradient_get
                0x03843734                lv_gradient_calculate
                0x0384386c                lv_gradient_cleanup
 .text          0x03843914       0x3a c:\Users\Student\AppData\Roaming\Code\User\globalStorage\vexrobotics.vexcode\sdk\cpp\V5\V5_20220726_10_00_00/vexv5/gcc/libs\libc.a(lib_a-aeabi_memmove-soft.o)
                0x03843914                __aeabi_memmove8
                0x03843914                __aeabi_memmove4
                0x03843914                __aeabi_memmove
 .text          0x0384394e       0x9a c:\Users\Student\AppData\Roaming\Code\User\globalStorage\vexrobotics.vexcode\sdk\cpp\V5\V5_20220726_10_00_00/vexv5/gcc/libs\libc.a(lib_a-aeabi_memset-soft.o)
                0x0384394e                __aeabi_memset8
                0x0384394e                __aeabi_memset
                0x0384394e                __aeabi_memset4
 *(.text.*)
 .text._Z13windowsLoaderb
                0x038439e8      0x2e8 build/src/main.o
                0x038439e8                windowsLoader(bool)
 .text._Z1si    0x03843cd0        0x4 build/src/main.o
                0x03843cd0                s(int)
 .text._ZlsRSoR7PVector
                0x03843cd4       0x6c build/src/main.o
                0x03843cd4                operator<<(std::ostream&, PVector&)
 .text._Z5toCcpd
                0x03843d40      0x260 build/src/main.o
                0x03843d40                toCcp(double)
 .text._ZNSt6vectorIP7PotDialSaIS1_EED2Ev
                0x03843fa0       0x24 build/src/main.o
                0x03843fa0                std::vector<PotDial*, std::allocator<PotDial*> >::~vector()
 .text._ZNSt3mapISt6vectorIiSaIiEESt8functionIFvvEESt4lessIS2_ESaISt4pairIKS2_S5_EEED2Ev
                0x03843fc4       0x1c build/src/main.o
                0x03843fc4                std::map<std::vector<int, std::allocator<int> >, std::function<void ()>, std::less<std::vector<int, std::allocator<int> > >, std::allocator<std::pair<std::vector<int, std::allocator<int> > const, std::function<void ()> > > >::~map()
 .text._ZNSt6vectorIPN3vex6threadESaIS2_EED2Ev
                0x03843fe0       0x24 build/src/main.o
                0x03843fe0                std::vector<vex::thread*, std::allocator<vex::thread*> >::~vector()
 .text._ZNSt10_List_baseISt8functionIFvvEESaIS2_EED2Ev
                0x03844004       0x18 build/src/main.o
                0x03844004                std::_List_base<std::function<void ()>, std::allocator<std::function<void ()> > >::~_List_base()
 *fill*         0x0384401c        0x4 
 .text._Z14updateBotAngleb
                0x03844020      0x258 build/src/main.o
                0x03844020                updateBotAngle(bool)
 .text._Z9microWaitj
                0x03844278       0x5c build/src/main.o
                0x03844278                microWait(unsigned int)
 .text._Z14executeThreadsv
                0x038442d4       0x64 build/src/main.o
                0x038442d4                executeThreads()
 .text._Z14updateSharePosv
                0x03844338       0x24 build/src/main.o
                0x03844338                updateSharePos()
 *fill*         0x0384435c        0x4 
 .text._ZN9GPS_Share6updateEv
                0x03844360      0x1a0 build/src/main.o
                0x03844360                GPS_Share::update()
 .text._ZNSt6vectorIP5AutonSaIS1_EED2Ev
                0x03844500       0x24 build/src/main.o
                0x03844500                std::vector<Auton*, std::allocator<Auton*> >::~vector()
 .text._ZNSt6vectorIP6ButtonSaIS1_EED2Ev
                0x03844524       0x24 build/src/main.o
                0x03844524                std::vector<Button*, std::allocator<Button*> >::~vector()
 .text._ZN6ButtonD2Ev
                0x03844548       0x1c build/src/main.o
                0x03844548                Button::~Button()
 .text._ZN5AutonC2ESsSt8functionIFvvEE
                0x03844564       0xd8 build/src/main.o
                0x03844564                Auton::Auton(std::string, std::function<void ()>)
 .text._ZplPKcSt8functionIFvvEE
                0x0384463c       0xc0 build/src/main.o
                0x0384463c                operator+(char const*, std::function<void ()>)
 .text._ZN15BasicLinkedListIN3bos5BosFnERS1_PS1_S1_ED2Ev
                0x038446fc       0x28 build/src/main.o
                0x038446fc                BasicLinkedList<bos::BosFn, bos::BosFn&, bos::BosFn*, bos::BosFn>::~BasicLinkedList()
 .text._ZN5AutonD2Ev
                0x03844724       0x44 build/src/main.o
                0x03844724                Auton::~Auton()
 .text._Z9autonInitv
                0x03844768       0xf4 build/src/main.o
                0x03844768                autonInit()
 .text._Z10autonomousv
                0x0384485c       0xec build/src/main.o
                0x0384485c                autonomous()
 .text._ZN5Auton9callAutonEv
                0x03844948      0x12c build/src/main.o
                0x03844948                Auton::callAuton()
 .text._Z11runFlywheelv
                0x03844a74       0x24 build/src/main.o
                0x03844a74                runFlywheel()
 .text._Z9printVarsb
                0x03844a98      0x754 build/src/main.o
                0x03844a98                printVars(bool)
 *fill*         0x038451ec        0x4 
 .text._Z8drawPathb
                0x038451f0      0x110 build/src/main.o
                0x038451f0                drawPath(bool)
 .text._Z7brainOSv
                0x03845300      0xa18 build/src/main.o
                0x03845300                brainOS()
 .text._ZN5Auton11selectAutonEb
                0x03845d18      0x380 build/src/main.o
                0x03845d18                Auton::selectAuton(bool)
 .text._ZN3bos5BosFn4callEb
                0x03846098       0x50 build/src/main.o
                0x03846098                bos::BosFn::call(bool)
 .text._ZN15BasicLinkedListIN3bos5BosFnERS1_PS1_S1_E10popCurrentEv
                0x038460e8      0x14c build/src/main.o
                0x038460e8                BasicLinkedList<bos::BosFn, bos::BosFn&, bos::BosFn*, bos::BosFn>::popCurrent()
 .text._ZN6Button4drawEPKc
                0x03846234       0x64 build/src/main.o
                0x03846234                Button::draw(char const*)
 .text._ZN6Button7clickedEv
                0x03846298       0xb8 build/src/main.o
                0x03846298                Button::clicked()
 .text.main     0x03846350      0x104 build/src/main.o
                0x03846350                main
 .text.__cxx_global_var_init.53
                0x03846454       0x50 build/src/main.o
 .text.__cxx_global_var_init.54
                0x038464a4       0x60 build/src/main.o
 .text._ZN15BasicLinkedListIN3bos5BosFnERS1_PS1_S1_E8ListNodeD2Ev
                0x03846504       0x4c build/src/main.o
                0x03846504                BasicLinkedList<bos::BosFn, bos::BosFn&, bos::BosFn*, bos::BosFn>::ListNode::~ListNode()
 .text._ZNSt8_Rb_treeISt6vectorIiSaIiEESt4pairIKS2_St8functionIFvvEEESt10_Select1stIS8_ESt4lessIS2_ESaIS8_EE8_M_eraseEPSt13_Rb_tree_nodeIS8_E
                0x03846550       0x6c build/src/main.o
                0x03846550                std::_Rb_tree<std::vector<int, std::allocator<int> >, std::pair<std::vector<int, std::allocator<int> > const, std::function<void ()> >, std::_Select1st<std::pair<std::vector<int, std::allocator<int> > const, std::function<void ()> > >, std::less<std::vector<int, std::allocator<int> > >, std::allocator<std::pair<std::vector<int, std::allocator<int> > const, std::function<void ()> > > >::_M_erase(std::_Rb_tree_node<std::pair<std::vector<int, std::allocator<int> > const, std::function<void ()> > >*)
 .text._ZNSt10_List_baseISt8functionIFvvEESaIS2_EE8_M_clearEv
                0x038465bc       0x50 build/src/main.o
                0x038465bc                std::_List_base<std::function<void ()>, std::allocator<std::function<void ()> > >::_M_clear()
 .text._ZN5AutonC2Ev
                0x0384660c       0x90 build/src/main.o
                0x0384660c                Auton::Auton()
 .text._ZNSt6vectorIP5AutonSaIS1_EE19_M_emplace_back_auxIJS1_EEEvDpOT_
                0x0384669c       0x8c build/src/main.o
                0x0384669c                void std::vector<Auton*, std::allocator<Auton*> >::_M_emplace_back_aux<Auton*>(Auton*&&)
 .text._ZNKSt6vectorIP5AutonSaIS1_EE12_M_check_lenEjPKc
                0x03846728       0x54 build/src/main.o
                0x03846728                std::vector<Auton*, std::allocator<Auton*> >::_M_check_len(unsigned int, char const*) const
 .text._ZNSt12_Vector_baseIP5AutonSaIS1_EE11_M_allocateEj
                0x0384677c       0x30 build/src/main.o
                0x0384677c                std::_Vector_base<Auton*, std::allocator<Auton*> >::_M_allocate(unsigned int)
 .text._ZNSt8functionIFvvEEaSERKS1_
                0x038467ac       0xa4 build/src/main.o
                0x038467ac                std::function<void ()>::operator=(std::function<void ()> const&)
 .text._ZN15BasicLinkedListIN3bos5BosFnERS1_PS1_S1_E10destructorEv
                0x03846850       0x70 build/src/main.o
                0x03846850                BasicLinkedList<bos::BosFn, bos::BosFn&, bos::BosFn*, bos::BosFn>::destructor()
 .text._ZN15BasicLinkedListIN3bos5BosFnERS1_PS1_S1_E7popBaseEv
                0x038468c0      0x104 build/src/main.o
                0x038468c0                BasicLinkedList<bos::BosFn, bos::BosFn&, bos::BosFn*, bos::BosFn>::popBase()
 .text._ZNSt14_Function_baseD2Ev
                0x038469c4       0x30 build/src/main.o
                0x038469c4                std::_Function_base::~_Function_base()
 .text._ZNSt8functionIFvbEEaSERKS1_
                0x038469f4       0xa4 build/src/main.o
                0x038469f4                std::function<void (bool)>::operator=(std::function<void (bool)> const&)
 .text._ZNSt6vectorIP6ButtonSaIS1_EE19_M_emplace_back_auxIJS1_EEEvDpOT_
                0x03846a98       0x8c build/src/main.o
                0x03846a98                void std::vector<Button*, std::allocator<Button*> >::_M_emplace_back_aux<Button*>(Button*&&)
 .text._ZNKSt6vectorIP6ButtonSaIS1_EE12_M_check_lenEjPKc
                0x03846b24       0x54 build/src/main.o
                0x03846b24                std::vector<Button*, std::allocator<Button*> >::_M_check_len(unsigned int, char const*) const
 .text._ZNSt12_Vector_baseIP6ButtonSaIS1_EE11_M_allocateEj
                0x03846b78       0x30 build/src/main.o
                0x03846b78                std::_Vector_base<Button*, std::allocator<Button*> >::_M_allocate(unsigned int)
 .text._ZNSt17_Function_handlerIFbbEPS0_E9_M_invokeERKSt9_Any_datab
                0x03846ba8        0xc build/src/main.o
                0x03846ba8                std::_Function_handler<bool (bool), bool (*)(bool)>::_M_invoke(std::_Any_data const&, bool)
 .text._ZNSt14_Function_base13_Base_managerIPFbbEE10_M_managerERSt9_Any_dataRKS4_St18_Manager_operation
                0x03846bb4       0x24 build/src/main.o
                0x03846bb4                std::_Function_base::_Base_manager<bool (*)(bool)>::_M_manager(std::_Any_data&, std::_Any_data const&, std::_Manager_operation)
 .text._ZN6Button9drawClickEPKc
                0x03846bd8       0x64 build/src/main.o
                0x03846bd8                Button::drawClick(char const*)
 *fill*         0x03846c3c        0x4 
 .text._ZZ4mainEN3$_78__invokeEv
                0x03846c40      0x1e8 build/src/main.o
 .text._Z8gyroInitIN3vex8inertialEEvRT_
                0x03846e28      0x1b8 build/src/main.o
                0x03846e28                void gyroInit<vex::inertial>(vex::inertial&)
 .text._Z8gyroInitIN3vex3gpsEEvRT_
                0x03846fe0      0x1b8 build/src/main.o
                0x03846fe0                void gyroInit<vex::gps>(vex::gps&)
 .text._ZNSt6vectorIPN3vex6threadESaIS2_EE19_M_emplace_back_auxIJRKS2_EEEvDpOT_
                0x03847198       0x8c build/src/main.o
                0x03847198                void std::vector<vex::thread*, std::allocator<vex::thread*> >::_M_emplace_back_aux<vex::thread* const&>(vex::thread* const&)
 .text._ZNKSt6vectorIPN3vex6threadESaIS2_EE12_M_check_lenEjPKc
                0x03847224       0x54 build/src/main.o
                0x03847224                std::vector<vex::thread*, std::allocator<vex::thread*> >::_M_check_len(unsigned int, char const*) const
 .text._ZNSt12_Vector_baseIPN3vex6threadESaIS2_EE11_M_allocateEj
                0x03847278       0x30 build/src/main.o
                0x03847278                std::_Vector_base<vex::thread*, std::allocator<vex::thread*> >::_M_allocate(unsigned int)
 .text._ZNSt17_Function_handlerIFvvEN11SelectorArr3$_0EE9_M_invokeERKSt9_Any_data
                0x038472a8        0x4 build/src/main.o
 .text._ZNSt14_Function_base13_Base_managerIN11SelectorArr3$_0EE10_M_managerERSt9_Any_dataRKS4_St18_Manager_operation
                0x038472ac       0x54 build/src/main.o
 .text._ZNSt4listISt8functionIFvvEESaIS2_EE8_M_eraseESt14_List_iteratorIS2_E
                0x03847300       0x3c build/src/main.o
                0x03847300                std::list<std::function<void ()>, std::allocator<std::function<void ()> > >::_M_erase(std::_List_iterator<std::function<void ()> >)
 .text._ZNSt17_Function_handlerIFvvE3$_2E9_M_invokeERKSt9_Any_data
                0x0384733c       0x88 build/src/main.o
 .text._ZNSt14_Function_base13_Base_managerI3$_2E10_M_managerERSt9_Any_dataRKS3_St18_Manager_operation
                0x038473c4       0x54 build/src/main.o
 .text._ZNSt17_Function_handlerIFvvE3$_3E9_M_invokeERKSt9_Any_data
                0x03847418       0x88 build/src/main.o
 .text._ZNSt14_Function_base13_Base_managerI3$_3E10_M_managerERSt9_Any_dataRKS3_St18_Manager_operation
                0x038474a0       0x54 build/src/main.o
 .text._ZNSt17_Function_handlerIFvvE3$_4E9_M_invokeERKSt9_Any_data
                0x038474f4        0x4 build/src/main.o
 .text._ZNSt14_Function_base13_Base_managerI3$_4E10_M_managerERSt9_Any_dataRKS3_St18_Manager_operation
                0x038474f8       0x54 build/src/main.o
 .text._ZNSt17_Function_handlerIFvvE3$_5E9_M_invokeERKSt9_Any_data
                0x0384754c        0x4 build/src/main.o
 .text._ZNSt14_Function_base13_Base_managerI3$_5E10_M_managerERSt9_Any_dataRKS3_St18_Manager_operation
                0x03847550       0x54 build/src/main.o
 .text._ZNSt17_Function_handlerIFvvE3$_6E9_M_invokeERKSt9_Any_data
                0x038475a4        0x4 build/src/main.o
 .text._ZNSt14_Function_base13_Base_managerI3$_6E10_M_managerERSt9_Any_dataRKS3_St18_Manager_operation
                0x038475a8       0x54 build/src/main.o
 .text._ZN15BasicLinkedListIN3bos5BosFnERS1_PS1_S1_E9basicPushILb1EEEvS2_
                0x038475fc       0x58 build/src/main.o
                0x038475fc                void BasicLinkedList<bos::BosFn, bos::BosFn&, bos::BosFn*, bos::BosFn>::basicPush<true>(bos::BosFn&)
 .text._ZN15BasicLinkedListIN3bos5BosFnERS1_PS1_S1_E8ListNodeC2EOS1_
                0x03847654       0x58 build/src/main.o
                0x03847654                BasicLinkedList<bos::BosFn, bos::BosFn&, bos::BosFn*, bos::BosFn>::ListNode::ListNode(bos::BosFn&&)
 .text._ZNSt8functionIFbbEEaSEOS1_
                0x038476ac       0x64 build/src/main.o
                0x038476ac                std::function<bool (bool)>::operator=(std::function<bool (bool)>&&)
 .text._ZNSt8functionIFvbEEaSEOS1_
                0x03847710       0x64 build/src/main.o
                0x03847710                std::function<void (bool)>::operator=(std::function<void (bool)>&&)
 .text._ZNSt17_Function_handlerIFvbEPS0_E9_M_invokeERKSt9_Any_datab
                0x03847774        0xc build/src/main.o
                0x03847774                std::_Function_handler<void (bool), void (*)(bool)>::_M_invoke(std::_Any_data const&, bool)
 .text._ZNSt14_Function_base13_Base_managerIPFvbEE10_M_managerERSt9_Any_dataRKS4_St18_Manager_operation
                0x03847780       0x24 build/src/main.o
                0x03847780                std::_Function_base::_Base_manager<void (*)(bool)>::_M_manager(std::_Any_data&, std::_Any_data const&, std::_Manager_operation)
 .text._ZN15BasicLinkedListIN3bos5BosFnERS1_PS1_S1_E6popEndEv
                0x038477a4      0x104 build/src/main.o
                0x038477a4                BasicLinkedList<bos::BosFn, bos::BosFn&, bos::BosFn*, bos::BosFn>::popEnd()
 .text._GLOBAL__sub_I_main.cpp
                0x038478a8      0x77c build/src/main.o
 .text._ZN3vex11motor_groupC2IJNS_5motorES2_EEERS2_DpRT_
                0x03848024       0x44 build/include/robot-config.o
                0x03848024                vex::motor_group::motor_group<vex::motor, vex::motor>(vex::motor&, vex::motor&, vex::motor&)
 .text._ZN8NewMotorIN3vex5motorEED2Ev
                0x03848068       0x24 build/include/robot-config.o
                0x03848068                NewMotor<vex::motor>::~NewMotor()
 .text._ZN7EncoderD2Ev
                0x0384808c       0x4c build/include/robot-config.o
                0x0384808c                Encoder::~Encoder()
 .text._ZN18FlywheelTBHEncoderD2Ev
                0x038480d8       0x84 build/include/robot-config.o
                0x038480d8                FlywheelTBHEncoder::~FlywheelTBHEncoder()
 .text._ZN11LineCounterC2ERN3vex7triport4portE
                0x0384815c       0x90 build/include/robot-config.o
                0x0384815c                LineCounter::LineCounter(vex::triport::port&)
 .text._ZNSt6vectorI3RefIN3vex7triport4portEESaIS4_EED2Ev
                0x038481ec       0x24 build/include/robot-config.o
                0x038481ec                std::vector<Ref<vex::triport::port>, std::allocator<Ref<vex::triport::port> > >::~vector()
 .text._ZNSt6vectorI3RefIN3vex7triport4portEESaIS4_EEC2ERKS6_
                0x03848210       0x6c build/include/robot-config.o
                0x03848210                std::vector<Ref<vex::triport::port>, std::allocator<Ref<vex::triport::port> > >::vector(std::vector<Ref<vex::triport::port>, std::allocator<Ref<vex::triport::port> > > const&)
 .text._ZNSt6vectorIdSaIdEEC2ESt16initializer_listIdERKS0_
                0x0384827c       0x58 build/include/robot-config.o
                0x0384827c                std::vector<double, std::allocator<double> >::vector(std::initializer_list<double>, std::allocator<double> const&)
 .text._ZN10PositionerC2ESt6vectorI3RefIN3vex7triport4portEESaIS5_EES7_S0_IdSaIdEES9_S9_S9_ddd
                0x038482d4      0x30c build/include/robot-config.o
                0x038482d4                Positioner::Positioner(std::vector<Ref<vex::triport::port>, std::allocator<Ref<vex::triport::port> > >, std::vector<Ref<vex::triport::port>, std::allocator<Ref<vex::triport::port> > >, std::vector<double, std::allocator<double> >, std::vector<double, std::allocator<double> >, std::vector<double, std::allocator<double> >, std::vector<double, std::allocator<double> >, double, double, double)
 .text._ZN10PositionerD2Ev
                0x038485e0       0x9c build/include/robot-config.o
                0x038485e0                Positioner::~Positioner()
 .text._ZN9GPS_ShareD2Ev
                0x0384867c       0x44 build/include/robot-config.o
                0x0384867c                GPS_Share::~GPS_Share()
 .text._ZN7ChassisD2Ev
                0x038486c0       0x34 build/include/robot-config.o
                0x038486c0                Chassis::~Chassis()
 .text._ZN21PurePursuitControllerD2Ev
                0x038486f4       0x70 build/include/robot-config.o
                0x038486f4                PurePursuitController::~PurePursuitController()
 .text._ZN18BasicPidControllerD2Ev
                0x03848764       0xbc build/include/robot-config.o
                0x03848764                BasicPidController::~BasicPidController()
 .text._ZN16Omni_6ControllerC2EP7ChassisP17RamseteControllerP21PurePursuitControllerP18BasicPidController4PIDFd
                0x03848820       0xb8 build/include/robot-config.o
                0x03848820                Omni_6Controller::Omni_6Controller(Chassis*, RamseteController*, PurePursuitController*, BasicPidController*, PIDF, double)
 .text._ZN20BasicWheelControllerD2Ev
                0x038488d8       0xe8 build/include/robot-config.o
                0x038488d8                BasicWheelController::~BasicWheelController()
 .text._Z16graphFlywheelTBHb
                0x038489c0       0x10 build/include/robot-config.o
                0x038489c0                graphFlywheelTBH(bool)
 .text._Z19testMotorConnectionv