Archive member included because of file (symbol)

C:\Program Files (x86)\VEX Robotics\VEXcode Pro V5\sdk/vexv5\libv5rt.a(v5_startup.c.obj)
                              (vexStartup)
C:\Program Files (x86)\VEX Robotics\VEXcode Pro V5\sdk/vexv5\libv5rt.a(v5_util.c.obj)
                              C:\Program Files (x86)\VEX Robotics\VEXcode Pro V5\sdk/vexv5\libv5rt.a(v5_startup.c.obj) (vexStdlibVersionLinked)
C:\Program Files (x86)\VEX Robotics\VEXcode Pro V5\sdk/vexv5\libv5rt.a(v5_apijump.c.obj)
                              C:\Program Files (x86)\VEX Robotics\VEXcode Pro V5\sdk/vexv5\libv5rt.a(v5_startup.c.obj) (vexPrivateApiEnable)
C:\Program Files (x86)\VEX Robotics\VEXcode Pro V5\sdk/vexv5\libv5rt.a(v5_apiversions.c.obj)
                              C:\Program Files (x86)\VEX Robotics\VEXcode Pro V5\sdk/vexv5\libv5rt.a(v5_apijump.c.obj) (vexSystemVersion)
C:\Program Files (x86)\VEX Robotics\VEXcode Pro V5\sdk/vexv5\libv5rt.a(vex_global.cpp.obj)
                              build/src/main.o (vex::purple)
C:\Program Files (x86)\VEX Robotics\VEXcode Pro V5\sdk/vexv5\libv5rt.a(vex_motor.cpp.obj)
                              build/src/main.o (vex::motor::~motor())
C:\Program Files (x86)\VEX Robotics\VEXcode Pro V5\sdk/vexv5\libv5rt.a(vex_imu.cpp.obj)
                              build/src/main.o (vex::inertial::~inertial())
C:\Program Files (x86)\VEX Robotics\VEXcode Pro V5\sdk/vexv5\libv5rt.a(vex_distance.cpp.obj)
                              build/include/Sensors/Distance.o (vex::distance::installed())
C:\Program Files (x86)\VEX Robotics\VEXcode Pro V5\sdk/vexv5\libv5rt.a(vex_gps.cpp.obj)
                              build/src/main.o (vex::gps::~gps())
C:\Program Files (x86)\VEX Robotics\VEXcode Pro V5\sdk/vexv5\libv5rt.a(vex_controller.cpp.obj)
                              build/src/main.o (vex::controller::~controller())
C:\Program Files (x86)\VEX Robotics\VEXcode Pro V5\sdk/vexv5\libv5rt.a(vex_task.cpp.obj)
                              build/src/main.o (vex::task::sleep(unsigned long))
C:\Program Files (x86)\VEX Robotics\VEXcode Pro V5\sdk/vexv5\libv5rt.a(vex_thread.cpp.obj)
                              build/src/main.o (vex::thread::thread(int (*)()))
C:\Program Files (x86)\VEX Robotics\VEXcode Pro V5\sdk/vexv5\libv5rt.a(vex_event.cpp.obj)
                              C:\Program Files (x86)\VEX Robotics\VEXcode Pro V5\sdk/vexv5\libv5rt.a(vex_imu.cpp.obj) (vex::event::init(unsigned long, unsigned long, void (*)()))
C:\Program Files (x86)\VEX Robotics\VEXcode Pro V5\sdk/vexv5\libv5rt.a(vex_mevent.cpp.obj)
                              C:\Program Files (x86)\VEX Robotics\VEXcode Pro V5\sdk/vexv5\libv5rt.a(vex_controller.cpp.obj) (vex::mevent::mevent(unsigned long, unsigned long))
C:\Program Files (x86)\VEX Robotics\VEXcode Pro V5\sdk/vexv5\libv5rt.a(vex_brain.cpp.obj)
                              build/src/main.o (vex::brain::lcd::setCursor(long, long))
C:\Program Files (x86)\VEX Robotics\VEXcode Pro V5\sdk/vexv5\libv5rt.a(vex_competition.cpp.obj)
                              build/src/main.o (vex::competition::competition())
C:\Program Files (x86)\VEX Robotics\VEXcode Pro V5\sdk/vexv5\libv5rt.a(vex_triport.cpp.obj)
                              build/src/main.o (vex::triport::~triport())
C:\Program Files (x86)\VEX Robotics\VEXcode Pro V5\sdk/vexv5\libv5rt.a(vex_color.cpp.obj)
                              build/src/main.o (vex::color::~color())
C:\Program Files (x86)\VEX Robotics\VEXcode Pro V5\sdk/vexv5\libv5rt.a(vex_timer.cpp.obj)
                              build/include/Odometry/EPA_Wheel_Control.o (vex::timer::~timer())
C:\Program Files (x86)\VEX Robotics\VEXcode Pro V5\sdk/vexv5\libv5rt.a(vex_motorgroup.cpp.obj)
                              build/src/main.o (vex::motor_group::motor_group())
C:\Program Files (x86)\VEX Robotics\VEXcode Pro V5\sdk/vexv5\libv5rt.a(v5_apiuser.c.obj)
                              C:\Program Files (x86)\VEX Robotics\VEXcode Pro V5\sdk/vexv5\libv5rt.a(vex_triport.cpp.obj) (vexAdiPortConfigSet)
C:\Program Files (x86)\VEX Robotics\VEXcode Pro V5\sdk/vexv5\libv5rt.a(vex_device.cpp.obj)
                              C:\Program Files (x86)\VEX Robotics\VEXcode Pro V5\sdk/vexv5\libv5rt.a(vex_motor.cpp.obj) (vex::device::~device())
C:\Program Files (x86)\VEX Robotics\VEXcode Pro V5\sdk/vexv5/gcc/libs\libstdc++.a(class_type_info.o)
                              build/include/Sensors/Distance.o (vtable for __cxxabiv1::__class_type_info)
C:\Program Files (x86)\VEX Robotics\VEXcode Pro V5\sdk/vexv5/gcc/libs\libstdc++.a(si_class_type_info.o)
                              build/include/Sensors/Distance.o (vtable for __cxxabiv1::__si_class_type_info)
C:\Program Files (x86)\VEX Robotics\VEXcode Pro V5\sdk/vexv5/gcc/libs\libstdc++.a(tinfo.o)
                              C:\Program Files (x86)\VEX Robotics\VEXcode Pro V5\sdk/vexv5/gcc/libs\libstdc++.a(class_type_info.o) (typeinfo for std::type_info)
[...]
Memory Configuration

Name             Origin             Length             Attributes
ps7_ddr_0_S_AXI_BASEADDR 0x03800000         0x04800000
*default*        0x00000000         0xffffffff

Linker script and memory map

                0x00002000                _STACK_SIZE = DEFINED (_STACK_SIZE)?_STACK_SIZE:0x2000
                0x00100000                _HEAP_SIZE = DEFINED (_HEAP_SIZE)?_HEAP_SIZE:0x100000
                0x00000400                _ABORT_STACK_SIZE = DEFINED (_ABORT_STACK_SIZE)?_ABORT_STACK_SIZE:0x400
                0x00000800                _SUPERVISOR_STACK_SIZE = DEFINED (_SUPERVISOR_STACK_SIZE)?_SUPERVISOR_STACK_SIZE:0x800
                0x00000400                _IRQ_STACK_SIZE = DEFINED (_IRQ_STACK_SIZE)?_IRQ_STACK_SIZE:0x400
                0x00000400                _FIQ_STACK_SIZE = DEFINED (_FIQ_STACK_SIZE)?_FIQ_STACK_SIZE:0x400
                0x00000400                _UNDEF_STACK_SIZE = DEFINED (_UNDEF_STACK_SIZE)?_UNDEF_STACK_SIZE:0x400

.text           0x03800000    0x527a8
 *(.vectors)
 *(.boot_data)
 .boot_data     0x03800000       0x20 C:\Program Files (x86)\VEX Robotics\VEXcode Pro V5\sdk/vexv5\libv5rt.a(v5_startup.c.obj)
                0x03800000                vexCodeSig
                0x00000020                . = 0x20
 *(.boot)
 .boot          0x03800020       0xbc C:\Program Files (x86)\VEX Robotics\VEXcode Pro V5\sdk/vexv5\libv5rt.a(v5_startup.c.obj)
                0x03800020                vexStartup
                0x03800100                . = ALIGN (0x40)
 *fill*         0x038000dc       0x24 
 *(.freertos_vectors)
 *(.text)
 .text          0x03800100      0x174 build/src/lv_init.o
                0x03800100                lvgltask
                0x03800120                v5_lv_init
 .text          0x03800274     0x1204 build/include/lvgl/src/core/lv_indev_scroll.o
                0x03800274                _lv_indev_scroll_handler
                0x03800be8                _lv_indev_scroll_throw_handler
                0x038013b8                lv_indev_scroll_throw_predict
                0x03801438                lv_indev_scroll_get_snap_dist
 .text          0x03801478     0x24b0 build/include/lvgl/src/core/lv_obj_pos.o
                0x03801478                lv_obj_set_pos
                0x0380149c                lv_obj_set_x
                0x038014f4                lv_obj_set_y
                0x0380154c                lv_obj_refr_size
                0x03801ef0                lv_obj_get_width
                0x03801f08                lv_obj_get_content_width
                0x03801f6c                lv_clamp_width
                0x03802008                lv_obj_get_height
                0x03802020                lv_obj_get_content_height
                0x03802084                lv_clamp_height
                0x03802120                lv_obj_invalidate
                0x038021a8                lv_obj_get_coords
                0x038021cc                lv_obj_get_content_coords
                0x03802290                lv_obj_set_size
                0x038022b4                lv_obj_set_width
                0x0380230c                lv_obj_set_height
                0x03802364                lv_obj_set_content_width
                0x038023c0                lv_obj_set_content_height
                0x0380241c                lv_obj_set_layout
                0x03802440                lv_obj_mark_layout_as_dirty
                0x0380247c                lv_obj_is_layout_positioned
                0x038024d0                lv_obj_update_layout
                0x038025ec                lv_layout_register
                0x03802658                lv_obj_set_align
                0x03802660                lv_obj_align
                0x03802698                lv_obj_align_to
                0x03802dc4                lv_obj_get_x
                0x03802e28                lv_obj_get_x2
                0x03802e54                lv_obj_get_y
                0x03802eb8                lv_obj_get_y2
                0x03802ee4                lv_obj_get_x_aligned
                0x03802f00                lv_obj_get_y_aligned
                0x03802f1c                lv_obj_get_self_width
                0x03802f4c                lv_obj_get_self_height
                0x03802f78                lv_obj_refresh_self_size
                0x03802fd0                lv_obj_refr_pos
                0x03803324                lv_obj_move_to
                0x03803500                lv_obj_move_children_by
                0x038035b0                lv_obj_invalidate_area
                0x0380360c                lv_obj_area_is_visible
                0x03803760                lv_obj_is_visible
                0x038037b8                lv_obj_set_ext_click_area
                0x038037d8                lv_obj_get_click_area
                0x03803834                lv_obj_hit_test
 .text          0x03803928      0x520 build/include/lvgl/src/core/lv_obj_style_gen.o
                0x03803928                lv_obj_set_style_width
                0x03803938                lv_obj_set_style_min_width
                0x03803948                lv_obj_set_style_max_width
                0x03803958                lv_obj_set_style_height
                0x03803968                lv_obj_set_style_min_height
                0x03803978                lv_obj_set_style_max_height
                0x03803988                lv_obj_set_style_x
                0x03803998                lv_obj_set_style_y
                0x038039a8                lv_obj_set_style_align
                0x038039b8                lv_obj_set_style_transform_width
                0x038039c8                lv_obj_set_style_transform_height
                0x038039d8                lv_obj_set_style_translate_x
                0x038039e8                lv_obj_set_style_translate_y
                0x038039f8                lv_obj_set_style_transform_zoom
                0x03803a08                lv_obj_set_style_transform_angle
                0x03803a18                lv_obj_set_style_pad_top
                0x03803a28                lv_obj_set_style_pad_bottom
                0x03803a38                lv_obj_set_style_pad_left
                0x03803a48                lv_obj_set_style_pad_right
                0x03803a58                lv_obj_set_style_pad_row
                0x03803a68                lv_obj_set_style_pad_column
                0x03803a78                lv_obj_set_style_bg_color
                0x03803a88                lv_obj_set_style_bg_opa
                0x03803a98                lv_obj_set_style_bg_grad_color
                0x03803aa8                lv_obj_set_style_bg_grad_dir
                0x03803ab8                lv_obj_set_style_bg_main_stop
                0x03803ac8                lv_obj_set_style_bg_grad_stop
                0x03803ad8                lv_obj_set_style_bg_grad
                0x03803ae8                lv_obj_set_style_bg_dither_mode
                0x03803af8                lv_obj_set_style_bg_img_src
                0x03803b08                lv_obj_set_style_bg_img_opa
                0x03803b18                lv_obj_set_style_bg_img_recolor
                0x03803b28                lv_obj_set_style_bg_img_recolor_opa
                0x03803b38                lv_obj_set_style_bg_img_tiled
                0x03803b48                lv_obj_set_style_border_color
                0x03803b58                lv_obj_set_style_border_opa
                0x03803b68                lv_obj_set_style_border_width
                0x03803b78                lv_obj_set_style_border_side
                0x03803b88                lv_obj_set_style_border_post
                0x03803b98                lv_obj_set_style_outline_width
                0x03803ba8                lv_obj_set_style_outline_color
                0x03803bb8                lv_obj_set_style_outline_opa
                0x03803bc8                lv_obj_set_style_outline_pad
                0x03803bd8                lv_obj_set_style_shadow_width
                0x03803be8                lv_obj_set_style_shadow_ofs_x
                0x03803bf8                lv_obj_set_style_shadow_ofs_y
                0x03803c08                lv_obj_set_style_shadow_spread
                0x03803c18                lv_obj_set_style_shadow_color
                0x03803c28                lv_obj_set_style_shadow_opa
                0x03803c38                lv_obj_set_style_img_opa
                0x03803c48                lv_obj_set_style_img_recolor
                0x03803c58                lv_obj_set_style_img_recolor_opa
                0x03803c68                lv_obj_set_style_line_width
                0x03803c78                lv_obj_set_style_line_dash_width
                0x03803c88                lv_obj_set_style_line_dash_gap
                0x03803c98                lv_obj_set_style_line_rounded
                0x03803ca8                lv_obj_set_style_line_color
                0x03803cb8                lv_obj_set_style_line_opa
                0x03803cc8                lv_obj_set_style_arc_width
                0x03803cd8                lv_obj_set_style_arc_rounded
                0x03803ce8                lv_obj_set_style_arc_color
                0x03803cf8                lv_obj_set_style_arc_opa
                0x03803d08                lv_obj_set_style_arc_img_src
                0x03803d18                lv_obj_set_style_text_color
                0x03803d28                lv_obj_set_style_text_opa
                0x03803d38                lv_obj_set_style_text_font
                0x03803d48                lv_obj_set_style_text_letter_space
                0x03803d58                lv_obj_set_style_text_line_space
                0x03803d68                lv_obj_set_style_text_decor
                0x03803d78                lv_obj_set_style_text_align
                0x03803d88                lv_obj_set_style_radius
                0x03803d98                lv_obj_set_style_clip_corner
                0x03803da8                lv_obj_set_style_opa
                0x03803db8                lv_obj_set_style_color_filter_dsc
                0x03803dc8                lv_obj_set_style_color_filter_opa
                0x03803dd8                lv_obj_set_style_anim
                0x03803de8                lv_obj_set_style_anim_time
                0x03803df8                lv_obj_set_style_anim_speed
                0x03803e08                lv_obj_set_style_transition
                0x03803e18                lv_obj_set_style_blend_mode
                0x03803e28                lv_obj_set_style_layout
                0x03803e38                lv_obj_set_style_base_dir
 .text          0x03803e48     0x1530 build/include/lvgl/src/core/lv_obj.o
                0x03804bcc                lv_is_initialized
                0x03804bdc                lv_init
                0x03804c4c                lv_deinit
                0x03804c78                lv_obj_create
                0x03804ca0                lv_obj_add_flag
                0x03804d58                lv_obj_clear_flag
                0x03804e14                lv_obj_add_state
                0x0380516c                lv_obj_clear_state
                0x03805180                lv_obj_has_flag
                0x03805198                lv_obj_has_flag_any
                0x038051a8                lv_obj_get_state
                0x038051b0                lv_obj_has_state
                0x038051c0                lv_obj_get_group
                0x038051d4                lv_obj_allocate_spec_attr
                0x03805244                lv_obj_check_type
                0x03805260                lv_obj_has_class
                0x03805288                lv_obj_get_class
                0x03805290                lv_obj_is_valid
 .text          0x03805378     0x1dbc build/include/lvgl/src/core/lv_obj_scroll.o
                0x03805378                lv_obj_set_scrollbar_mode
                0x038053bc                lv_obj_set_scroll_dir
                0x038053f4                lv_obj_set_scroll_snap_x
                0x03805424                lv_obj_set_scroll_snap_y
                0x03805454                lv_obj_get_scrollbar_mode
                0x0380546c                lv_obj_get_scroll_dir
                0x03805484                lv_obj_get_scroll_snap_x
                0x0380549c                lv_obj_get_scroll_snap_y
                0x038054b4                lv_obj_get_scroll_x
                0x038054d0                lv_obj_get_scroll_y
                0x038054ec                lv_obj_get_scroll_top
                0x03805508                lv_obj_get_scroll_bottom
                0x0380562c                lv_obj_get_scroll_left
                0x03805798                lv_obj_get_scroll_right
                0x038058e8                lv_obj_get_scroll_end
                0x038059d0                lv_obj_scroll_by_bounded
                0x03805b74                lv_obj_scroll_by
                0x03805de4                lv_obj_scroll_to
                0x03805e14                lv_obj_scroll_to_x
                0x03805e64                lv_obj_scroll_to_y
                0x03805eb4                lv_obj_scroll_to_view
                0x038063cc                lv_obj_scroll_to_view_recursive
                0x03806438                lv_obj_is_scrolling
                0x03806490                lv_obj_update_snap
                0x038064d0                lv_obj_get_scrollbar_area
                0x03806fa4                lv_obj_scrollbar_invalidate
                0x03807024                lv_obj_readjust_scroll
 .text          0x03807134      0x93c build/include/lvgl/src/core/lv_obj_tree.o
                0x03807134                lv_obj_del
                0x038071d4                lv_obj_get_parent
                0x038071e4                lv_obj_get_disp
                0x03807438                lv_obj_clean
                0x0380749c                lv_obj_get_child
                0x038074d0                lv_obj_del_delayed
                0x03807528                lv_obj_del_anim_ready_cb
                0x03807530                lv_obj_del_async
                0x03807544                lv_obj_set_parent
                0x0380768c                lv_obj_get_index
                0x03807714                lv_obj_get_child_cnt
                0x03807728                lv_obj_move_to_index
                0x0380785c                lv_obj_swap
                0x0380793c                lv_obj_get_screen
                0x03807958                lv_obj_tree_walk
 .text          0x03807a70     0x175c build/include/lvgl/src/core/lv_obj_style.o
                0x03807a70                _lv_obj_style_init
                0x03807a80                lv_obj_add_style
                0x03807c98                lv_obj_refresh_style
                0x03807e00                lv_obj_remove_style
                0x03807fe0                lv_obj_style_get_selector_state
                0x03807fe8                lv_obj_style_get_selector_part
                0x03807ff0                lv_obj_report_style_change
                0x03808168                lv_obj_enable_style_refresh
                0x03808178                lv_obj_get_style_prop
                0x038083a4                lv_obj_set_local_style_prop
                0x03808500                lv_obj_get_local_style_prop
                0x0380855c                lv_obj_remove_local_style_prop
                0x038085cc                _lv_obj_style_create_transition
                0x03808c78                _lv_obj_style_apply_color_filter
                0x03808ce8                _lv_obj_style_state_compare
                0x03809090                lv_obj_fade_in
                0x0380911c                lv_obj_fade_out
                0x03809190                lv_obj_calculate_style_text_align
 .text          0x038091cc      0x9ec build/include/lvgl/src/core/lv_group.o
                0x038091cc                _lv_group_init
                0x038091dc                lv_group_create
                0x03809230                lv_group_del
                0x038093ac                lv_group_set_default
                0x038093bc                lv_group_get_default
                0x038093cc                lv_group_add_obj
                0x038094fc                lv_group_swap_obj
                0x038095ac                lv_group_focus_obj
                0x038096bc                lv_group_remove_obj
                0x038097d8                lv_group_remove_all_objs
                0x03809868                lv_group_set_editing
                0x038098d0                lv_group_focus_next
                0x03809ab4                lv_group_focus_prev
                0x03809ac8                lv_group_focus_freeze
                0x03809ae0                lv_group_send_data
                0x03809b2c                lv_group_get_focused
                0x03809b48                lv_group_set_focus_cb
                0x03809b50                lv_group_set_refocus_policy
                0x03809b68                lv_group_set_wrap
                0x03809b7c                lv_group_get_focus_cb
                0x03809b8c                lv_group_get_editing
                0x03809ba0                lv_group_get_wrap
                0x03809bb4                lv_group_get_obj_count
 .text          0x03809bb8      0x160 build/include/lvgl/src/core/lv_theme.o
                0x03809bb8                lv_theme_get_from_obj
                0x03809bdc                lv_theme_apply
                0x03809c60                lv_theme_set_parent
                0x03809c68                lv_theme_set_apply_cb
                0x03809c70                lv_theme_get_font_small
                0x03809c90                lv_theme_get_font_normal
                0x03809cb0                lv_theme_get_font_large
                0x03809cd0                lv_theme_get_color_primary
                0x03809cf4                lv_theme_get_color_secondary
 .text          0x03809d18      0x924 build/include/lvgl/src/core/lv_event.o
                0x03809d18                lv_event_send
                0x0380a03c                lv_obj_event_base
                0x0380a09c                lv_event_get_target
                0x0380a0a4                lv_event_get_current_target
                0x0380a0ac                lv_event_get_code
                0x0380a0b8                lv_event_get_param
                0x0380a0c0                lv_event_get_user_data
                0x0380a0c8                lv_event_stop_bubbling
                0x0380a0d8                lv_event_stop_processing
                0x0380a0e8                lv_event_register_id
                0x0380a100                _lv_event_mark_deleted
                0x0380a13c                lv_obj_add_event_cb
                0x0380a1c8                lv_obj_remove_event_cb
                0x0380a2b4                lv_obj_remove_event_cb_with_user_data
                0x0380a3bc                lv_obj_remove_event_dsc
                0x0380a4ac                lv_obj_get_event_user_data
                0x0380a4fc                lv_event_get_indev
                0x0380a51c                lv_event_get_draw_part_dsc
                0x0380a538                lv_event_get_draw_ctx
                0x0380a558                lv_event_get_old_size
                0x0380a570                lv_event_get_key
                0x0380a594                lv_event_get_scroll_anim
                0x0380a5ac                lv_event_set_ext_draw_size
                0x0380a5d0                lv_event_get_self_size_info
                0x0380a5e8                lv_event_get_hit_test_info
                0x0380a600                lv_event_get_cover_area
                0x0380a61c                lv_event_set_cover_res
 .text          0x0380a63c     0x15dc build/include/lvgl/src/core/lv_refr.o
                0x0380a63c                _lv_refr_init
                0x0380a640                lv_refr_now
                0x0380a6a4                _lv_disp_refr_timer
                0x0380ad9c                lv_refr_obj
                0x0380af34                _lv_inv_area
                0x0380b0d4                _lv_refr_get_disp_refreshing
                0x0380b0e4                _lv_refr_set_disp_refreshing
 .text          0x0380bc18      0xbe8 build/include/lvgl/src/core/lv_obj_draw.o
                0x0380bc18                lv_obj_init_draw_rect_dsc
                0x0380c104                lv_obj_init_draw_label_dsc
                0x0380c228                lv_obj_init_draw_img_dsc
                0x0380c348                lv_obj_init_draw_line_dsc
                0x0380c47c                lv_obj_init_draw_arc_dsc
                0x0380c58c                lv_obj_calculate_ext_draw_size
                0x0380c70c                lv_obj_draw_dsc_init
                0x0380c72c                lv_obj_draw_part_check_type
                0x0380c754                lv_obj_refresh_ext_draw_size
                0x0380c7e8                _lv_obj_get_ext_draw_size
 .text          0x0380c800     0x157c build/include/lvgl/src/core/lv_indev.o
                0x0380c800                lv_indev_read_timer_cb
                0x0380d2cc                lv_indev_enable
                0x0380d328                lv_indev_get_act
                0x0380d338                lv_indev_get_type
                0x0380d34c                lv_indev_reset
                0x0380d480                lv_indev_reset_long_press
                0x0380d4ac                lv_indev_set_cursor
                0x0380d510                lv_indev_set_group
                0x0380d528                lv_indev_set_button_points
                0x0380d53c                lv_indev_get_point
                0x0380d588                lv_indev_get_gesture_dir
                0x0380d594                lv_indev_get_key
                0x0380d5b0                lv_indev_get_scroll_dir
                0x0380d5dc                lv_indev_get_scroll_obj
                0x0380d604                lv_indev_get_vect
                0x0380d63c                lv_indev_wait_release
                0x0380d650                lv_indev_get_obj_act
                0x0380d660                lv_indev_get_read_timer
                0x0380d670                lv_indev_search_obj
 .text          0x0380dd7c      0x340 build/include/lvgl/src/core/lv_obj_class.o
                0x0380dd7c                lv_obj_class_create_obj
                0x0380df04                lv_obj_class_init_obj
                0x0380e014                lv_obj_is_group_def
                0x0380e048                _lv_obj_destruct
                0x0380e088                lv_obj_is_editable
 .text          0x0380e0bc      0x9ec build/include/lvgl/src/core/lv_disp.o
                0x0380e0bc                lv_disp_get_scr_act
                0x0380e0e8                lv_disp_get_scr_prev
                0x0380e114                lv_disp_load_scr
                0x0380e1b0                lv_disp_get_layer_top
                0x0380e1dc                lv_disp_get_layer_sys
                0x0380e208                lv_disp_set_theme
                0x0380e290                lv_disp_get_theme
                0x0380e2b0                lv_disp_set_bg_color
                0x0380e330                lv_disp_set_bg_image
                0x0380e3b0                lv_disp_set_bg_opa
                0x0380e430                lv_scr_load_anim
                0x0380e9b0                lv_disp_get_inactive_time
                0x0380ea14                lv_disp_trig_activity
                0x0380ea44                lv_disp_clean_dcache
                0x0380ea7c                _lv_disp_get_refr_timer
 .text          0x0380eaa8      0x624 build/include/lvgl/src/draw/lv_draw_arc.o
                0x0380eaa8                lv_draw_arc_dsc_init
                0x0380ead8                lv_draw_arc
                0x0380eb20                lv_draw_arc_get_area
 .text          0x0380f0cc      0x510 build/include/lvgl/src/draw/lv_draw_img.o
                0x0380f0cc                lv_draw_img_dsc_init
                0x0380f108                lv_draw_img
                0x0380f4d8                lv_img_cf_get_px_size
                0x0380f544                lv_img_cf_is_chroma_keyed
                0x0380f55c                lv_img_cf_has_alpha
                0x0380f57c                lv_img_src_get_type
                0x0380f5b0                lv_draw_img_decoded
 .text          0x0380f5dc     0x23b0 build/include/lvgl/src/draw/lv_draw_mask.o
                0x0380f5dc                lv_draw_mask_add
                0x0380f624                lv_draw_mask_apply
                0x0380f6b8                lv_draw_mask_apply_ids
                0x0380f778                lv_draw_mask_remove_id
                0x0380f7a0                lv_draw_mask_remove_custom
                0x0380f7ec                lv_draw_mask_free_param
                0x0380f854                _lv_draw_mask_cleanup
                0x0380f894                lv_draw_mask_get_cnt
                0x0380f8c4                lv_draw_mask_is_any
                0x0380f960                lv_draw_mask_line_points_init
                0x03810208                lv_draw_mask_line_angle_init
                0x03810270                lv_draw_mask_angle_init
                0x03810748                lv_draw_mask_radius_init
                0x038111bc                lv_draw_mask_fade_init
                0x038113c0                lv_draw_mask_map_init
                0x038114e0                lv_draw_mask_polygon_init
 .text          0x0381198c       0xa8 build/include/lvgl/src/draw/lv_img_cache.o
                0x0381198c                _lv_img_cache_open
                0x03811a2c                lv_img_cache_set_size
                0x03811a30                lv_img_cache_invalidate_src
 .text          0x03811a34        0x4 build/include/lvgl/src/draw/lv_draw.o
                0x03811a34                lv_draw_init
 .text          0x03811a38       0xb8 build/include/lvgl/src/draw/lv_draw_rect.o
                0x03811a38                lv_draw_rect_dsc_init
                0x03811aac                lv_draw_rect
 .text          0x03811af0      0x90c build/include/lvgl/src/draw/lv_draw_label.o
                0x03811af0                lv_draw_label_dsc_init
                0x03811b50                lv_draw_label
                0x038123f4                lv_draw_letter
 .text          0x038123fc      0xc34 build/include/lvgl/src/draw/lv_img_decoder.o
                0x038123fc                _lv_img_decoder_init
                0x03812454                lv_img_decoder_create
                0x03812488                lv_img_decoder_set_info_cb
                0x03812490                lv_img_decoder_built_in_info
                0x038125b4                lv_img_decoder_set_open_cb
                0x038125bc                lv_img_decoder_built_in_open
                0x03812874                lv_img_decoder_set_read_line_cb
                0x0381287c                lv_img_decoder_built_in_read_line
                0x03812ce0                lv_img_decoder_set_close_cb
                0x03812ce8                lv_img_decoder_built_in_close
                0x03812d48                lv_img_decoder_get_info
                0x03812dfc                lv_img_decoder_open
                0x03812f70                lv_img_decoder_read_line
                0x03812fbc                lv_img_decoder_close
                0x03813008                lv_img_decoder_delete
 .text          0x03813030       0x54 build/include/lvgl/src/draw/lv_draw_line.o
                0x03813030                lv_draw_line_dsc_init
                0x03813060                lv_draw_line
 .text          0x03813084     0x1390 build/include/lvgl/src/draw/lv_img_buf.o
                0x03813084                lv_img_buf_get_px_color
                0x03813208                lv_img_buf_get_px_alpha
                0x03813330                lv_img_buf_set_px_alpha
                0x03813464                lv_img_buf_set_px_color
                0x03813640                lv_img_buf_set_palette
                0x038136c4                lv_img_buf_alloc
                0x0381376c                lv_img_buf_get_img_size
                0x03813884                lv_img_buf_free
                0x038138b4                _lv_img_buf_transform_init
                0x03813a24                _lv_img_buf_get_transformed_area
                0x03813c88                _lv_img_buf_transform
                0x03813eac                _lv_img_buf_transform_anti_alias
 .text          0x03814414       0x14 build/include/lvgl/src/extra/lv_extra.o
                0x03814414                lv_extra_init
 .text          0x03814428      0x424 build/include/lvgl/src/font/lv_font_fmt_txt.o
                0x03814428                lv_font_get_bitmap_fmt_txt
                0x03814618                lv_font_get_glyph_dsc_fmt_txt
                0x03814800                _lv_font_clean_up_fmt_txt
 .text          0x0381484c      0x174 build/include/lvgl/src/font/lv_font.o
                0x0381484c                lv_font_get_glyph_bitmap
                0x03814860                lv_font_get_glyph_dsc
                0x0381498c                lv_font_get_glyph_width
 .text          0x038149c0      0x25c build/include/lvgl/src/hal/lv_hal_indev.o
                0x038149c0                lv_indev_drv_init
                0x038149f8                lv_indev_drv_register
                0x03814a80                lv_indev_drv_update
                0x03814b24                lv_indev_delete
                0x03814b7c                lv_indev_get_next
                0x03814ba0                _lv_indev_read
 .text          0x03814c1c      0xc84 build/include/lvgl/src/hal/lv_hal_disp.o
                0x03814c1c                lv_disp_drv_init
                0x03814c90                lv_disp_draw_buf_init
                0x03814cc0                lv_disp_drv_register
                0x03814e98                lv_disp_drv_update
                0x03814fe0                lv_disp_get_hor_res
                0x0381502c                lv_disp_get_ver_res
                0x0381508c                lv_disp_remove
                0x0381515c                lv_disp_get_default
                0x0381516c                lv_disp_set_default
                0x0381517c                lv_disp_get_physical_hor_res
                0x038151e0                lv_disp_get_physical_ver_res
                0x03815244                lv_disp_get_offset_x
                0x038152bc                lv_disp_get_offset_y
                0x03815334                lv_disp_get_antialiasing
                0x03815364                lv_disp_get_dpi
                0x03815394                lv_disp_flush_ready
                0x038153a8                lv_disp_flush_is_last
                0x038153bc                lv_disp_get_next
                0x038153e0                lv_disp_get_draw_buf
                0x038153ec                lv_disp_set_rotation
                0x03815428                lv_disp_get_rotation
                0x03815458                lv_disp_drv_use_generic_set_px_cb
 .text          0x038158a0       0x84 build/include/lvgl/src/hal/lv_hal_tick.o
                0x038158a0                lv_tick_inc
                0x038158c8                lv_tick_get
                0x038158f4                lv_tick_elaps
 .text          0x03815924      0x484 build/include/lvgl/src/misc/lv_color.o
                0x03815924                lv_color_fill
                0x03815998                lv_color_lighten
                0x038159ec                lv_color_darken
                0x03815a34                lv_color_change_lightness
                0x03815aa0                lv_color_hsv_to_rgb
                0x03815be4                lv_color_rgb_to_hsv
                0x03815d1c                lv_color_to_hsv
                0x03815d30                lv_palette_main
                0x03815d4c                lv_palette_lighten
                0x03815d7c                lv_palette_darken
 .text          0x03815da8       0x98 build/include/lvgl/src/misc/lv_async.o
                0x03815da8                lv_async_call
 .text          0x03815e40      0x12c build/include/lvgl/src/misc/lv_gc.o
                0x03815e40                _lv_gc_clear_roots
 .text          0x03815f6c      0x994 build/include/lvgl/src/misc/lv_anim.o
                0x03815f6c                _lv_anim_core_init
                0x03816280                lv_anim_init
                0x038162d0                lv_anim_path_linear
                0x03816318                lv_anim_start
                0x03816404                lv_anim_del
                0x038164a0                lv_anim_get_playtime
                0x03816514                lv_anim_del_all
                0x03816530                lv_anim_get
                0x0381659c                lv_anim_count_running
                0x038165f0                lv_anim_speed_to_time
                0x03816624                lv_anim_refr_now
                0x0381662c                lv_anim_path_ease_in
                0x03816688                lv_anim_path_ease_out
                0x038166e4                lv_anim_path_ease_in_out
                0x03816740                lv_anim_path_overshoot
                0x0381679c                lv_anim_path_bounce
                0x038168e4                lv_anim_path_step
 .text          0x03816900      0xb84 build/include/lvgl/src/misc/lv_area.o
                0x03816900                lv_area_set
                0x03816918                lv_area_set_width
                0x0381692c                lv_area_set_height
                0x03816940                _lv_area_set_pos
                0x0381697c                lv_area_get_size
                0x038169a4                lv_area_increase
                0x038169e0                lv_area_move
                0x03816a1c                _lv_area_intersect
                0x03816a94                _lv_area_join
                0x03816ae8                _lv_area_is_point_on
                0x03816c6c                _lv_area_is_on
                0x03816cbc                _lv_area_is_in
                0x03816db0                _lv_area_is_out
                0x03816ea4                _lv_area_is_equal
                0x03816ef4                lv_area_align
 .text          0x03817484      0x36c build/include/lvgl/src/misc/lv_math.o
                0x03817484                lv_trigo_sin
                0x03817518                lv_bezier3
                0x0381757c                lv_sqrt
                0x038175c8                lv_atan2
                0x038176cc                lv_pow
                0x03817744                lv_map
                0x038177b4                lv_rand
 .text          0x038177f0      0x99c build/include/lvgl/src/misc/lv_fs.o
                0x038177f0                _lv_fs_init
                0x03817800                lv_fs_is_ready
                0x03817838                lv_fs_get_drv
                0x03817890                lv_fs_open
                0x03817980                lv_fs_close
                0x03817a0c                lv_fs_read
                0x03817c4c                lv_fs_write
                0x03817ccc                lv_fs_seek
                0x03817dec                lv_fs_tell
                0x03817e50                lv_fs_dir_open
                0x03817ef8                lv_fs_dir_read
                0x03817f44                lv_fs_dir_close
                0x03817f98                lv_fs_drv_init
                0x03817fa0                lv_fs_drv_register
                0x03817fc8                lv_fs_get_letters
                0x03818038                lv_fs_get_ext
                0x03818090                lv_fs_up
                0x03818118                lv_fs_get_last
 .text          0x0381818c      0xd90 build/include/lvgl/src/misc/lv_printf.o
                0x0381818c                lv_snprintf
                0x03818a6c                lv_vsnprintf
 .text          0x03818f1c      0x428 build/include/lvgl/src/misc/lv_ll.o
                0x03818f1c                _lv_ll_init
                0x03818f34                _lv_ll_ins_head
                0x03818f8c                _lv_ll_ins_prev
                0x03819010                _lv_ll_get_head
                0x03819020                _lv_ll_get_prev
                0x0381902c                _lv_ll_ins_tail
                0x03819084                _lv_ll_remove
                0x03819114                _lv_ll_get_next
                0x03819124                _lv_ll_get_tail
                0x03819134                _lv_ll_clear
                0x03819180                _lv_ll_chg_list
                0x0381923c                _lv_ll_get_len
                0x03819274                _lv_ll_move_before
                0x0381931c                _lv_ll_is_empty
 .text          0x03819344      0x3d8 build/include/lvgl/src/misc/lv_style_gen.o
                0x03819344                lv_style_set_width
                0x03819350                lv_style_set_min_width
                0x0381935c                lv_style_set_max_width
                0x03819368                lv_style_set_height
                0x03819374                lv_style_set_min_height
                0x03819380                lv_style_set_max_height
                0x0381938c                lv_style_set_x
                0x03819398                lv_style_set_y
                0x038193a4                lv_style_set_align
                0x038193b0                lv_style_set_transform_width
                0x038193bc                lv_style_set_transform_height
                0x038193c8                lv_style_set_translate_x
                0x038193d4                lv_style_set_translate_y
                0x038193e0                lv_style_set_transform_zoom
                0x038193ec                lv_style_set_transform_angle
                0x038193f8                lv_style_set_pad_top
                0x03819404                lv_style_set_pad_bottom
                0x03819410                lv_style_set_pad_left
                0x0381941c                lv_style_set_pad_right
                0x03819428                lv_style_set_pad_row
                0x03819434                lv_style_set_pad_column
                0x03819440                lv_style_set_bg_color
                0x0381944c                lv_style_set_bg_opa
                0x03819458                lv_style_set_bg_grad_color
                0x03819464                lv_style_set_bg_grad_dir
                0x03819470                lv_style_set_bg_main_stop
                0x0381947c                lv_style_set_bg_grad_stop
                0x03819488                lv_style_set_bg_grad
                0x03819494                lv_style_set_bg_dither_mode
                0x038194a0                lv_style_set_bg_img_src
                0x038194ac                lv_style_set_bg_img_opa
                0x038194b8                lv_style_set_bg_img_recolor
                0x038194c4                lv_style_set_bg_img_recolor_opa
                0x038194d0                lv_style_set_bg_img_tiled
                0x038194dc                lv_style_set_border_color
                0x038194e8                lv_style_set_border_opa
                0x038194f4                lv_style_set_border_width
                0x03819500                lv_style_set_border_side
                0x0381950c                lv_style_set_border_post
                0x03819518                lv_style_set_outline_width
                0x03819524                lv_style_set_outline_color
                0x03819530                lv_style_set_outline_opa
                0x0381953c                lv_style_set_outline_pad
                0x03819548                lv_style_set_shadow_width
                0x03819554                lv_style_set_shadow_ofs_x
                0x03819560                lv_style_set_shadow_ofs_y
                0x0381956c                lv_style_set_shadow_spread
                0x03819578                lv_style_set_shadow_color
                0x03819584                lv_style_set_shadow_opa
                0x03819590                lv_style_set_img_opa
                0x0381959c                lv_style_set_img_recolor
                0x038195a8                lv_style_set_img_recolor_opa
                0x038195b4                lv_style_set_line_width
                0x038195c0                lv_style_set_line_dash_width
                0x038195cc                lv_style_set_line_dash_gap
                0x038195d8                lv_style_set_line_rounded
                0x038195e4                lv_style_set_line_color
                0x038195f0                lv_style_set_line_opa
                0x038195fc                lv_style_set_arc_width
                0x03819608                lv_style_set_arc_rounded
                0x03819614                lv_style_set_arc_color
                0x03819620                lv_style_set_arc_opa
                0x0381962c                lv_style_set_arc_img_src
                0x03819638                lv_style_set_text_color
                0x03819644                lv_style_set_text_opa
                0x03819650                lv_style_set_text_font
                0x0381965c                lv_style_set_text_letter_space
                0x03819668                lv_style_set_text_line_space
                0x03819674                lv_style_set_text_decor
                0x03819680                lv_style_set_text_align
                0x0381968c                lv_style_set_radius
                0x03819698                lv_style_set_clip_corner
                0x038196a4                lv_style_set_opa
                0x038196b0                lv_style_set_color_filter_dsc
                0x038196bc                lv_style_set_color_filter_opa
                0x038196c8                lv_style_set_anim
                0x038196d4                lv_style_set_anim_time
                0x038196e0                lv_style_set_anim_speed
                0x038196ec                lv_style_set_transition
                0x038196f8                lv_style_set_blend_mode
                0x03819704                lv_style_set_layout
                0x03819710                lv_style_set_base_dir
 .text          0x0381971c      0xd20 build/include/lvgl/src/misc/lv_tlsf.o
                0x0381971c                lv_tlsf_check
                0x0381986c                lv_tlsf_walk_pool
                0x038198e0                lv_tlsf_block_size
                0x038198f4                lv_tlsf_check_pool
                0x03819958                lv_tlsf_size
                0x03819960                lv_tlsf_align_size
                0x03819968                lv_tlsf_block_size_min
                0x03819970                lv_tlsf_block_size_max
                0x03819978                lv_tlsf_pool_overhead
                0x03819980                lv_tlsf_alloc_overhead
                0x03819988                lv_tlsf_add_pool
                0x03819aa0                lv_tlsf_remove_pool
                0x03819b98                lv_tlsf_create
                0x03819c08                lv_tlsf_create_with_pool
                0x03819c8c                lv_tlsf_destroy
                0x03819c90                lv_tlsf_get_pool
                0x03819c9c                lv_tlsf_malloc
                0x03819eb4                lv_tlsf_memalign
                0x0381a02c                lv_tlsf_free
                0x0381a1ac                lv_tlsf_realloc
 .text          0x0381a43c      0x97c build/include/lvgl/src/misc/lv_mem.o
                0x0381a43c                lv_mem_init
                0x0381a464                lv_mem_deinit
                0x0381a494                lv_mem_alloc
                0x0381a4e4                lv_mem_monitor
                0x0381a568                lv_mem_free
                0x0381a590                lv_mem_realloc
                0x0381a5fc                lv_mem_test
                0x0381a658                lv_memset
                0x0381a78c                lv_mem_buf_get
                0x0381a898                lv_mem_buf_release
                0x0381a8dc                lv_mem_buf_free_all
                0x0381a948                lv_memcpy
                0x0381abc8                lv_memset_00
                0x0381acb8                lv_memset_ff
 .text          0x0381adb8      0x430 build/include/lvgl/src/misc/lv_timer.o
                0x0381adb8                _lv_timer_core_init
                0x0381ade4                lv_timer_enable
                0x0381adf4                lv_timer_handler
                0x0381b088                lv_timer_create_basic
                0x0381b098                lv_timer_create
                0x0381b108                lv_timer_set_cb
                0x0381b110                lv_timer_del
                0x0381b148                lv_timer_pause
                0x0381b158                lv_timer_resume
                0x0381b168                lv_timer_set_period
                0x0381b170                lv_timer_ready
                0x0381b194                lv_timer_set_repeat_count
                0x0381b19c                lv_timer_reset
                0x0381b1b4                lv_timer_get_idle
                0x0381b1c4                lv_timer_get_next
 .text          0x0381b1e8      0xdcc build/include/lvgl/src/misc/lv_txt.o
                0x0381b680                lv_txt_get_size
                0x0381b7c4                _lv_txt_get_next_line
                0x0381bc2c                lv_txt_get_width
                0x0381bd6c                _lv_txt_encoded_letter_next_2
                0x0381bdc8                _lv_txt_is_cmd
                0x0381be2c                _lv_txt_ins
                0x0381becc                _lv_txt_cut
                0x0381bf44                _lv_txt_set_text_vfmt
 .text          0x0381bfb4      0x6e0 build/include/lvgl/src/misc/lv_style.o
                0x0381bfb4                lv_style_init
                0x0381bfbc                lv_style_reset
                0x0381bffc                lv_style_register_prop
                0x0381c0a4                lv_style_get_num_custom_props
                0x0381c0bc                lv_style_remove_prop
                0x0381c218                lv_style_set_prop
                0x0381c394                _lv_style_get_prop_group
                0x0381c3a4                lv_style_get_prop
                0x0381c46c                lv_style_transition_dsc_init
                0x0381c4b4                lv_style_prop_get_default
                0x0381c614                lv_style_is_empty
                0x0381c624                _lv_style_prop_lookup_flags
 .text          0x0381c694       0x7c build/include/lvgl/src/misc/lv_utils.o
                0x0381c694                _lv_utils_bsearch
 .text          0x0381c710      0x300 build/include/lvgl/src/widgets/lv_line.o
                0x0381c998                lv_line_create
                0x0381c9c0                lv_line_set_points
                0x0381c9e4                lv_line_set_y_invert
                0x0381ca04                lv_line_get_y_invert
 .text          0x0381ca10      0xcf0 build/include/lvgl/src/widgets/lv_bar.o
                0x0381d3bc                lv_bar_create
                0x0381d3e4                lv_bar_set_value
                0x0381d504                lv_bar_set_start_value
                0x0381d570                lv_bar_set_range
                0x0381d5fc                lv_bar_get_mode
                0x0381d608                lv_bar_set_mode
                0x0381d62c                lv_bar_get_value
                0x0381d644                lv_bar_get_start_value
                0x0381d674                lv_bar_get_min_value
                0x0381d67c                lv_bar_get_max_value
 .text          0x0381d700     0x1bd4 build/include/lvgl/src/widgets/lv_label.o
                0x0381dc6c                lv_label_create
                0x0381dc94                lv_label_set_text
                0x0381e4d8                lv_label_set_text_fmt
                0x0381e564                lv_label_set_text_static
                0x0381e5b8                lv_label_set_long_mode
                0x0381e6e4                lv_label_set_recolor
                0x0381e704                lv_label_set_text_sel_start
                0x0381e70c                lv_label_set_text_sel_end
                0x0381e714                lv_label_get_text
                0x0381e71c                lv_label_get_long_mode
                0x0381e728                lv_label_get_recolor
                0x0381e734                lv_label_get_letter_pos
                0x0381ea9c                lv_label_get_letter_on
                0x0381ee48                lv_label_is_char_under_pos
                0x0381f18c                lv_label_get_text_selection_start
                0x0381f194                lv_label_get_text_selection_end
                0x0381f19c                lv_label_ins_text
                0x0381f24c                lv_label_cut_text
 .text          0x0381f2d4      0x5ac build/include/lvgl/src/widgets/lv_checkbox.o
                0x0381f79c                lv_checkbox_create
                0x0381f7c4                lv_checkbox_set_text
                0x0381f830                lv_checkbox_set_text_static
                0x0381f878                lv_checkbox_get_text
 .text          0x0381f880     0x1258 build/include/lvgl/src/widgets/lv_arc.o
                0x0382018c                lv_arc_create
                0x038201b4                lv_arc_set_start_angle
                0x0382038c                lv_arc_set_end_angle
                0x03820434                lv_arc_set_angles
                0x0382045c                lv_arc_set_bg_start_angle
                0x0382063c                lv_arc_set_bg_end_angle
                0x038206dc                lv_arc_set_bg_angles
                0x03820704                lv_arc_set_rotation
                0x0382070c                lv_arc_set_mode
                0x038207a8                lv_arc_set_value
                0x038207e8                lv_arc_set_range
                0x03820844                lv_arc_set_change_rate
                0x0382084c                lv_arc_get_angle_start
                0x03820854                lv_arc_get_angle_end
                0x0382085c                lv_arc_get_bg_angle_start
                0x03820864                lv_arc_get_bg_angle_end
                0x0382086c                lv_arc_get_value
                0x03820874                lv_arc_get_min_value
                0x0382087c                lv_arc_get_max_value
                0x03820884                lv_arc_get_mode
 .text          0x03820ad8     0x18dc build/include/lvgl/src/widgets/lv_btnmatrix.o
                0x038217b4                lv_btnmatrix_create
                0x038217dc                lv_btnmatrix_set_map
                0x03821c2c                lv_btnmatrix_set_ctrl_map
                0x03821c58                lv_btnmatrix_set_selected_btn
                0x03821dd0                lv_btnmatrix_set_btn_ctrl
                0x03821e84                lv_btnmatrix_clear_btn_ctrl_all
                0x03821ecc                lv_btnmatrix_clear_btn_ctrl
                0x03821f1c                lv_btnmatrix_set_btn_ctrl_all
                0x03821f64                lv_btnmatrix_set_btn_width
                0x03821f8c                lv_btnmatrix_set_one_checked
                0x03822048                lv_btnmatrix_get_map
                0x03822050                lv_btnmatrix_get_selected_btn
                0x03822058                lv_btnmatrix_get_btn_text
                0x03822104                lv_btnmatrix_has_btn_ctrl
                0x03822138                lv_btnmatrix_get_one_checked
 .text          0x038223b4     0x1a1c build/include/lvgl/src/widgets/lv_table.o
                0x03823088                lv_table_create
                0x038230b0                lv_table_set_cell_value
                0x0382318c                lv_table_set_col_cnt
                0x03823344                lv_table_set_row_cnt
                0x038236f8                lv_table_set_cell_value_fmt
                0x03823998                lv_table_set_col_width
                0x038239e0                lv_table_add_cell_ctrl
                0x03823a98                lv_table_clear_cell_ctrl
                0x03823b50                lv_table_get_cell_value
                0x03823b94                lv_table_get_row_cnt
                0x03823b9c                lv_table_get_col_cnt
                0x03823ba4                lv_table_get_col_width
                0x03823bc4                lv_table_has_cell_ctrl
                0x03823c14                lv_table_get_selected_cell
 .text          0x03823dd0     0x1a7c build/include/lvgl/src/widgets/lv_textarea.o
                0x03824568                lv_textarea_create
                0x03824590                lv_textarea_add_char
                0x038248b8                lv_textarea_clear_selection
                0x03824990                lv_textarea_set_cursor_pos
                0x03824b10                lv_textarea_get_cursor_pos
                0x03824b18                lv_textarea_add_text
                0x03824ca8                lv_textarea_get_accepted_chars
                0x03824cb0                lv_textarea_get_max_length
                0x03824cb8                lv_textarea_del_char
                0x03824dbc                lv_textarea_del_char_forward
                0x03824dec                lv_textarea_set_text
                0x03824f50                lv_textarea_set_placeholder_text
                0x03825384                lv_textarea_set_cursor_click_pos
                0x03825398                lv_textarea_set_password_mode
                0x0382543c                lv_textarea_set_one_line
                0x038254d8                lv_textarea_set_accepted_chars
                0x038254e0                lv_textarea_set_max_length
                0x038254e8                lv_textarea_set_insert_replace
                0x038254f8                lv_textarea_set_text_selection
                0x03825514                lv_textarea_set_password_show_time
                0x0382551c                lv_textarea_set_align
                0x03825568                lv_textarea_get_label
                0x03825570                lv_textarea_get_text
                0x03825588                lv_textarea_get_placeholder_text
                0x038255a0                lv_textarea_get_cursor_click_pos
                0x038255ac                lv_textarea_get_password_mode
                0x038255b8                lv_textarea_get_one_line
                0x038255c4                lv_textarea_text_is_selected
                0x03825600                lv_textarea_get_text_selection
                0x0382560c                lv_textarea_get_password_show_time
                0x03825614                lv_textarea_cursor_right
                0x03825620                lv_textarea_cursor_left
                0x03825634                lv_textarea_cursor_down
                0x038256d4                lv_textarea_cursor_up
 .text          0x0382584c     0x175c build/include/lvgl/src/widgets/lv_dropdown.o
                0x038261b4                lv_dropdown_create
                0x038261dc                lv_dropdown_set_text
                0x038261f0                lv_dropdown_set_options
                0x038262cc                lv_dropdown_set_options_static
                0x03826378                lv_dropdown_add_option
                0x03826588                lv_dropdown_clear_options
                0x038265e8                lv_dropdown_set_selected
                0x0382660c                lv_dropdown_set_dir
                0x03826630                lv_dropdown_set_symbol
                0x03826638                lv_dropdown_set_selected_highlight
                0x0382665c                lv_dropdown_get_list
                0x03826664                lv_dropdown_get_text
                0x0382666c                lv_dropdown_get_options
                0x03826684                lv_dropdown_get_selected
                0x0382668c                lv_dropdown_get_option_cnt
                0x03826694                lv_dropdown_get_selected_str
                0x0382677c                lv_dropdown_get_symbol
                0x03826784                lv_dropdown_get_selected_highlight
                0x03826790                lv_dropdown_get_dir
                0x0382679c                lv_dropdown_open
                0x03826b8c                lv_dropdown_close
                0x03826bc8                lv_dropdown_is_open
 .text          0x03826fa8     0x1340 build/include/lvgl/src/widgets/lv_img.o
                0x03827a94                lv_img_create
                0x03827abc                lv_img_set_src
                0x03827cb8                lv_img_set_offset_x
                0x03827ce4                lv_img_set_offset_y
                0x03827d10                lv_img_set_angle
                0x03827e98                lv_img_set_pivot
                0x03828024                lv_img_set_zoom
                0x038281bc                lv_img_set_antialias
                0x038281dc                lv_img_set_size_mode
                0x03828204                lv_img_get_src
                0x0382820c                lv_img_get_offset_x
                0x03828214                lv_img_get_offset_y
                0x0382821c                lv_img_get_angle
                0x03828224                lv_img_get_pivot
                0x03828238                lv_img_get_zoom
                0x03828240                lv_img_get_antialias
                0x0382824c                lv_img_get_size_mode
 .text          0x038282e8     0x1120 build/include/lvgl/src/widgets/lv_roller.o
                0x03828c44                lv_roller_create
                0x03828c6c                lv_roller_set_options
                0x03828e7c                lv_roller_set_selected
                0x038290ec                lv_roller_set_visible_row_count
                0x03829150                lv_roller_get_selected
                0x0382919c                lv_roller_get_selected_str
                0x03829264                lv_roller_get_options
                0x0382927c                lv_roller_get_option_cnt
 .text          0x03829408      0xc3c build/include/lvgl/src/widgets/lv_slider.o
                0x03829ee0                lv_slider_create
                0x03829f08                lv_slider_is_dragged
 .text          0x0382a044       0x50 build/include/lvgl/src/widgets/lv_btn.o
                0x0382a06c                lv_btn_create
 .text          0x0382a094      0x448 build/include/lvgl/src/widgets/lv_switch.o
                0x0382a49c                lv_switch_create
 .text          0x0382a4dc     0x109c build/include/lvgl/src/draw/sw/lv_draw_sw_arc.o
                0x0382a4dc                lv_draw_sw_arc
 .text          0x0382b578     0x2a50 build/include/lvgl/src/draw/sw/lv_draw_sw_rect.o
                0x0382b578                lv_draw_sw_rect
                0x0382d3c4                lv_draw_sw_bg
                0x0382d3f0                draw_border_generic
 .text          0x0382dfc8     0x1b04 build/include/lvgl/src/draw/sw/lv_draw_sw_blend.o
                0x0382dfc8                lv_draw_sw_blend
                0x0382e02c                lv_draw_sw_blend_basic
 .text          0x0382facc      0x454 build/include/lvgl/src/draw/sw/lv_draw_sw_polygon.o
                0x0382facc                lv_draw_sw_polygon
 .text          0x0382ff20      0x14c build/include/lvgl/src/draw/sw/lv_draw_sw.o
                0x0382ff20                lv_draw_sw_init_ctx
                0x0382ffb4                lv_draw_sw_wait_for_finish
                0x0382ffb8                lv_draw_sw_buffer_copy
                0x03830060                lv_draw_sw_deinit_ctx
 .text          0x0383006c      0x564 build/include/lvgl/src/draw/sw/lv_draw_sw_gradient.o
                0x0383006c                lv_gradient_free_cache
                0x038300a8                lv_gradient_set_cache_size
                0x03830100                lv_gradient_get
                0x038303f0                lv_gradient_calculate
                0x03830528                lv_gradient_cleanup
 .text          0x038305d0      0x5c0 build/include/lvgl/src/draw/sw/lv_draw_sw_letter.o
                0x038305d0                lv_draw_sw_letter
 .text          0x03830b90      0xb34 build/include/lvgl/src/draw/sw/lv_draw_sw_line.o
                0x03830b90                lv_draw_sw_line
 .text          0x038316c4      0x834 build/include/lvgl/src/draw/sw/lv_draw_sw_img.o
                0x038316c4                lv_draw_sw_img_decoded
 .text          0x03831ef8     0x1304 build/include/lvgl/src/extra/layouts/flex/lv_flex.o
                0x03831ef8                lv_flex_init
                0x03832514                lv_obj_set_flex_flow
                0x03832558                lv_obj_set_style_flex_flow
                0x03832570                lv_obj_set_flex_align
                0x038325f4                lv_obj_set_style_flex_main_place
                0x0383260c                lv_obj_set_style_flex_cross_place
                0x03832624                lv_obj_set_style_flex_track_place
                0x0383263c                lv_obj_set_flex_grow
                0x03832674                lv_obj_set_style_flex_grow
                0x0383268c                lv_style_set_flex_flow
                0x038326a0                lv_style_set_flex_main_place
                0x038326b4                lv_style_set_flex_cross_place
                0x038326c8                lv_style_set_flex_track_place
                0x038326dc                lv_style_set_flex_grow
 .text          0x038331fc     0x1388 build/include/lvgl/src/extra/layouts/grid/lv_grid.o
                0x038331fc                lv_grid_init
                0x03834068                lv_obj_set_grid_dsc_array
                0x038340cc                lv_obj_set_style_grid_column_dsc_array
                0x038340e4                lv_obj_set_style_grid_row_dsc_array
                0x038340fc                lv_obj_set_grid_align
                0x03834148                lv_obj_set_style_grid_column_align
                0x03834160                lv_obj_set_style_grid_row_align
                0x03834178                lv_obj_set_grid_cell
                0x03834240                lv_obj_set_style_grid_cell_column_pos
                0x03834258                lv_obj_set_style_grid_cell_row_pos
                0x03834270                lv_obj_set_style_grid_cell_x_align
                0x03834288                lv_obj_set_style_grid_cell_column_span
                0x038342a0                lv_obj_set_style_grid_cell_row_span
                0x038342b8                lv_obj_set_style_grid_cell_y_align
                0x038342d0                lv_style_set_grid_row_dsc_array
                0x038342e4                lv_style_set_grid_column_dsc_array
                0x038342f8                lv_style_set_grid_row_align
                0x0383430c                lv_style_set_grid_column_align
                0x03834320                lv_style_set_grid_cell_column_pos
                0x03834334                lv_style_set_grid_cell_column_span
                0x03834348                lv_style_set_grid_cell_row_pos
                0x0383435c                lv_style_set_grid_cell_row_span
                0x03834370                lv_style_set_grid_cell_x_align
                0x03834384                lv_style_set_grid_cell_y_align
 .text          0x03834584     0x5dec build/include/lvgl/src/extra/themes/default/lv_theme_default.o
                0x03834584                lv_theme_default_init
                0x0383467c                lv_theme_default_is_inited
                0x0383a298                lv_theme_default_get
 .text          0x0383a370      0x1f0 build/include/lvgl/src/extra/widgets/calendar/lv_calendar_header_dropdown.o
                0x0383a444                lv_calendar_header_dropdown_create
 .text          0x0383a560      0x27c build/include/lvgl/src/extra/widgets/calendar/lv_calendar_header_arrow.o
                0x0383a6b0                lv_calendar_header_arrow_create
 .text          0x0383a7dc      0x8b0 build/include/lvgl/src/extra/widgets/calendar/lv_calendar.o
                0x0383a914                lv_calendar_create
                0x0383a93c                lv_calendar_set_day_names
                0x0383a95c                lv_calendar_set_today_date
                0x0383aabc                lv_calendar_set_highlighted_dates
                0x0383aad4                lv_calendar_set_showed_date
                0x0383aec0                lv_calendar_get_btnmatrix
                0x0383aec8                lv_calendar_get_today_date
                0x0383aed0                lv_calendar_get_showed_date
                0x0383aed8                lv_calendar_get_highlighted_dates
                0x0383aee0                lv_calendar_get_highlighted_dates_num
                0x0383aee8                lv_calendar_get_pressed_date
 *fill*         0x0383b08c        0x4 
 .text          0x0383b090     0x37bc build/include/lvgl/src/extra/widgets/chart/lv_chart.o
                0x0383ce90                lv_chart_create
                0x0383ceb8                lv_chart_set_type
                0x0383cf98                lv_chart_refresh
                0x0383cf9c                lv_chart_set_point_count
                0x0383d1bc                lv_chart_set_range
                0x0383d21c                lv_chart_set_update_mode
                0x0383d240                lv_chart_set_div_line_count
                0x0383d264                lv_chart_set_zoom_x
                0x0383d2a0                lv_chart_set_zoom_y
                0x0383d2dc                lv_chart_get_zoom_x
                0x0383d2e4                lv_chart_get_zoom_y
                0x0383d2ec                lv_chart_set_axis_tick
                0x0383d388                get_tick_gsc
                0x0383d3d4                lv_chart_get_type
                0x0383d3e0                lv_chart_get_point_count
                0x0383d3e8                lv_chart_get_x_start_point
                0x0383d3f8                lv_chart_get_point_pos_by_id
                0x0383d6a4                lv_chart_add_series
                0x0383d79c                lv_chart_remove_series
                0x0383d7ec                lv_chart_hide_series
                0x0383d80c                lv_chart_set_series_color
                0x0383d820                lv_chart_set_x_start_point
                0x0383d83c                lv_chart_get_series_next
                0x0383d850                lv_chart_add_cursor
                0x0383d8a0                lv_chart_set_cursor_pos
                0x0383d8cc                lv_chart_set_cursor_point
                0x0383d91c                lv_chart_get_cursor_point
                0x0383d92c                lv_chart_set_all_value
                0x0383d978                lv_chart_set_next_value
                0x0383dc38                lv_chart_set_next_value2
                0x0383dca4                lv_chart_set_value_by_id
                0x0383dcd0                lv_chart_set_value_by_id2
                0x0383dd2c                lv_chart_set_ext_y_array
                0x0383dd84                lv_chart_set_ext_x_array
                0x0383dddc                lv_chart_get_y_array
                0x0383ddec                lv_chart_get_x_array
                0x0383ddfc                lv_chart_get_pressed_point
 .text          0x0383e84c     0x102c build/include/lvgl/src/extra/widgets/colorwheel/lv_colorwheel.o
                0x0383f454                lv_colorwheel_create
                0x0383f48c                lv_colorwheel_set_hsv
                0x0383f62c                lv_colorwheel_set_rgb
                0x0383f65c                lv_colorwheel_set_mode
                0x0383f690                lv_colorwheel_set_mode_fixed
                0x0383f6a4                lv_colorwheel_get_hsv
                0x0383f6ac                lv_colorwheel_get_rgb
                0x0383f6bc                lv_colorwheel_get_color_mode
                0x0383f6c8                lv_colorwheel_get_color_mode_fixed
 .text          0x0383f878      0x584 build/include/lvgl/src/extra/widgets/keyboard/lv_keyboard.o
                0x0383f908                lv_keyboard_create
                0x0383f930                lv_keyboard_set_textarea
                0x0383f978                lv_keyboard_set_mode
                0x0383f9b4                lv_keyboard_set_popovers
                0x0383fa84                lv_keyboard_set_map
                0x0383fac4                lv_keyboard_get_textarea
                0x0383facc                lv_keyboard_get_mode
                0x0383fad4                lv_btnmatrix_get_popovers
                0x0383fae0                lv_keyboard_def_event_cb
 .text          0x0383fdfc      0x540 build/include/lvgl/src/extra/widgets/led/lv_led.o
                0x038402a0                lv_led_create
                0x038402c8                lv_led_set_color
                0x038402d0                lv_led_set_brightness
                0x038402ec                lv_led_on
                0x03840304                lv_led_off
                0x0384031c                lv_led_toggle
                0x03840334                lv_led_get_brightness
 .text          0x0384033c      0xc8c build/include/lvgl/src/extra/widgets/menu/lv_menu.o
                0x038405dc                lv_menu_create
                0x03840604                lv_menu_page_create
                0x0384066c                lv_menu_cont_create
                0x03840694                lv_menu_section_create
                0x038406bc                lv_menu_separator_create
                0x038406e4                lv_menu_set_page
                0x03840844                lv_menu_clear_history
                0x03840920                lv_menu_set_sidebar_page
                0x03840cc8                lv_menu_set_mode_header
                0x03840d18                lv_menu_set_mode_root_back_btn
                0x03840d3c                lv_menu_set_load_page_event
                0x03840ecc                lv_menu_get_cur_main_page
                0x03840ed4                lv_menu_get_cur_sidebar_page
                0x03840edc                lv_menu_get_main_header
                0x03840ee4                lv_menu_get_main_header_back_btn
                0x03840eec                lv_menu_get_sidebar_header
                0x03840ef4                lv_menu_get_sidebar_header_back_btn
                0x03840efc                lv_menu_back_btn_is_root
 .text          0x03840fc8     0x1484 build/include/lvgl/src/extra/widgets/meter/lv_meter.o
                0x03841cc4                lv_meter_create
                0x03841cec                lv_meter_add_scale
                0x03841d54                lv_meter_set_scale_ticks
                0x03841d7c                lv_meter_set_scale_major_ticks
                0x03841dac                lv_meter_set_scale_range
                0x03841dd4                lv_meter_add_needle_line
                0x03841e38                lv_meter_add_needle_img
                0x03841e9c                lv_meter_add_arc
                0x03841f00                lv_meter_add_scale_lines
                0x03841f80                lv_meter_set_indicator_value
                0x0384236c                lv_meter_set_indicator_start_value
                0x038423dc                lv_meter_set_indicator_end_value
 *fill*         0x0384244c        0x4 
 .text          0x03842450      0x72c build/include/lvgl/src/extra/widgets/spinbox/lv_spinbox.o
                0x0384271c                lv_spinbox_create
                0x03842744                lv_spinbox_set_value
                0x03842904                lv_spinbox_set_rollover
                0x0384291c                lv_spinbox_set_digit_format
                0x03842994                lv_spinbox_set_step
                0x0384299c                lv_spinbox_set_range
                0x038429d0                lv_spinbox_set_pos
                0x03842a34                lv_spinbox_set_digit_step_direction
                0x03842a50                lv_spinbox_get_value
                0x03842a58                lv_spinbox_get_step
                0x03842a60                lv_spinbox_step_next
                0x03842a88                lv_spinbox_step_prev
                0x03842ab8                lv_spinbox_get_rollover
                0x03842ac4                lv_spinbox_increment
                0x03842b20                lv_spinbox_decrement
 .text          0x03842b7c      0x120 build/include/lvgl/src/extra/widgets/spinner/lv_spinner.o
                0x03842c48                lv_spinner_create
 .text          0x03842c9c      0x77c build/include/lvgl/src/extra/widgets/tabview/lv_tabview.o
                0x03842f90                lv_tabview_create
                0x03842fd4                lv_tabview_add_tab
                0x038431d0                lv_tabview_get_content
                0x038431d8                lv_tabview_get_tab_btns
                0x038431e0                lv_tabview_set_act
                0x038432d8                lv_tabview_get_tab_act
 .text          0x03843418      0x3a4 build/include/lvgl/src/extra/widgets/tileview/lv_tileview.o
                0x03843514                lv_tileview_create
                0x0384353c                lv_tileview_add_tile
                0x0384358c                lv_obj_set_tile
                0x038435e0                lv_obj_set_tile_id
                0x038436a0                lv_tileview_get_tile_act
 .text          0x038437bc      0x194 build/include/lvgl/src/extra/widgets/win/lv_win.o
                0x03843868                lv_win_create
                0x038438a0                lv_win_add_title
                0x038438e4                lv_win_get_header
                0x038438ec                lv_win_add_btn
                0x03843948                lv_win_get_content
 .text          0x03843950       0x3a C:\Program Files (x86)\VEX Robotics\VEXcode Pro V5\sdk/vexv5/gcc/libs\libc.a(lib_a-aeabi_memmove-soft.o)
                0x03843950                __aeabi_memmove8
                0x03843950                __aeabi_memmove4
                0x03843950                __aeabi_memmove
 .text          0x0384398a       0x9a C:\Program Files (x86)\VEX Robotics\VEXcode Pro V5\sdk/vexv5/gcc/libs\libc.a(lib_a-aeabi_memset-soft.o)
                0x0384398a                __aeabi_memset8
                0x0384398a                __aeabi_memset
                0x0384398a                __aeabi_memset4
 *(.text.*)
 *fill*         0x03843a24        0x4 
 .text._Z13windowsLoaderv
                0x03843a28      0x2f0 build/src/main.o
                0x03843a28                windowsLoader()
 .text._Z1si    0x03843d18        0x4 build/src/main.o
                0x03843d18                s(int)
 .text._ZlsRSoR7PVector
                0x03843d1c       0x6c build/src/main.o
                0x03843d1c                operator<<(std::ostream&, PVector&)
 .text._Z5toCcpd
                0x03843d88      0x260 build/src/main.o
                0x03843d88                toCcp(double)
 .text._ZNSt6vectorIP7PotDialSaIS1_EED2Ev
                0x03843fe8       0x24 build/src/main.o
                0x03843fe8                std::vector<PotDial*, std::allocator<PotDial*> >::~vector()
 .text._ZNSt3mapISt6vectorIiSaIiEESt8functionIFvvEESt4lessIS2_ESaISt4pairIKS2_S5_EEED2Ev
                0x0384400c       0x1c build/src/main.o
                0x0384400c                std::map<std::vector<int, std::allocator<int> >, std::function<void ()>, std::less<std::vector<int, std::allocator<int> > >, std::allocator<std::pair<std::vector<int, std::allocator<int> > const, std::function<void ()> > > >::~map()
 .text._ZNSt6vectorIPN3vex6threadESaIS2_EED2Ev
                0x03844028       0x24 build/src/main.o
                0x03844028                std::vector<vex::thread*, std::allocator<vex::thread*> >::~vector()
 .text._ZN3vex11motor_groupC2IJNS_5motorES2_EEERS2_DpRT_
                0x0384404c       0x44 build/src/main.o
                0x0384404c                vex::motor_group::motor_group<vex::motor, vex::motor>(vex::motor&, vex::motor&, vex::motor&)
 .text._ZN8NewMotorIN3vex5motorEED2Ev
                0x03844090       0x24 build/src/main.o
                0x03844090                NewMotor<vex::motor>::~NewMotor()
 .text._ZN11LineCounterC2ERN3vex7triport4portE
                0x038440b4       0x90 build/src/main.o
                0x038440b4                LineCounter::LineCounter(vex::triport::port&)
 .text._ZNSt6vectorI3RefIN3vex7triport4portEESaIS4_EED2Ev
                0x03844144       0x24 build/src/main.o
                0x03844144                std::vector<Ref<vex::triport::port>, std::allocator<Ref<vex::triport::port> > >::~vector()
 .text._ZNSt6vectorI3RefIN3vex7triport4portEESaIS4_EEC2ERKS6_
                0x03844168       0x6c build/src/main.o
                0x03844168                std::vector<Ref<vex::triport::port>, std::allocator<Ref<vex::triport::port> > >::vector(std::vector<Ref<vex::triport::port>, std::allocator<Ref<vex::triport::port> > > const&)
 .text._ZNSt6vectorIdSaIdEEC2ESt16initializer_listIdERKS0_
                0x038441d4       0x58 build/src/main.o
                0x038441d4                std::vector<double, std::allocator<double> >::vector(std::initializer_list<double>, std::allocator<double> const&)
 .text._ZN10PositionerC2ESt6vectorI3RefIN3vex7triport4portEESaIS5_EES7_S0_IdSaIdEES9_S9_S9_ddd
                0x0384422c      0x30c build/src/main.o
                0x0384422c                Positioner::Positioner(std::vector<Ref<vex::triport::port>, std::allocator<Ref<vex::triport::port> > >, std::vector<Ref<vex::triport::port>, std::allocator<Ref<vex::triport::port> > >, std::vector<double, std::allocator<double> >, std::vector<double, std::allocator<double> >, std::vector<double, std::allocator<double> >, std::vector<double, std::allocator<double> >, double, double, double)
 .text._ZN10PositionerD2Ev
                0x03844538       0x94 build/src/main.o
                0x03844538                Positioner::~Positioner()
 .text._ZN9GPS_ShareD2Ev
                0x038445cc       0x3c build/src/main.o
                0x038445cc                GPS_Share::~GPS_Share()
 .text._ZN16Omni_6ControllerC2ERN3vex5motorES2_S2_S2_S2_S2_R9GPS_Share
                0x03844608      0x120 build/src/main.o
                0x03844608                Omni_6Controller::Omni_6Controller(vex::motor&, vex::motor&, vex::motor&, vex::motor&, vex::motor&, vex::motor&, GPS_Share&)
 .text._ZN20BasicWheelControllerD2Ev
                0x03844728       0xc4 build/src/main.o
                0x03844728                BasicWheelController::~BasicWheelController()
 .text._ZNSt10_List_baseISt8functionIFvvEESaIS2_EED2Ev
                0x038447ec       0x18 build/src/main.o
                0x038447ec                std::_List_base<std::function<void ()>, std::allocator<std::function<void ()> > >::~_List_base()
 *fill*         0x03844804        0x4 
 .text._Z14updateBotAngleb
                0x03844808      0x258 build/src/main.o
                0x03844808                updateBotAngle(bool)
 .text._Z9microWaitj
                0x03844a60       0x5c build/src/main.o
                0x03844a60                microWait(unsigned int)
 .text._Z14executeThreadsv
                0x03844abc       0x64 build/src/main.o
                0x03844abc                executeThreads()
 .text._Z14updateSharePosv
                0x03844b20       0x48 build/src/main.o
                0x03844b20                updateSharePos()
 .text._ZN9GPS_Share6updateEv
                0x03844b68      0x190 build/src/main.o
                0x03844b68                GPS_Share::update()
 .text._ZNSt6vectorIP5AutonSaIS1_EED2Ev
                0x03844cf8       0x24 build/src/main.o
                0x03844cf8                std::vector<Auton*, std::allocator<Auton*> >::~vector()
 .text._ZNSt6vectorIP6ButtonSaIS1_EED2Ev
                0x03844d1c       0x24 build/src/main.o
                0x03844d1c                std::vector<Button*, std::allocator<Button*> >::~vector()
 .text._ZN6ButtonD2Ev
                0x03844d40       0x1c build/src/main.o
                0x03844d40                Button::~Button()
 .text._ZN5AutonC2ESsSt8functionIFvvEE
                0x03844d5c       0xd8 build/src/main.o
                0x03844d5c                Auton::Auton(std::string, std::function<void ()>)
 .text._ZplPKcSt8functionIFvvEE
                0x03844e34       0xc0 build/src/main.o
                0x03844e34                operator+(char const*, std::function<void ()>)
 .text._ZN15BasicLinkedListIN3bos5BosFnERS1_PS1_S1_ED2Ev
                0x03844ef4       0x28 build/src/main.o
                0x03844ef4                BasicLinkedList<bos::BosFn, bos::BosFn&, bos::BosFn*, bos::BosFn>::~BasicLinkedList()
 .text._ZN5AutonD2Ev
                0x03844f1c       0x44 build/src/main.o
                0x03844f1c                Auton::~Auton()
 .text._Z9autonInitv
                0x03844f60       0xf4 build/src/main.o
                0x03844f60                autonInit()
 .text._Z10autonomousv
                0x03845054       0xa0 build/src/main.o
                0x03845054                autonomous()
 .text._ZN5Auton9callAutonEv
                0x038450f4      0x12c build/src/main.o
                0x038450f4                Auton::callAuton()
 .text._Z13drivercontrolv
                0x03845220      0x258 build/src/main.o
                0x03845220                drivercontrol()
 .text._ZN10KillThread7killAllEv
                0x03845478       0xc8 build/src/main.o
                0x03845478                KillThread::killAll()
 .text._ZN11ButtonLatch8pressingEv
                0x03845540       0x68 build/src/main.o
                0x03845540                ButtonLatch::pressing()
 .text._Z9printVarsv
                0x038455a8      0x740 build/src/main.o
                0x038455a8                printVars()
 .text._Z11displayTiltv
                0x03845ce8       0xf8 build/src/main.o
                0x03845ce8                displayTilt()
 .text._Z8drawPathv
                0x03845de0      0x108 build/src/main.o
                0x03845de0                drawPath()
 .text._Z7brainOSv
                0x03845ee8      0x5f8 build/src/main.o
                0x03845ee8                brainOS()
 .text._ZN5Auton11selectAutonEv
                0x038464e0      0x378 build/src/main.o
                0x038464e0                Auton::selectAuton()
 .text._ZN3bos5BosFn4callEv
                0x03846858       0x50 build/src/main.o
                0x03846858                bos::BosFn::call()
 .text._ZN15BasicLinkedListIN3bos5BosFnERS1_PS1_S1_E10popCurrentEv
                0x038468a8      0x14c build/src/main.o
                0x038468a8                BasicLinkedList<bos::BosFn, bos::BosFn&, bos::BosFn*, bos::BosFn>::popCurrent()
 .text._ZN6Button4drawEPKc
                0x038469f4       0x80 build/src/main.o
                0x038469f4                Button::draw(char const*)
 .text._ZN6Button7clickedEv
                0x03846a74       0xcc build/src/main.o
                0x03846a74                Button::clicked()
 .text.main     0x03846b40       0xfc build/src/main.o
                0x03846b40                main
 .text.__cxx_global_var_init.77
                0x03846c3c       0x50 build/src/main.o
 .text.__cxx_global_var_init.78
                0x03846c8c       0x60 build/src/main.o
 .text._ZN15BasicLinkedListIN3bos5BosFnERS1_PS1_S1_E8ListNodeD2Ev
                0x03846cec       0x4c build/src/main.o
                0x03846cec                BasicLinkedList<bos::BosFn, bos::BosFn&, bos::BosFn*, bos::BosFn>::ListNode::~ListNode()
 .text._ZNSt8_Rb_treeISt6vectorIiSaIiEESt4pairIKS2_St8functionIFvvEEESt10_Select1stIS8_ESt4lessIS2_ESaIS8_EE8_M_eraseEPSt13_Rb_tree_nodeIS8_E
                0x03846d38       0x6c build/src/main.o
                0x03846d38                std::_Rb_tree<std::vector<int, std::allocator<int> >, std::pair<std::vector<int, std::allocator<int> > const, std::function<void ()> >, std::_Select1st<std::pair<std::vector<int, std::allocator<int> > const, std::function<void ()> > >, std::less<std::vector<int, std::allocator<int> > >, std::allocator<std::pair<std::vector<int, std::allocator<int> > const, std::function<void ()> > > >::_M_erase(std::_Rb_tree_node<std::pair<std::vector<int, std::allocator<int> > const, std::function<void ()> > >*)
 .text._ZNSt6vectorIP11LineCounterSaIS1_EE19_M_emplace_back_auxIJS1_EEEvDpOT_
                0x03846da4       0x8c build/src/main.o
                0x03846da4                void std::vector<LineCounter*, std::allocator<LineCounter*> >::_M_emplace_back_aux<LineCounter*>(LineCounter*&&)
 .text._ZNKSt6vectorIP11LineCounterSaIS1_EE12_M_check_lenEjPKc
                0x03846e30       0x54 build/src/main.o
                0x03846e30                std::vector<LineCounter*, std::allocator<LineCounter*> >::_M_check_len(unsigned int, char const*) const
 .text._ZNSt12_Vector_baseIP11LineCounterSaIS1_EE11_M_allocateEj
                0x03846e84       0x30 build/src/main.o
                0x03846e84                std::_Vector_base<LineCounter*, std::allocator<LineCounter*> >::_M_allocate(unsigned int)
 .text._ZNSt6vectorIdSaIdEEC2ERKS1_
                0x03846eb4       0x78 build/src/main.o
                0x03846eb4                std::vector<double, std::allocator<double> >::vector(std::vector<double, std::allocator<double> > const&)
 .text._ZN10PositionerC2ESt6vectorIdSaIdEES2_S2_S2_ddd
                0x03846f2c       0x90 build/src/main.o
                0x03846f2c                Positioner::Positioner(std::vector<double, std::allocator<double> >, std::vector<double, std::allocator<double> >, std::vector<double, std::allocator<double> >, std::vector<double, std::allocator<double> >, double, double, double)
 .text._ZNSt12_Vector_baseIdSaIdEE11_M_allocateEj
                0x03846fbc       0x30 build/src/main.o
                0x03846fbc                std::_Vector_base<double, std::allocator<double> >::_M_allocate(unsigned int)
 .text._ZNSt6vectorIdSaIdEEaSERKS1_
                0x03846fec      0x104 build/src/main.o
                0x03846fec                std::vector<double, std::allocator<double> >::operator=(std::vector<double, std::allocator<double> > const&)
 .text._ZNSt6vectorIPN3vex7encoderESaIS2_EE19_M_emplace_back_auxIJS2_EEEvDpOT_
                0x038470f0       0x8c build/src/main.o
                0x038470f0                void std::vector<vex::encoder*, std::allocator<vex::encoder*> >::_M_emplace_back_aux<vex::encoder*>(vex::encoder*&&)
 .text._ZNKSt6vectorIPN3vex7encoderESaIS2_EE12_M_check_lenEjPKc
                0x0384717c       0x54 build/src/main.o
                0x0384717c                std::vector<vex::encoder*, std::allocator<vex::encoder*> >::_M_check_len(unsigned int, char const*) const
 .text._ZNSt12_Vector_baseIPN3vex7encoderESaIS2_EE11_M_allocateEj
                0x038471d0       0x30 build/src/main.o
                0x038471d0                std::_Vector_base<vex::encoder*, std::allocator<vex::encoder*> >::_M_allocate(unsigned int)
 .text._ZNSt6vectorIdSaIdEE19_M_emplace_back_auxIJdEEEvDpOT_
                0x03847200       0x80 build/src/main.o
                0x03847200                void std::vector<double, std::allocator<double> >::_M_emplace_back_aux<double>(double&&)
 .text._ZNKSt6vectorIdSaIdEE12_M_check_lenEjPKc
                0x03847280       0x54 build/src/main.o
                0x03847280                std::vector<double, std::allocator<double> >::_M_check_len(unsigned int, char const*) const
 .text._ZN15BasicLinkedListI10FieldCoordRS0_PS0_S0_E10destructorEv
                0x038472d4       0x70 build/src/main.o
                0x038472d4                BasicLinkedList<FieldCoord, FieldCoord&, FieldCoord*, FieldCoord>::destructor()
 .text._ZN15BasicLinkedListI10FieldCoordRS0_PS0_S0_E7popBaseEv
                0x03847344       0x88 build/src/main.o
                0x03847344                BasicLinkedList<FieldCoord, FieldCoord&, FieldCoord*, FieldCoord>::popBase()
 .text._ZN20BasicWheelControllerC2ESt6vectorI3RefIN3vex5motorEESaIS4_EES6_R9GPS_Share
                0x038473cc      0x40c build/src/main.o
                0x038473cc                BasicWheelController::BasicWheelController(std::vector<Ref<vex::motor>, std::allocator<Ref<vex::motor> > >, std::vector<Ref<vex::motor>, std::allocator<Ref<vex::motor> > >, GPS_Share&)
 .text._ZNSt12_Vector_baseI3RefIN3vex5motorEESaIS3_EE11_M_allocateEj
                0x038477d8       0x30 build/src/main.o
                0x038477d8                std::_Vector_base<Ref<vex::motor>, std::allocator<Ref<vex::motor> > >::_M_allocate(unsigned int)
 .text._ZN8NewMotorIN3vex5motorEEC2Ev
                0x03847808       0x50 build/src/main.o
                0x03847808                NewMotor<vex::motor>::NewMotor()
 .text._ZN8NewMotorIN3vex5motorEEaSI3RefIS1_EEERS2_RSt6vectorIT_SaIS8_EE
                0x03847858       0x88 build/src/main.o
                0x03847858                NewMotor<vex::motor>& NewMotor<vex::motor>::operator=<Ref<vex::motor> >(std::vector<Ref<vex::motor>, std::allocator<Ref<vex::motor> > >&)
 .text._ZNSt17_Function_handlerIFvvEN20BasicWheelController9afterTurnMUlvE_EE9_M_invokeERKSt9_Any_data
                0x038478e0        0x4 build/src/main.o
                0x038478e0                std::_Function_handler<void (), BasicWheelController::afterTurn::{lambda()#1}>::_M_invoke(std::_Any_data const&)
 .text._ZNSt14_Function_base13_Base_managerIN20BasicWheelController9afterTurnMUlvE_EE10_M_managerERSt9_Any_dataRKS4_St18_Manager_operation
                0x038478e4       0x54 build/src/main.o
                0x038478e4                std::_Function_base::_Base_manager<BasicWheelController::afterTurn::{lambda()#1}>::_M_manager(std::_Any_data&, BasicWheelController::afterTurn::{lambda()#1} const&, std::_Manager_operation)
 .text._ZNSt6vectorIPN3vex5motorESaIS2_EE14_M_move_assignEOS4_St17integral_constantIbLb1EE
                0x03847938       0x5c build/src/main.o
                0x03847938                std::vector<vex::motor*, std::allocator<vex::motor*> >::_M_move_assign(std::vector<vex::motor*, std::allocator<vex::motor*> >&&, std::integral_constant<bool, true>)
 .text._ZNSt6vectorIPN3vex5motorESaIS2_EE19_M_emplace_back_auxIJS2_EEEvDpOT_
                0x03847994       0x8c build/src/main.o
                0x03847994                void std::vector<vex::motor*, std::allocator<vex::motor*> >::_M_emplace_back_aux<vex::motor*>(vex::motor*&&)
 .text._ZNKSt6vectorIPN3vex5motorESaIS2_EE12_M_check_lenEjPKc
                0x03847a20       0x54 build/src/main.o
                0x03847a20                std::vector<vex::motor*, std::allocator<vex::motor*> >::_M_check_len(unsigned int, char const*) const
 .text._ZNSt12_Vector_baseIPN3vex5motorESaIS2_EE11_M_allocateEj
                0x03847a74       0x30 build/src/main.o
                0x03847a74                std::_Vector_base<vex::motor*, std::allocator<vex::motor*> >::_M_allocate(unsigned int)
 .text._ZNSt8_Rb_treeIdSt4pairIKdSt8functionIFvvEEESt10_Select1stIS5_ESt4lessIdESaIS5_EE8_M_eraseEPSt13_Rb_tree_nodeIS5_E
                0x03847aa4       0x5c build/src/main.o
                0x03847aa4                std::_Rb_tree<double, std::pair<double const, std::function<void ()> >, std::_Select1st<std::pair<double const, std::function<void ()> > >, std::less<double>, std::allocator<std::pair<double const, std::function<void ()> > > >::_M_erase(std::_Rb_tree_node<std::pair<double const, std::function<void ()> > >*)
 .text._ZN15BasicLinkedListI8PidAdderRS0_PS0_S0_E10destructorEv
                0x03847b00       0x70 build/src/main.o
                0x03847b00                BasicLinkedList<PidAdder, PidAdder&, PidAdder*, PidAdder>::destructor()
 .text._ZN15BasicLinkedListI8PidAdderRS0_PS0_S0_E7popBaseEv
                0x03847b70       0x88 build/src/main.o
                0x03847b70                BasicLinkedList<PidAdder, PidAdder&, PidAdder*, PidAdder>::popBase()
 .text._ZNSt10_List_baseISt8functionIFvvEESaIS2_EE8_M_clearEv
                0x03847bf8       0x50 build/src/main.o
                0x03847bf8                std::_List_base<std::function<void ()>, std::allocator<std::function<void ()> > >::_M_clear()
 .text._ZN5AutonC2Ev
                0x03847c48       0x90 build/src/main.o
                0x03847c48                Auton::Auton()
 .text._ZNSt6vectorIP5AutonSaIS1_EE19_M_emplace_back_auxIJS1_EEEvDpOT_
                0x03847cd8       0x8c build/src/main.o
                0x03847cd8                void std::vector<Auton*, std::allocator<Auton*> >::_M_emplace_back_aux<Auton*>(Auton*&&)
 .text._ZNKSt6vectorIP5AutonSaIS1_EE12_M_check_lenEjPKc
                0x03847d64       0x54 build/src/main.o
                0x03847d64                std::vector<Auton*, std::allocator<Auton*> >::_M_check_len(unsigned int, char const*) const
 .text._ZNSt12_Vector_baseIP5AutonSaIS1_EE11_M_allocateEj
                0x03847db8       0x30 build/src/main.o
                0x03847db8                std::_Vector_base<Auton*, std::allocator<Auton*> >::_M_allocate(unsigned int)
 .text._ZNSt8functionIFvvEEaSERKS1_
                0x03847de8       0xa4 build/src/main.o
                0x03847de8                std::function<void ()>::operator=(std::function<void ()> const&)
 .text._ZN15BasicLinkedListIN3bos5BosFnERS1_PS1_S1_E10destructorEv
                0x03847e8c       0x70 build/src/main.o